[    0.000000] microcode: updated early: 0x5002f01 -> 0x5003604, date = 2023-03-17
[    0.000000] Linux version 4.18.0-513.18.1.el8_9.x86_64 (mockbuild@iad1-prod-build001.bld.equ.rockylinux.org) (gcc version 8.5.0 20210514 (Red Hat 8.5.0-20) (GCC)) #1 SMP Wed Feb 21 21:34:36 UTC 2024
[    0.000000] Command line: BOOT_IMAGE=(hd0,msdos1)/vmlinuz-4.18.0-513.18.1.el8_9.x86_64 root=/dev/mapper/rl-root ro crashkernel=auto resume=/dev/mapper/rl-swap rd.lvm.lv=rl/root rd.lvm.lv=rl/swap intel_iommu=on iommu=pt default_hugepagesz=1G
[    0.000000] x86/fpu: Supporting XSAVE feature 0x001: 'x87 floating point registers'
[    0.000000] x86/fpu: Supporting XSAVE feature 0x002: 'SSE registers'
[    0.000000] x86/fpu: Supporting XSAVE feature 0x004: 'AVX registers'
[    0.000000] x86/fpu: Supporting XSAVE feature 0x008: 'MPX bounds registers'
[    0.000000] x86/fpu: Supporting XSAVE feature 0x010: 'MPX CSR'
[    0.000000] x86/fpu: Supporting XSAVE feature 0x020: 'AVX-512 opmask'
[    0.000000] x86/fpu: Supporting XSAVE feature 0x040: 'AVX-512 Hi256'
[    0.000000] x86/fpu: Supporting XSAVE feature 0x080: 'AVX-512 ZMM_Hi256'
[    0.000000] x86/fpu: Supporting XSAVE feature 0x200: 'Protection Keys User registers'
[    0.000000] x86/fpu: xstate_offset[2]:  576, xstate_sizes[2]:  256
[    0.000000] x86/fpu: xstate_offset[3]:  832, xstate_sizes[3]:   64
[    0.000000] x86/fpu: xstate_offset[4]:  896, xstate_sizes[4]:   64
[    0.000000] x86/fpu: xstate_offset[5]:  960, xstate_sizes[5]:   64
[    0.000000] x86/fpu: xstate_offset[6]: 1024, xstate_sizes[6]:  512
[    0.000000] x86/fpu: xstate_offset[7]: 1536, xstate_sizes[7]: 1024
[    0.000000] x86/fpu: xstate_offset[9]: 2560, xstate_sizes[9]:    8
[    0.000000] x86/fpu: Enabled xstate features 0x2ff, context size is 2568 bytes, using 'compacted' format.
[    0.000000] signal: max sigframe size: 3632
[    0.000000] BIOS-provided physical RAM map:
[    0.000000] BIOS-e820: [mem 0x0000000000000000-0x000000000009bfff] usable
[    0.000000] BIOS-e820: [mem 0x000000000009c000-0x000000000009ffff] reserved
[    0.000000] BIOS-e820: [mem 0x00000000000e0000-0x00000000000fffff] reserved
[    0.000000] BIOS-e820: [mem 0x0000000000100000-0x000000004ff56fff] usable
[    0.000000] BIOS-e820: [mem 0x000000004ff57000-0x0000000050261fff] reserved
[    0.000000] BIOS-e820: [mem 0x0000000050262000-0x000000005051cfff] usable
[    0.000000] BIOS-e820: [mem 0x000000005051d000-0x000000005064efff] reserved
[    0.000000] BIOS-e820: [mem 0x000000005064f000-0x0000000068bfefff] usable
[    0.000000] BIOS-e820: [mem 0x0000000068bff000-0x000000006ebfefff] reserved
[    0.000000] BIOS-e820: [mem 0x000000006ebff000-0x000000006f9fefff] ACPI NVS
[    0.000000] BIOS-e820: [mem 0x000000006f9ff000-0x000000006fffefff] ACPI data
[    0.000000] BIOS-e820: [mem 0x000000006ffff000-0x000000006fffffff] usable
[    0.000000] BIOS-e820: [mem 0x0000000070000000-0x000000008fffffff] reserved
[    0.000000] BIOS-e820: [mem 0x00000000fd000000-0x00000000fe7fffff] reserved
[    0.000000] BIOS-e820: [mem 0x00000000fec00000-0x00000000fec00fff] reserved
[    0.000000] BIOS-e820: [mem 0x00000000fec80000-0x00000000fed00fff] reserved
[    0.000000] BIOS-e820: [mem 0x00000000fed40000-0x00000000fed44fff] reserved
[    0.000000] BIOS-e820: [mem 0x00000000ff000000-0x00000000ffffffff] reserved
[    0.000000] BIOS-e820: [mem 0x0000000100000000-0x000000603fffffff] usable
[    0.000000] NX (Execute Disable) protection: active
[    0.000000] SMBIOS 3.2 present.
[    0.000000] DMI: Dell Inc. PowerEdge XE2420/0XNP2C, BIOS 1.1.7 05/21/2020
[    0.000000] tsc: Detected 2600.000 MHz processor
[    0.000000] e820: update [mem 0x00000000-0x00000fff] usable ==> reserved
[    0.000000] e820: remove [mem 0x000a0000-0x000fffff] usable
[    0.000000] last_pfn = 0x6040000 max_arch_pfn = 0x400000000
[    0.000000] MTRR default type: uncachable
[    0.000000] MTRR fixed ranges enabled:
[    0.000000]   00000-9FFFF write-back
[    0.000000]   A0000-BFFFF uncachable
[    0.000000]   C0000-FFFFF write-protect
[    0.000000] MTRR variable ranges enabled:
[    0.000000]   0 base 000000000000 mask 3FC000000000 write-back
[    0.000000]   1 base 004000000000 mask 3FE000000000 write-back
[    0.000000]   2 base 006000000000 mask 3FFFC0000000 write-back
[    0.000000]   3 base 000080000000 mask 3FFF80000000 uncachable
[    0.000000]   4 base 000070000000 mask 3FFFFC000000 uncachable
[    0.000000]   5 disabled
[    0.000000]   6 disabled
[    0.000000]   7 disabled
[    0.000000]   8 disabled
[    0.000000]   9 disabled
[    0.000000] x86/PAT: Configuration [0-7]: WB  WC  UC- UC  WB  WP  UC- WT  
[    0.000000] total RAM covered: 392128M
[    0.000000]  gran_size: 64K 	chunk_size: 64K 	num_reg: 10  	lose cover RAM: 257G
[    0.000000]  gran_size: 64K 	chunk_size: 128K 	num_reg: 10  	lose cover RAM: 257G
[    0.000000]  gran_size: 64K 	chunk_size: 256K 	num_reg: 10  	lose cover RAM: 257G
[    0.000000]  gran_size: 64K 	chunk_size: 512K 	num_reg: 10  	lose cover RAM: 257G
[    0.000000]  gran_size: 64K 	chunk_size: 1M 	num_reg: 10  	lose cover RAM: 257G
[    0.000000]  gran_size: 64K 	chunk_size: 2M 	num_reg: 10  	lose cover RAM: 257G
[    0.000000]  gran_size: 64K 	chunk_size: 4M 	num_reg: 10  	lose cover RAM: 257G
[    0.000000]  gran_size: 64K 	chunk_size: 8M 	num_reg: 10  	lose cover RAM: 257G
[    0.000000]  gran_size: 64K 	chunk_size: 16M 	num_reg: 10  	lose cover RAM: 257G
[    0.000000]  gran_size: 64K 	chunk_size: 32M 	num_reg: 10  	lose cover RAM: 257G
[    0.000000]  gran_size: 64K 	chunk_size: 64M 	num_reg: 10  	lose cover RAM: 257G
[    0.000000]  gran_size: 64K 	chunk_size: 128M 	num_reg: 10  	lose cover RAM: 353G
[    0.000000]  gran_size: 64K 	chunk_size: 256M 	num_reg: 10  	lose cover RAM: 353G
[    0.000000]  gran_size: 64K 	chunk_size: 512M 	num_reg: 10  	lose cover RAM: 0G
[    0.000000]  gran_size: 64K 	chunk_size: 1G 	num_reg: 10  	lose cover RAM: 0G
[    0.000000] *BAD*gran_size: 64K 	chunk_size: 2G 	num_reg: 10  	lose cover RAM: -1G
[    0.000000]  gran_size: 128K 	chunk_size: 128K 	num_reg: 10  	lose cover RAM: 257G
[    0.000000]  gran_size: 128K 	chunk_size: 256K 	num_reg: 10  	lose cover RAM: 257G
[    0.000000]  gran_size: 128K 	chunk_size: 512K 	num_reg: 10  	lose cover RAM: 257G
[    0.000000]  gran_size: 128K 	chunk_size: 1M 	num_reg: 10  	lose cover RAM: 257G
[    0.000000]  gran_size: 128K 	chunk_size: 2M 	num_reg: 10  	lose cover RAM: 257G
[    0.000000]  gran_size: 128K 	chunk_size: 4M 	num_reg: 10  	lose cover RAM: 257G
[    0.000000]  gran_size: 128K 	chunk_size: 8M 	num_reg: 10  	lose cover RAM: 257G
[    0.000000]  gran_size: 128K 	chunk_size: 16M 	num_reg: 10  	lose cover RAM: 257G
[    0.000000]  gran_size: 128K 	chunk_size: 32M 	num_reg: 10  	lose cover RAM: 257G
[    0.000000]  gran_size: 128K 	chunk_size: 64M 	num_reg: 10  	lose cover RAM: 257G
[    0.000000]  gran_size: 128K 	chunk_size: 128M 	num_reg: 10  	lose cover RAM: 353G
[    0.000000]  gran_size: 128K 	chunk_size: 256M 	num_reg: 10  	lose cover RAM: 353G
[    0.000000]  gran_size: 128K 	chunk_size: 512M 	num_reg: 10  	lose cover RAM: 0G
[    0.000000]  gran_size: 128K 	chunk_size: 1G 	num_reg: 10  	lose cover RAM: 0G
[    0.000000] *BAD*gran_size: 128K 	chunk_size: 2G 	num_reg: 10  	lose cover RAM: -1G
[    0.000000]  gran_size: 256K 	chunk_size: 256K 	num_reg: 10  	lose cover RAM: 257G
[    0.000000]  gran_size: 256K 	chunk_size: 512K 	num_reg: 10  	lose cover RAM: 257G
[    0.000000]  gran_size: 256K 	chunk_size: 1M 	num_reg: 10  	lose cover RAM: 257G
[    0.000000]  gran_size: 256K 	chunk_size: 2M 	num_reg: 10  	lose cover RAM: 257G
[    0.000000]  gran_size: 256K 	chunk_size: 4M 	num_reg: 10  	lose cover RAM: 257G
[    0.000000]  gran_size: 256K 	chunk_size: 8M 	num_reg: 10  	lose cover RAM: 257G
[    0.000000]  gran_size: 256K 	chunk_size: 16M 	num_reg: 10  	lose cover RAM: 257G
[    0.000000]  gran_size: 256K 	chunk_size: 32M 	num_reg: 10  	lose cover RAM: 257G
[    0.000000]  gran_size: 256K 	chunk_size: 64M 	num_reg: 10  	lose cover RAM: 257G
[    0.000000]  gran_size: 256K 	chunk_size: 128M 	num_reg: 10  	lose cover RAM: 353G
[    0.000000]  gran_size: 256K 	chunk_size: 256M 	num_reg: 10  	lose cover RAM: 353G
[    0.000000]  gran_size: 256K 	chunk_size: 512M 	num_reg: 10  	lose cover RAM: 0G
[    0.000000]  gran_size: 256K 	chunk_size: 1G 	num_reg: 10  	lose cover RAM: 0G
[    0.000000] *BAD*gran_size: 256K 	chunk_size: 2G 	num_reg: 10  	lose cover RAM: -1G
[    0.000000]  gran_size: 512K 	chunk_size: 512K 	num_reg: 10  	lose cover RAM: 257G
[    0.000000]  gran_size: 512K 	chunk_size: 1M 	num_reg: 10  	lose cover RAM: 257G
[    0.000000]  gran_size: 512K 	chunk_size: 2M 	num_reg: 10  	lose cover RAM: 257G
[    0.000000]  gran_size: 512K 	chunk_size: 4M 	num_reg: 10  	lose cover RAM: 257G
[    0.000000]  gran_size: 512K 	chunk_size: 8M 	num_reg: 10  	lose cover RAM: 257G
[    0.000000]  gran_size: 512K 	chunk_size: 16M 	num_reg: 10  	lose cover RAM: 257G
[    0.000000]  gran_size: 512K 	chunk_size: 32M 	num_reg: 10  	lose cover RAM: 257G
[    0.000000]  gran_size: 512K 	chunk_size: 64M 	num_reg: 10  	lose cover RAM: 257G
[    0.000000]  gran_size: 512K 	chunk_size: 128M 	num_reg: 10  	lose cover RAM: 353G
[    0.000000]  gran_size: 512K 	chunk_size: 256M 	num_reg: 10  	lose cover RAM: 353G
[    0.000000]  gran_size: 512K 	chunk_size: 512M 	num_reg: 10  	lose cover RAM: 0G
[    0.000000]  gran_size: 512K 	chunk_size: 1G 	num_reg: 10  	lose cover RAM: 0G
[    0.000000] *BAD*gran_size: 512K 	chunk_size: 2G 	num_reg: 10  	lose cover RAM: -1G
[    0.000000]  gran_size: 1M 	chunk_size: 1M 	num_reg: 10  	lose cover RAM: 257G
[    0.000000]  gran_size: 1M 	chunk_size: 2M 	num_reg: 10  	lose cover RAM: 257G
[    0.000000]  gran_size: 1M 	chunk_size: 4M 	num_reg: 10  	lose cover RAM: 257G
[    0.000000]  gran_size: 1M 	chunk_size: 8M 	num_reg: 10  	lose cover RAM: 257G
[    0.000000]  gran_size: 1M 	chunk_size: 16M 	num_reg: 10  	lose cover RAM: 257G
[    0.000000]  gran_size: 1M 	chunk_size: 32M 	num_reg: 10  	lose cover RAM: 257G
[    0.000000]  gran_size: 1M 	chunk_size: 64M 	num_reg: 10  	lose cover RAM: 257G
[    0.000000]  gran_size: 1M 	chunk_size: 128M 	num_reg: 10  	lose cover RAM: 353G
[    0.000000]  gran_size: 1M 	chunk_size: 256M 	num_reg: 10  	lose cover RAM: 353G
[    0.000000]  gran_size: 1M 	chunk_size: 512M 	num_reg: 10  	lose cover RAM: 0G
[    0.000000]  gran_size: 1M 	chunk_size: 1G 	num_reg: 10  	lose cover RAM: 0G
[    0.000000] *BAD*gran_size: 1M 	chunk_size: 2G 	num_reg: 10  	lose cover RAM: -1G
[    0.000000]  gran_size: 2M 	chunk_size: 2M 	num_reg: 10  	lose cover RAM: 257G
[    0.000000]  gran_size: 2M 	chunk_size: 4M 	num_reg: 10  	lose cover RAM: 257G
[    0.000000]  gran_size: 2M 	chunk_size: 8M 	num_reg: 10  	lose cover RAM: 257G
[    0.000000]  gran_size: 2M 	chunk_size: 16M 	num_reg: 10  	lose cover RAM: 257G
[    0.000000]  gran_size: 2M 	chunk_size: 32M 	num_reg: 10  	lose cover RAM: 257G
[    0.000000]  gran_size: 2M 	chunk_size: 64M 	num_reg: 10  	lose cover RAM: 257G
[    0.000000]  gran_size: 2M 	chunk_size: 128M 	num_reg: 10  	lose cover RAM: 353G
[    0.000000]  gran_size: 2M 	chunk_size: 256M 	num_reg: 10  	lose cover RAM: 353G
[    0.000000]  gran_size: 2M 	chunk_size: 512M 	num_reg: 10  	lose cover RAM: 0G
[    0.000000]  gran_size: 2M 	chunk_size: 1G 	num_reg: 10  	lose cover RAM: 0G
[    0.000000] *BAD*gran_size: 2M 	chunk_size: 2G 	num_reg: 10  	lose cover RAM: -1G
[    0.000000]  gran_size: 4M 	chunk_size: 4M 	num_reg: 10  	lose cover RAM: 257G
[    0.000000]  gran_size: 4M 	chunk_size: 8M 	num_reg: 10  	lose cover RAM: 257G
[    0.000000]  gran_size: 4M 	chunk_size: 16M 	num_reg: 10  	lose cover RAM: 257G
[    0.000000]  gran_size: 4M 	chunk_size: 32M 	num_reg: 10  	lose cover RAM: 257G
[    0.000000]  gran_size: 4M 	chunk_size: 64M 	num_reg: 10  	lose cover RAM: 257G
[    0.000000]  gran_size: 4M 	chunk_size: 128M 	num_reg: 10  	lose cover RAM: 353G
[    0.000000]  gran_size: 4M 	chunk_size: 256M 	num_reg: 10  	lose cover RAM: 353G
[    0.000000]  gran_size: 4M 	chunk_size: 512M 	num_reg: 10  	lose cover RAM: 0G
[    0.000000]  gran_size: 4M 	chunk_size: 1G 	num_reg: 10  	lose cover RAM: 0G
[    0.000000] *BAD*gran_size: 4M 	chunk_size: 2G 	num_reg: 10  	lose cover RAM: -1G
[    0.000000]  gran_size: 8M 	chunk_size: 8M 	num_reg: 10  	lose cover RAM: 257G
[    0.000000]  gran_size: 8M 	chunk_size: 16M 	num_reg: 10  	lose cover RAM: 257G
[    0.000000]  gran_size: 8M 	chunk_size: 32M 	num_reg: 10  	lose cover RAM: 257G
[    0.000000]  gran_size: 8M 	chunk_size: 64M 	num_reg: 10  	lose cover RAM: 257G
[    0.000000]  gran_size: 8M 	chunk_size: 128M 	num_reg: 10  	lose cover RAM: 353G
[    0.000000]  gran_size: 8M 	chunk_size: 256M 	num_reg: 10  	lose cover RAM: 353G
[    0.000000]  gran_size: 8M 	chunk_size: 512M 	num_reg: 10  	lose cover RAM: 0G
[    0.000000]  gran_size: 8M 	chunk_size: 1G 	num_reg: 10  	lose cover RAM: 0G
[    0.000000] *BAD*gran_size: 8M 	chunk_size: 2G 	num_reg: 10  	lose cover RAM: -1G
[    0.000000]  gran_size: 16M 	chunk_size: 16M 	num_reg: 10  	lose cover RAM: 257G
[    0.000000]  gran_size: 16M 	chunk_size: 32M 	num_reg: 10  	lose cover RAM: 257G
[    0.000000]  gran_size: 16M 	chunk_size: 64M 	num_reg: 10  	lose cover RAM: 257G
[    0.000000]  gran_size: 16M 	chunk_size: 128M 	num_reg: 10  	lose cover RAM: 353G
[    0.000000]  gran_size: 16M 	chunk_size: 256M 	num_reg: 10  	lose cover RAM: 353G
[    0.000000]  gran_size: 16M 	chunk_size: 512M 	num_reg: 10  	lose cover RAM: 0G
[    0.000000]  gran_size: 16M 	chunk_size: 1G 	num_reg: 10  	lose cover RAM: 0G
[    0.000000] *BAD*gran_size: 16M 	chunk_size: 2G 	num_reg: 10  	lose cover RAM: -1G
[    0.000000]  gran_size: 32M 	chunk_size: 32M 	num_reg: 10  	lose cover RAM: 257G
[    0.000000]  gran_size: 32M 	chunk_size: 64M 	num_reg: 10  	lose cover RAM: 257G
[    0.000000]  gran_size: 32M 	chunk_size: 128M 	num_reg: 10  	lose cover RAM: 353G
[    0.000000]  gran_size: 32M 	chunk_size: 256M 	num_reg: 10  	lose cover RAM: 353G
[    0.000000]  gran_size: 32M 	chunk_size: 512M 	num_reg: 10  	lose cover RAM: 0G
[    0.000000]  gran_size: 32M 	chunk_size: 1G 	num_reg: 10  	lose cover RAM: 0G
[    0.000000] *BAD*gran_size: 32M 	chunk_size: 2G 	num_reg: 10  	lose cover RAM: -1G
[    0.000000]  gran_size: 64M 	chunk_size: 64M 	num_reg: 10  	lose cover RAM: 257G
[    0.000000]  gran_size: 64M 	chunk_size: 128M 	num_reg: 10  	lose cover RAM: 353G
[    0.000000]  gran_size: 64M 	chunk_size: 256M 	num_reg: 10  	lose cover RAM: 353G
[    0.000000]  gran_size: 64M 	chunk_size: 512M 	num_reg: 10  	lose cover RAM: 0G
[    0.000000]  gran_size: 64M 	chunk_size: 1G 	num_reg: 10  	lose cover RAM: 0G
[    0.000000] *BAD*gran_size: 64M 	chunk_size: 2G 	num_reg: 10  	lose cover RAM: -1G
[    0.000000]  gran_size: 128M 	chunk_size: 128M 	num_reg: 10  	lose cover RAM: 263232M
[    0.000000]  gran_size: 128M 	chunk_size: 256M 	num_reg: 10  	lose cover RAM: 263232M
[    0.000000]  gran_size: 128M 	chunk_size: 512M 	num_reg: 10  	lose cover RAM: 0G
[    0.000000]  gran_size: 128M 	chunk_size: 1G 	num_reg: 10  	lose cover RAM: 0G
[    0.000000] *BAD*gran_size: 128M 	chunk_size: 2G 	num_reg: 10  	lose cover RAM: -1G
[    0.000000]  gran_size: 256M 	chunk_size: 256M 	num_reg: 10  	lose cover RAM: 1216M
[    0.000000]  gran_size: 256M 	chunk_size: 512M 	num_reg: 10  	lose cover RAM: 0G
[    0.000000]  gran_size: 256M 	chunk_size: 1G 	num_reg: 10  	lose cover RAM: 0G
[    0.000000] *BAD*gran_size: 256M 	chunk_size: 2G 	num_reg: 10  	lose cover RAM: -1G
[    0.000000]  gran_size: 512M 	chunk_size: 512M 	num_reg: 10  	lose cover RAM: 448M
[    0.000000]  gran_size: 512M 	chunk_size: 1G 	num_reg: 10  	lose cover RAM: 1280M
[    0.000000]  gran_size: 512M 	chunk_size: 2G 	num_reg: 10  	lose cover RAM: 1280M
[    0.000000]  gran_size: 1G 	chunk_size: 1G 	num_reg: 9  	lose cover RAM: 960M
[    0.000000]  gran_size: 1G 	chunk_size: 2G 	num_reg: 10  	lose cover RAM: 132864M
[    0.000000]  gran_size: 2G 	chunk_size: 2G 	num_reg: 7  	lose cover RAM: 3008M
[    0.000000] mtrr_cleanup: can not find optimal value
[    0.000000] please specify mtrr_gran_size/mtrr_chunk_size
[    0.000000] e820: update [mem 0x70000000-0x73ffffff] usable ==> reserved
[    0.000000] e820: update [mem 0x80000000-0xffffffff] usable ==> reserved
[    0.000000] x2apic: enabled by BIOS, switching to x2apic ops
[    0.000000] last_pfn = 0x70000 max_arch_pfn = 0x400000000
[    0.000000] Using GB pages for direct mapping
[    0.000000] BRK [0x1f8b801000, 0x1f8b801fff] PGTABLE
[    0.000000] BRK [0x1f8b802000, 0x1f8b802fff] PGTABLE
[    0.000000] BRK [0x1f8b803000, 0x1f8b803fff] PGTABLE
[    0.000000] BRK [0x1f8b804000, 0x1f8b804fff] PGTABLE
[    0.000000] BRK [0x1f8b805000, 0x1f8b805fff] PGTABLE
[    0.000000] BRK [0x1f8b806000, 0x1f8b806fff] PGTABLE
[    0.000000] BRK [0x1f8b807000, 0x1f8b807fff] PGTABLE
[    0.000000] BRK [0x1f8b808000, 0x1f8b808fff] PGTABLE
[    0.000000] BRK [0x1f8b809000, 0x1f8b809fff] PGTABLE
[    0.000000] BRK [0x1f8b80a000, 0x1f8b80afff] PGTABLE
[    0.000000] BRK [0x1f8b80b000, 0x1f8b80bfff] PGTABLE
[    0.000000] BRK [0x1f8b80c000, 0x1f8b80cfff] PGTABLE
[    0.000000] RAMDISK: [mem 0x34729000-0x3638cfff]
[    0.000000] ACPI: Early table checksum verification disabled
[    0.000000] ACPI: RSDP 0x00000000000FE320 000024 (v02 DELL  )
[    0.000000] ACPI: XSDT 0x000000006FBFE188 0000F4 (v01 DELL   PE_SC3   00000000      01000013)
[    0.000000] ACPI: FACP 0x000000006FFF8000 000114 (v06 DELL   PE_SC3   00000000 DELL 00000001)
[    0.000000] ACPI: DSDT 0x000000006FCFF000 2E9E56 (v02 DELL   PE_SC3   00000003 DELL 00000001)
[    0.000000] ACPI: FACS 0x000000006F06E000 000040
[    0.000000] ACPI: SSDT 0x000000006FFFC000 00046C (v02 INTEL  ADDRXLAT 00000001 INTL 20180508)
[    0.000000] ACPI: MCEJ 0x000000006FFFB000 000130 (v01 DELL   PE_SC3   00000002 DELL 00000001)
[    0.000000] ACPI: WD__ 0x000000006FFFA000 000134 (v01 DELL   PE_SC3   00000001 DELL 00000001)
[    0.000000] ACPI: SLIC 0x000000006FFF9000 000024 (v01 DELL   PE_SC3   00000001 DELL 00000001)
[    0.000000] ACPI: HPET 0x000000006FFF7000 000038 (v01 DELL   PE_SC3   00000001 DELL 00000001)
[    0.000000] ACPI: APIC 0x000000006FFF5000 0016DE (v04 DELL   PE_SC3   00000000 DELL 00000001)
[    0.000000] ACPI: MCFG 0x000000006FFF4000 00003C (v01 DELL   PE_SC3   00000001 DELL 00000001)
[    0.000000] ACPI: MIGT 0x000000006FFF3000 000040 (v01 DELL   PE_SC3   00000000 DELL 00000001)
[    0.000000] ACPI: MSCT 0x000000006FFF2000 000090 (v01 DELL   PE_SC3   00000001 DELL 00000001)
[    0.000000] ACPI: PCAT 0x000000006FFF1000 000088 (v02 DELL   PE_SC3   00000002 DELL 00000001)
[    0.000000] ACPI: PCCT 0x000000006FFF0000 00006E (v01 DELL   PE_SC3   00000002 DELL 00000001)
[    0.000000] ACPI: RASF 0x000000006FFEF000 000030 (v01 DELL   PE_SC3   00000001 DELL 00000001)
[    0.000000] ACPI: SLIT 0x000000006FFEE000 00042C (v01 DELL   PE_SC3   00000001 DELL 00000001)
[    0.000000] ACPI: SRAT 0x000000006FFEB000 002D30 (v03 DELL   PE_SC3   00000002 DELL 00000001)
[    0.000000] ACPI: SVOS 0x000000006FFEA000 000032 (v01 DELL   PE_SC3   00000000 DELL 00000001)
[    0.000000] ACPI: WSMT 0x000000006FFE9000 000028 (v01 DELL   PE_SC3   00000000 DELL 00000001)
[    0.000000] ACPI: OEM4 0x000000006FC51000 0AD1C1 (v02 INTEL  CPU  CST 00003000 INTL 20180508)
[    0.000000] ACPI: SSDT 0x000000006FC19000 037465 (v02 INTEL  SSDT  PM 00004000 INTL 20180508)
[    0.000000] ACPI: SSDT 0x000000006FBFF000 000F4D (v02 DELL   PE_SC3   00000000 DELL 00000001)
[    0.000000] ACPI: SSDT 0x000000006FC15000 00357F (v02 INTEL  SpsNm    00000002 INTL 20180508)
[    0.000000] ACPI: DMAR 0x000000006FFFD000 000210 (v01 DELL   PE_SC3   00000001 DELL 00000001)
[    0.000000] ACPI: HEST 0x000000006FC14000 00017C (v01 DELL   PE_SC3   00000002 DELL 00000001)
[    0.000000] ACPI: BERT 0x000000006FC13000 000030 (v01 DELL   PE_SC3   00000002 DELL 00000001)
[    0.000000] ACPI: ERST 0x000000006FC12000 000230 (v01 DELL   PE_SC3   00000002 DELL 00000001)
[    0.000000] ACPI: EINJ 0x000000006FC11000 000150 (v01 DELL   PE_SC3   00000002 DELL 00000001)
[    0.000000] ACPI: Reserving FACP table memory at [mem 0x6fff8000-0x6fff8113]
[    0.000000] ACPI: Reserving DSDT table memory at [mem 0x6fcff000-0x6ffe8e55]
[    0.000000] ACPI: Reserving FACS table memory at [mem 0x6f06e000-0x6f06e03f]
[    0.000000] ACPI: Reserving SSDT table memory at [mem 0x6fffc000-0x6fffc46b]
[    0.000000] ACPI: Reserving MCEJ table memory at [mem 0x6fffb000-0x6fffb12f]
[    0.000000] ACPI: Reserving WD__ table memory at [mem 0x6fffa000-0x6fffa133]
[    0.000000] ACPI: Reserving SLIC table memory at [mem 0x6fff9000-0x6fff9023]
[    0.000000] ACPI: Reserving HPET table memory at [mem 0x6fff7000-0x6fff7037]
[    0.000000] ACPI: Reserving APIC table memory at [mem 0x6fff5000-0x6fff66dd]
[    0.000000] ACPI: Reserving MCFG table memory at [mem 0x6fff4000-0x6fff403b]
[    0.000000] ACPI: Reserving MIGT table memory at [mem 0x6fff3000-0x6fff303f]
[    0.000000] ACPI: Reserving MSCT table memory at [mem 0x6fff2000-0x6fff208f]
[    0.000000] ACPI: Reserving PCAT table memory at [mem 0x6fff1000-0x6fff1087]
[    0.000000] ACPI: Reserving PCCT table memory at [mem 0x6fff0000-0x6fff006d]
[    0.000000] ACPI: Reserving RASF table memory at [mem 0x6ffef000-0x6ffef02f]
[    0.000000] ACPI: Reserving SLIT table memory at [mem 0x6ffee000-0x6ffee42b]
[    0.000000] ACPI: Reserving SRAT table memory at [mem 0x6ffeb000-0x6ffedd2f]
[    0.000000] ACPI: Reserving SVOS table memory at [mem 0x6ffea000-0x6ffea031]
[    0.000000] ACPI: Reserving WSMT table memory at [mem 0x6ffe9000-0x6ffe9027]
[    0.000000] ACPI: Reserving OEM4 table memory at [mem 0x6fc51000-0x6fcfe1c0]
[    0.000000] ACPI: Reserving SSDT table memory at [mem 0x6fc19000-0x6fc50464]
[    0.000000] ACPI: Reserving SSDT table memory at [mem 0x6fbff000-0x6fbfff4c]
[    0.000000] ACPI: Reserving SSDT table memory at [mem 0x6fc15000-0x6fc1857e]
[    0.000000] ACPI: Reserving DMAR table memory at [mem 0x6fffd000-0x6fffd20f]
[    0.000000] ACPI: Reserving HEST table memory at [mem 0x6fc14000-0x6fc1417b]
[    0.000000] ACPI: Reserving BERT table memory at [mem 0x6fc13000-0x6fc1302f]
[    0.000000] ACPI: Reserving ERST table memory at [mem 0x6fc12000-0x6fc1222f]
[    0.000000] ACPI: Reserving EINJ table memory at [mem 0x6fc11000-0x6fc1114f]
[    0.000000] ACPI: Local APIC address 0xfee00000
[    0.000000] Setting APIC routing to cluster x2apic.
[    0.000000] SRAT: PXM 0 -> APIC 0x0000 -> Node 0
[    0.000000] SRAT: PXM 1 -> APIC 0x0040 -> Node 1
[    0.000000] SRAT: PXM 0 -> APIC 0x0008 -> Node 0
[    0.000000] SRAT: PXM 1 -> APIC 0x0048 -> Node 1
[    0.000000] SRAT: PXM 0 -> APIC 0x0002 -> Node 0
[    0.000000] SRAT: PXM 1 -> APIC 0x0042 -> Node 1
[    0.000000] SRAT: PXM 0 -> APIC 0x0006 -> Node 0
[    0.000000] SRAT: PXM 1 -> APIC 0x0046 -> Node 1
[    0.000000] SRAT: PXM 0 -> APIC 0x0004 -> Node 0
[    0.000000] SRAT: PXM 1 -> APIC 0x0044 -> Node 1
[    0.000000] SRAT: PXM 0 -> APIC 0x0016 -> Node 0
[    0.000000] SRAT: PXM 1 -> APIC 0x0056 -> Node 1
[    0.000000] SRAT: PXM 0 -> APIC 0x0010 -> Node 0
[    0.000000] SRAT: PXM 1 -> APIC 0x0050 -> Node 1
[    0.000000] SRAT: PXM 0 -> APIC 0x0014 -> Node 0
[    0.000000] SRAT: PXM 1 -> APIC 0x0054 -> Node 1
[    0.000000] SRAT: PXM 0 -> APIC 0x0012 -> Node 0
[    0.000000] SRAT: PXM 1 -> APIC 0x0052 -> Node 1
[    0.000000] SRAT: PXM 0 -> APIC 0x0028 -> Node 0
[    0.000000] SRAT: PXM 1 -> APIC 0x0068 -> Node 1
[    0.000000] SRAT: PXM 0 -> APIC 0x0020 -> Node 0
[    0.000000] SRAT: PXM 1 -> APIC 0x0060 -> Node 1
[    0.000000] SRAT: PXM 0 -> APIC 0x0026 -> Node 0
[    0.000000] SRAT: PXM 1 -> APIC 0x0066 -> Node 1
[    0.000000] SRAT: PXM 0 -> APIC 0x0022 -> Node 0
[    0.000000] SRAT: PXM 1 -> APIC 0x0062 -> Node 1
[    0.000000] SRAT: PXM 0 -> APIC 0x0024 -> Node 0
[    0.000000] SRAT: PXM 1 -> APIC 0x0064 -> Node 1
[    0.000000] SRAT: PXM 0 -> APIC 0x0030 -> Node 0
[    0.000000] SRAT: PXM 1 -> APIC 0x0070 -> Node 1
[    0.000000] SRAT: PXM 0 -> APIC 0x0036 -> Node 0
[    0.000000] SRAT: PXM 1 -> APIC 0x0076 -> Node 1
[    0.000000] SRAT: PXM 0 -> APIC 0x0032 -> Node 0
[    0.000000] SRAT: PXM 1 -> APIC 0x0072 -> Node 1
[    0.000000] SRAT: PXM 0 -> APIC 0x0034 -> Node 0
[    0.000000] SRAT: PXM 1 -> APIC 0x0074 -> Node 1
[    0.000000] SRAT: PXM 0 -> APIC 0x0001 -> Node 0
[    0.000000] SRAT: PXM 1 -> APIC 0x0041 -> Node 1
[    0.000000] SRAT: PXM 0 -> APIC 0x0009 -> Node 0
[    0.000000] SRAT: PXM 1 -> APIC 0x0049 -> Node 1
[    0.000000] SRAT: PXM 0 -> APIC 0x0003 -> Node 0
[    0.000000] SRAT: PXM 1 -> APIC 0x0043 -> Node 1
[    0.000000] SRAT: PXM 0 -> APIC 0x0007 -> Node 0
[    0.000000] SRAT: PXM 1 -> APIC 0x0047 -> Node 1
[    0.000000] SRAT: PXM 0 -> APIC 0x0005 -> Node 0
[    0.000000] SRAT: PXM 1 -> APIC 0x0045 -> Node 1
[    0.000000] SRAT: PXM 0 -> APIC 0x0017 -> Node 0
[    0.000000] SRAT: PXM 1 -> APIC 0x0057 -> Node 1
[    0.000000] SRAT: PXM 0 -> APIC 0x0011 -> Node 0
[    0.000000] SRAT: PXM 1 -> APIC 0x0051 -> Node 1
[    0.000000] SRAT: PXM 0 -> APIC 0x0015 -> Node 0
[    0.000000] SRAT: PXM 1 -> APIC 0x0055 -> Node 1
[    0.000000] SRAT: PXM 0 -> APIC 0x0013 -> Node 0
[    0.000000] SRAT: PXM 1 -> APIC 0x0053 -> Node 1
[    0.000000] SRAT: PXM 0 -> APIC 0x0029 -> Node 0
[    0.000000] SRAT: PXM 1 -> APIC 0x0069 -> Node 1
[    0.000000] SRAT: PXM 0 -> APIC 0x0021 -> Node 0
[    0.000000] SRAT: PXM 1 -> APIC 0x0061 -> Node 1
[    0.000000] SRAT: PXM 0 -> APIC 0x0027 -> Node 0
[    0.000000] SRAT: PXM 1 -> APIC 0x0067 -> Node 1
[    0.000000] SRAT: PXM 0 -> APIC 0x0023 -> Node 0
[    0.000000] SRAT: PXM 1 -> APIC 0x0063 -> Node 1
[    0.000000] SRAT: PXM 0 -> APIC 0x0025 -> Node 0
[    0.000000] SRAT: PXM 1 -> APIC 0x0065 -> Node 1
[    0.000000] SRAT: PXM 0 -> APIC 0x0031 -> Node 0
[    0.000000] SRAT: PXM 1 -> APIC 0x0071 -> Node 1
[    0.000000] SRAT: PXM 0 -> APIC 0x0037 -> Node 0
[    0.000000] SRAT: PXM 1 -> APIC 0x0077 -> Node 1
[    0.000000] SRAT: PXM 0 -> APIC 0x0033 -> Node 0
[    0.000000] SRAT: PXM 1 -> APIC 0x0073 -> Node 1
[    0.000000] SRAT: PXM 0 -> APIC 0x0035 -> Node 0
[    0.000000] SRAT: PXM 1 -> APIC 0x0075 -> Node 1
[    0.000000] ACPI: SRAT: Node 0 PXM 0 [mem 0x00000000-0x7fffffff]
[    0.000000] ACPI: SRAT: Node 0 PXM 0 [mem 0x100000000-0x303fffffff]
[    0.000000] ACPI: SRAT: Node 1 PXM 1 [mem 0x3040000000-0x603fffffff]
[    0.000000] NUMA: Initialized distance table, cnt=2
[    0.000000] NUMA: Node 0 [mem 0x00000000-0x7fffffff] + [mem 0x100000000-0x303fffffff] -> [mem 0x00000000-0x303fffffff]
[    0.000000] NODE_DATA(0) allocated [mem 0x303ffd5000-0x303fffffff]
[    0.000000] NODE_DATA(1) allocated [mem 0x603ffd4000-0x603fffefff]
[    0.000000] Using crashkernel=auto, the size chosen is a best effort estimation.
[    0.000000] Reserving 512MB of memory at 320MB for crashkernel (System RAM: 391815MB)
[    0.000000] Zone ranges:
[    0.000000]   DMA      [mem 0x0000000000001000-0x0000000000ffffff]
[    0.000000]   DMA32    [mem 0x0000000001000000-0x00000000ffffffff]
[    0.000000]   Normal   [mem 0x0000000100000000-0x000000603fffffff]
[    0.000000]   Device   empty
[    0.000000] Movable zone start for each node
[    0.000000] Early memory node ranges
[    0.000000]   node   0: [mem 0x0000000000001000-0x000000000009bfff]
[    0.000000]   node   0: [mem 0x0000000000100000-0x000000004ff56fff]
[    0.000000]   node   0: [mem 0x0000000050262000-0x000000005051cfff]
[    0.000000]   node   0: [mem 0x000000005064f000-0x0000000068bfefff]
[    0.000000]   node   0: [mem 0x000000006ffff000-0x000000006fffffff]
[    0.000000]   node   0: [mem 0x0000000100000000-0x000000303fffffff]
[    0.000000]   node   1: [mem 0x0000003040000000-0x000000603fffffff]
[    0.000000] Zeroed struct page in unavailable ranges: 30882 pages
[    0.000000] Initmem setup node 0 [mem 0x0000000000001000-0x000000303fffffff]
[    0.000000] On node 0 totalpages: 49973086
[    0.000000]   DMA zone: 64 pages used for memmap
[    0.000000]   DMA zone: 155 pages reserved
[    0.000000]   DMA zone: 3995 pages, LIFO batch:0
[    0.000000]   DMA32 zone: 6624 pages used for memmap
[    0.000000]   DMA32 zone: 423875 pages, LIFO batch:63
[    0.000000]   Normal zone: 774144 pages used for memmap
[    0.000000]   Normal zone: 49545216 pages, LIFO batch:63
[    0.000000] Initmem setup node 1 [mem 0x0000003040000000-0x000000603fffffff]
[    0.000000] On node 1 totalpages: 50331648
[    0.000000]   Normal zone: 786432 pages used for memmap
[    0.000000]   Normal zone: 50331648 pages, LIFO batch:63
[    0.000000] ACPI: PM-Timer IO Port: 0x508
[    0.000000] ACPI: Local APIC address 0xfee00000
[    0.000000] ACPI: X2APIC_NMI (uid[0xffffffff] high level lint[0x1])
[    0.000000] ACPI: LAPIC_NMI (acpi_id[0xff] high level lint[0x1])
[    0.000000] IOAPIC[0]: apic_id 8, version 32, address 0xfec00000, GSI 0-23
[    0.000000] IOAPIC[1]: apic_id 9, version 32, address 0xfec01000, GSI 24-31
[    0.000000] IOAPIC[2]: apic_id 10, version 32, address 0xfec08000, GSI 32-39
[    0.000000] IOAPIC[3]: apic_id 11, version 32, address 0xfec10000, GSI 40-47
[    0.000000] IOAPIC[4]: apic_id 12, version 32, address 0xfec18000, GSI 48-55
[    0.000000] IOAPIC[5]: apic_id 15, version 32, address 0xfec20000, GSI 72-79
[    0.000000] IOAPIC[6]: apic_id 16, version 32, address 0xfec28000, GSI 80-87
[    0.000000] IOAPIC[7]: apic_id 17, version 32, address 0xfec30000, GSI 88-95
[    0.000000] IOAPIC[8]: apic_id 18, version 32, address 0xfec38000, GSI 96-103
[    0.000000] ACPI: INT_SRC_OVR (bus 0 bus_irq 0 global_irq 2 dfl dfl)
[    0.000000] ACPI: INT_SRC_OVR (bus 0 bus_irq 9 global_irq 9 high level)
[    0.000000] ACPI: IRQ0 used by override.
[    0.000000] ACPI: IRQ9 used by override.
[    0.000000] Using ACPI (MADT) for SMP configuration information
[    0.000000] ACPI: HPET id: 0x8086a701 base: 0xfed00000
[    0.000000] TSC deadline timer available
[    0.000000] smpboot: Allowing 72 CPUs, 0 hotplug CPUs
[    0.000000] PM: Registered nosave memory: [mem 0x00000000-0x00000fff]
[    0.000000] PM: Registered nosave memory: [mem 0x0009c000-0x0009ffff]
[    0.000000] PM: Registered nosave memory: [mem 0x000a0000-0x000dffff]
[    0.000000] PM: Registered nosave memory: [mem 0x000e0000-0x000fffff]
[    0.000000] PM: Registered nosave memory: [mem 0x4ff57000-0x50261fff]
[    0.000000] PM: Registered nosave memory: [mem 0x5051d000-0x5064efff]
[    0.000000] PM: Registered nosave memory: [mem 0x68bff000-0x6ebfefff]
[    0.000000] PM: Registered nosave memory: [mem 0x6ebff000-0x6f9fefff]
[    0.000000] PM: Registered nosave memory: [mem 0x6f9ff000-0x6fffefff]
[    0.000000] PM: Registered nosave memory: [mem 0x70000000-0x8fffffff]
[    0.000000] PM: Registered nosave memory: [mem 0x90000000-0xfcffffff]
[    0.000000] PM: Registered nosave memory: [mem 0xfd000000-0xfe7fffff]
[    0.000000] PM: Registered nosave memory: [mem 0xfe800000-0xfebfffff]
[    0.000000] PM: Registered nosave memory: [mem 0xfec00000-0xfec00fff]
[    0.000000] PM: Registered nosave memory: [mem 0xfec01000-0xfec7ffff]
[    0.000000] PM: Registered nosave memory: [mem 0xfec80000-0xfed00fff]
[    0.000000] PM: Registered nosave memory: [mem 0xfed01000-0xfed3ffff]
[    0.000000] PM: Registered nosave memory: [mem 0xfed40000-0xfed44fff]
[    0.000000] PM: Registered nosave memory: [mem 0xfed45000-0xfeffffff]
[    0.000000] PM: Registered nosave memory: [mem 0xff000000-0xffffffff]
[    0.000000] [mem 0x90000000-0xfcffffff] available for PCI devices
[    0.000000] Booting paravirtualized kernel on bare hardware
[    0.000000] clocksource: refined-jiffies: mask: 0xffffffff max_cycles: 0xffffffff, max_idle_ns: 1910969940391419 ns
[    0.000000] setup_percpu: NR_CPUS:8192 nr_cpumask_bits:72 nr_cpu_ids:72 nr_node_ids:2
[    0.000000] percpu: Embedded 63 pages/cpu s221184 r8192 d28672 u262144
[    0.000000] pcpu-alloc: s221184 r8192 d28672 u262144 alloc=1*2097152
[    0.000000] pcpu-alloc: [0] 00 02 04 06 08 10 12 14 [0] 16 18 20 22 24 26 28 30 
[    0.000000] pcpu-alloc: [0] 32 34 36 38 40 42 44 46 [0] 48 50 52 54 56 58 60 62 
[    0.000000] pcpu-alloc: [0] 64 66 68 70 -- -- -- -- [1] 01 03 05 07 09 11 13 15 
[    0.000000] pcpu-alloc: [1] 17 19 21 23 25 27 29 31 [1] 33 35 37 39 41 43 45 47 
[    0.000000] pcpu-alloc: [1] 49 51 53 55 57 59 61 63 [1] 65 67 69 71 -- -- -- -- 
[    0.000000] Built 2 zonelists, mobility grouping on.  Total pages: 98737315
[    0.000000] Policy zone: Normal
[    0.000000] Kernel command line: BOOT_IMAGE=(hd0,msdos1)/vmlinuz-4.18.0-513.18.1.el8_9.x86_64 root=/dev/mapper/rl-root ro crashkernel=auto resume=/dev/mapper/rl-swap rd.lvm.lv=rl/root rd.lvm.lv=rl/swap intel_iommu=on iommu=pt default_hugepagesz=1G
[    0.000000] Specific versions of hardware are certified with Enterprise Linux 8. Please see the list of hardware certified with Enterprise Linux 8 at the Red Hat catalog: https://catalog.redhat.com.
[    0.000000] DMAR: IOMMU enabled
[    0.000000] software IO TLB: area num 128.
[    0.000000] Memory: 1354108K/401218936K available (14339K kernel code, 5952K rwdata, 8520K rodata, 2808K init, 26136K bss, 6976244K reserved, 0K cma-reserved)
[    0.000000] SLUB: HWalign=64, Order=0-3, MinObjects=0, CPUs=72, Nodes=2
[    0.000000] ftrace: allocating 40931 entries in 160 pages
[    0.000000] ftrace: allocated 160 pages with 2 groups
[    0.000000] rcu: Hierarchical RCU implementation.
[    0.000000] rcu: 	RCU restricting CPUs from NR_CPUS=8192 to nr_cpu_ids=72.
[    0.000000] 	Rude variant of Tasks RCU enabled.
[    0.000000] 	Tracing variant of Tasks RCU enabled.
[    0.000000] rcu: RCU calculated value of scheduler-enlistment delay is 100 jiffies.
[    0.000000] rcu: Adjusting geometry for rcu_fanout_leaf=16, nr_cpu_ids=72
[    0.000000] NR_IRQS: 524544, nr_irqs: 2360, preallocated irqs: 16
[    0.000000] random: crng done (trusting CPU's manufacturer)
[    0.001000] Console: colour VGA+ 80x25
[    0.001000] printk: console [tty0] enabled
[    0.001000] mempolicy: Enabling automatic NUMA balancing. Configure with numa_balancing= or the kernel.numa_balancing sysctl
[    0.001000] ACPI: Core revision 20220331
[    0.001000] clocksource: hpet: mask: 0xffffffff max_cycles: 0xffffffff, max_idle_ns: 79635855245 ns
[    0.001000] hpet clockevent registered
[    0.001006] APIC: Switch to symmetric I/O mode setup
[    0.001103] DMAR: Host address width 46
[    0.001197] DMAR: DRHD base: 0x000000d37fc000 flags: 0x0
[    0.001300] DMAR: dmar0: reg_base_addr d37fc000 ver 1:0 cap 8d2078c106f0466 ecap f020df
[    0.001415] DMAR: DRHD base: 0x000000e0ffc000 flags: 0x0
[    0.001515] DMAR: dmar1: reg_base_addr e0ffc000 ver 1:0 cap 8d2078c106f0466 ecap f020df
[    0.001629] DMAR: DRHD base: 0x000000ee7fc000 flags: 0x0
[    0.001729] DMAR: dmar2: reg_base_addr ee7fc000 ver 1:0 cap 8d2078c106f0466 ecap f020df
[    0.001843] DMAR: DRHD base: 0x000000fbffc000 flags: 0x0
[    0.001943] DMAR: dmar3: reg_base_addr fbffc000 ver 1:0 cap 8d2078c106f0466 ecap f020df
[    0.002003] DMAR: DRHD base: 0x000000aaffc000 flags: 0x0
[    0.002103] DMAR: dmar4: reg_base_addr aaffc000 ver 1:0 cap 8d2078c106f0466 ecap f020df
[    0.002216] DMAR: DRHD base: 0x000000b87fc000 flags: 0x0
[    0.002318] DMAR: dmar5: reg_base_addr b87fc000 ver 1:0 cap 8d2078c106f0466 ecap f020df
[    0.002432] DMAR: DRHD base: 0x000000c5ffc000 flags: 0x0
[    0.002531] DMAR: dmar6: reg_base_addr c5ffc000 ver 1:0 cap 8d2078c106f0466 ecap f020df
[    0.002645] DMAR: DRHD base: 0x0000009d7fc000 flags: 0x1
[    0.002744] DMAR: dmar7: reg_base_addr 9d7fc000 ver 1:0 cap 8d2078c106f0466 ecap f020df
[    0.002858] DMAR: RMRR base: 0x0000006a6f9000 end: 0x0000006abf8fff
[    0.003003] DMAR: RMRR base: 0x0000006f060000 end: 0x0000006f062fff
[    0.003101] DMAR: ATSR flags: 0x0
[    0.003195] DMAR: ATSR flags: 0x0
[    0.003290] DMAR-IR: IOAPIC id 12 under DRHD base  0xc5ffc000 IOMMU 6
[    0.003389] DMAR-IR: IOAPIC id 11 under DRHD base  0xb87fc000 IOMMU 5
[    0.003488] DMAR-IR: IOAPIC id 10 under DRHD base  0xaaffc000 IOMMU 4
[    0.003586] DMAR-IR: IOAPIC id 18 under DRHD base  0xfbffc000 IOMMU 3
[    0.003685] DMAR-IR: IOAPIC id 17 under DRHD base  0xee7fc000 IOMMU 2
[    0.003783] DMAR-IR: IOAPIC id 16 under DRHD base  0xe0ffc000 IOMMU 1
[    0.003882] DMAR-IR: IOAPIC id 15 under DRHD base  0xd37fc000 IOMMU 0
[    0.004003] DMAR-IR: IOAPIC id 8 under DRHD base  0x9d7fc000 IOMMU 7
[    0.004101] DMAR-IR: IOAPIC id 9 under DRHD base  0x9d7fc000 IOMMU 7
[    0.004200] DMAR-IR: HPET id 0 under DRHD base 0x9d7fc000
[    0.004297] DMAR-IR: Queued invalidation will be enabled to support x2apic and Intr-remapping.
[    0.006394] DMAR-IR: Enabled IRQ remapping in x2apic mode
[    0.007663] ..TIMER: vector=0x30 apic1=0 pin1=2 apic2=-1 pin2=-1
[    0.012011] clocksource: tsc-early: mask: 0xffffffffffffffff max_cycles: 0x257a3c3232d, max_idle_ns: 440795236700 ns
[    0.012131] Calibrating delay loop (skipped), value calculated using timer frequency.. 5200.00 BogoMIPS (lpj=2600000)
[    0.012250] pid_max: default: 73728 minimum: 576
[    0.012686] LSM: Security Framework initializing
[    0.012833] Yama: becoming mindful.
[    0.012952] SELinux:  Initializing.
[    0.013192] LSM support for eBPF active
[    0.036906] Dentry cache hash table entries: 16777216 (order: 15, 134217728 bytes, vmalloc)
[    0.048505] Inode-cache hash table entries: 8388608 (order: 14, 67108864 bytes, vmalloc)
[    0.049062] Mount-cache hash table entries: 262144 (order: 9, 2097152 bytes, vmalloc)
[    0.049537] Mountpoint-cache hash table entries: 262144 (order: 9, 2097152 bytes, vmalloc)
[    0.050536] CPU0: Thermal monitoring enabled (TM1)
[    0.050681] process: using mwait in idle threads
[    0.050779] Last level iTLB entries: 4KB 64, 2MB 8, 4MB 8
[    0.050877] Last level dTLB entries: 4KB 64, 2MB 0, 4MB 0, 1GB 4
[    0.050979] Spectre V1 : Mitigation: usercopy/swapgs barriers and __user pointer sanitization
[    0.051002] Spectre V2 : Mitigation: Enhanced / Automatic IBRS
[    0.051099] Spectre V2 : Spectre v2 / SpectreRSB mitigation: Filling RSB on context switch
[    0.051212] Spectre V2 : Spectre v2 / PBRSB-eIBRS: Retire a single CALL on VMEXIT
[    0.051325] RETBleed: Mitigation: Enhanced IBRS
[    0.051422] Spectre V2 : mitigation: Enabling conditional Indirect Branch Prediction Barrier
[    0.051536] Speculative Store Bypass: Mitigation: Speculative Store Bypass disabled via prctl
[    0.051654] TAA: Mitigation: TSX disabled
[    0.051749] MMIO Stale Data: Mitigation: Clear CPU buffers
[    0.051854] GDS: Mitigation: Microcode
[    0.066603] Freeing SMP alternatives memory: 36K
[    0.068182] smpboot: Estimated ratio of average max frequency by base frequency (times 1024): 1024
[    0.068312] smpboot: CPU0: Intel(R) Xeon(R) Gold 6240Y CPU @ 2.60GHz (family: 0x6, model: 0x55, stepping: 0x7)
[    0.068703] Performance Events: PEBS fmt3+, Skylake events, 32-deep LBR, full-width counters, Intel PMU driver.
[    0.068857] ... version:                4
[    0.068952] ... bit width:              48
[    0.069000] ... generic registers:      4
[    0.069000] ... value mask:             0000ffffffffffff
[    0.069000] ... max period:             00007fffffffffff
[    0.069001] ... fixed-purpose events:   3
[    0.069096] ... event mask:             000000070000000f
[    0.069294] rcu: Hierarchical SRCU implementation.
[    0.076796] NMI watchdog: Enabled. Permanently consumes one hw-PMU counter.
[    0.076911] smp: Bringing up secondary CPUs ...
[    0.077149] x86: Booting SMP configuration:
[    0.077244] .... node  #1, CPUs:        #1
[    0.001000] smpboot: CPU 1 Converting physical 0 to logical die 1
[    0.146138] 
[    0.146421] .... node  #0, CPUs:    #2
[    0.153267] .... node  #1, CPUs:    #3
[    0.160558] .... node  #0, CPUs:    #4
[    0.167282] .... node  #1, CPUs:    #5
[    0.175001] .... node  #0, CPUs:    #6
[    0.181289] .... node  #1, CPUs:    #7
[    0.188595] .... node  #0, CPUs:    #8
[    0.195285] .... node  #1, CPUs:    #9
[    0.203001] .... node  #0, CPUs:   #10
[    0.209305] .... node  #1, CPUs:   #11
[    0.217230] .... node  #0, CPUs:   #12
[    0.223581] .... node  #1, CPUs:   #13
[    0.231319] .... node  #0, CPUs:   #14
[    0.238157] .... node  #1, CPUs:   #15
[    0.245259] .... node  #0, CPUs:   #16
[    0.252002] .... node  #1, CPUs:   #17
[    0.259226] .... node  #0, CPUs:   #18
[    0.266115] .... node  #1, CPUs:   #19
[    0.273433] .... node  #0, CPUs:   #20
[    0.280293] .... node  #1, CPUs:   #21
[    0.288127] .... node  #0, CPUs:   #22
[    0.294388] .... node  #1, CPUs:   #23
[    0.302217] .... node  #0, CPUs:   #24
[    0.308323] .... node  #1, CPUs:   #25
[    0.316173] .... node  #0, CPUs:   #26
[    0.322292] .... node  #1, CPUs:   #27
[    0.329625] .... node  #0, CPUs:   #28
[    0.336292] .... node  #1, CPUs:   #29
[    0.344105] .... node  #0, CPUs:   #30
[    0.350439] .... node  #1, CPUs:   #31
[    0.358223] .... node  #0, CPUs:   #32
[    0.364485] .... node  #1, CPUs:   #33
[    0.372222] .... node  #0, CPUs:   #34
[    0.378492] .... node  #1, CPUs:   #35
[    0.386231] .... node  #0, CPUs:   #36
[    0.387166] MMIO Stale Data CPU bug present and SMT on, data leak possible. See https://www.kernel.org/doc/html/latest/admin-guide/hw-vuln/processor_mmio_stale_data.html for more details.
[    0.387425] 
[    0.387516] .... node  #1, CPUs:   #37
[    0.390227] .... node  #0, CPUs:   #38
[    0.392345] .... node  #1, CPUs:   #39
[    0.395143] .... node  #0, CPUs:   #40
[    0.397295] .... node  #1, CPUs:   #41
[    0.399662] .... node  #0, CPUs:   #42
[    0.402298] .... node  #1, CPUs:   #43
[    0.404409] .... node  #0, CPUs:   #44
[    0.407187] .... node  #1, CPUs:   #45
[    0.409262] .... node  #0, CPUs:   #46
[    0.412000] .... node  #1, CPUs:   #47
[    0.415001] .... node  #0, CPUs:   #48
[    0.417301] .... node  #1, CPUs:   #49
[    0.419626] .... node  #0, CPUs:   #50
[    0.422299] .... node  #1, CPUs:   #51
[    0.424411] .... node  #0, CPUs:   #52
[    0.427148] .... node  #1, CPUs:   #53
[    0.429227] .... node  #0, CPUs:   #54
[    0.431586] .... node  #1, CPUs:   #55
[    0.434226] .... node  #0, CPUs:   #56
[    0.436566] .... node  #1, CPUs:   #57
[    0.439224] .... node  #0, CPUs:   #58
[    0.441468] .... node  #1, CPUs:   #59
[    0.444224] .... node  #0, CPUs:   #60
[    0.446302] .... node  #1, CPUs:   #61
[    0.449000] .... node  #0, CPUs:   #62
[    0.451303] .... node  #1, CPUs:   #63
[    0.453393] .... node  #0, CPUs:   #64
[    0.456219] .... node  #1, CPUs:   #65
[    0.458300] .... node  #0, CPUs:   #66
[    0.461158] .... node  #1, CPUs:   #67
[    0.463268] .... node  #0, CPUs:   #68
[    0.466001] .... node  #1, CPUs:   #69
[    0.468228] .... node  #0, CPUs:   #70
[    0.470388] .... node  #1, CPUs:   #71
[    0.472848] smp: Brought up 2 nodes, 72 CPUs
[    0.473096] smpboot: Max logical packages: 2
[    0.473192] smpboot: Total of 72 processors activated (374662.80 BogoMIPS)
[    0.559021] node 1 deferred pages initialised in 83ms
[    0.562080] node 0 deferred pages initialised in 87ms
[    0.578062] devtmpfs: initialized
[    0.578154] x86/mm: Memory block size: 2048MB
[    0.586049] ACPI: PM: Registering ACPI NVS region [mem 0x6ebff000-0x6f9fefff] (14680064 bytes)
[    0.586500] clocksource: jiffies: mask: 0xffffffff max_cycles: 0xffffffff, max_idle_ns: 1911260446275000 ns
[    0.586694] futex hash table entries: 32768 (order: 9, 2097152 bytes, vmalloc)
[    0.586873] pinctrl core: initialized pinctrl subsystem
[    0.586920] NET: Registered protocol family 16
[    0.587155] DMA: preallocated 4096 KiB GFP_KERNEL pool for atomic allocations
[    0.587266] DMA: preallocated 4096 KiB GFP_KERNEL|GFP_DMA pool for atomic allocations
[    0.587388] DMA: preallocated 4096 KiB GFP_KERNEL|GFP_DMA32 pool for atomic allocations
[    0.587530] audit: initializing netlink subsys (disabled)
[    0.588026] audit: type=2000 audit(1710912840.588:1): state=initialized audit_enabled=0 res=1
[    0.588165] cpuidle: using governor menu
[    0.588165] Detected 1 PCC Subspaces
[    0.588165] Registering PCC driver as Mailbox controller
[    0.589036] ACPI FADT declares the system doesn't support PCIe ASPM, so disable it
[    0.589149] acpiphp: ACPI Hot Plug PCI Controller Driver version: 0.5
[    0.589393] PCI: MMCONFIG for domain 0000 [bus 00-ff] at [mem 0x80000000-0x8fffffff] (base 0x80000000)
[    0.589393] PCI: MMCONFIG at [mem 0x80000000-0x8fffffff] reserved in E820
[    0.589393] pmd_set_huge: Cannot satisfy [mem 0x80000000-0x80200000] with a huge-page mapping due to MTRR override.
[    0.589871] PCI: Using configuration type 1 for base access
[    0.590020] PCI: Dell System detected, enabling pci=bfsort.
[    0.592003] ENERGY_PERF_BIAS: Set to 'normal', was 'performance'
[    0.595061] HugeTLB registered 1.00 GiB page size, pre-allocated 0 pages
[    0.595110] HugeTLB registered 2.00 MiB page size, pre-allocated 0 pages
[    0.596064] cryptd: max_cpu_qlen set to 1000
[    0.596207] ACPI: Added _OSI(Module Device)
[    0.596257] ACPI: Added _OSI(Processor Device)
[    0.596353] ACPI: Added _OSI(3.0 _SCP Extensions)
[    0.596448] ACPI: Added _OSI(Processor Aggregator Device)
[    0.596545] ACPI: Added _OSI(Linux-Dell-Video)
[    0.596640] ACPI: Added _OSI(Linux-Lenovo-NV-HDMI-Audio)
[    0.596737] ACPI: Added _OSI(Linux-HPI-Hybrid-Graphics)
[    0.674198] ACPI: 5 ACPI AML tables successfully acquired and loaded
[    0.681962] ACPI: [Firmware Bug]: BIOS _OSI(Linux) query ignored
[    0.689575] ACPI: Dynamic OEM Table Load:
[    0.835129] ACPI: Interpreter enabled
[    0.835245] ACPI: PM: (supports S0 S5)
[    0.835340] ACPI: Using IOAPIC for interrupt routing
[    0.835505] HEST: Table parsing has been initialized.
[    0.835602] PCI: Using host bridge windows from ACPI; if necessary, use "pci=nocrs" and report a bug
[    0.836741] ACPI: Enabled 5 GPEs in block 00 to 7F
[    0.889934] ACPI: PCI Root Bridge [PC00] (domain 0000 [bus 00-16])
[    0.890004] acpi PNP0A08:00: _OSC: OS supports [ExtendedConfig ASPM ClockPM Segments MSI EDR HPX-Type3]
[    0.890160] acpi PNP0A08:00: _OSC: platform does not support [SHPCHotplug AER LTR DPC]
[    0.890337] acpi PNP0A08:00: _OSC: OS now controls [PCIeHotplug PME PCIeCapability]
[    0.890450] acpi PNP0A08:00: FADT indicates ASPM is unsupported, using BIOS configuration
[    0.892577] PCI host bridge to bus 0000:00
[    0.892673] pci_bus 0000:00: root bus resource [io  0x0000-0x0cf7 window]
[    0.892773] pci_bus 0000:00: root bus resource [io  0x1000-0x3fff window]
[    0.892873] pci_bus 0000:00: root bus resource [mem 0x000a0000-0x000bffff window]
[    0.892985] pci_bus 0000:00: root bus resource [mem 0x000c4000-0x000c7fff window]
[    0.893001] pci_bus 0000:00: root bus resource [mem 0xfe010000-0xfe010fff window]
[    0.893114] pci_bus 0000:00: root bus resource [mem 0x90000000-0x9d7fffff window]
[    0.893227] pci_bus 0000:00: root bus resource [mem 0x380000000000-0x380fffffffff window]
[    0.893340] pci_bus 0000:00: root bus resource [bus 00-16]
[    0.893465] pci 0000:00:00.0: [8086:2020] type 00 class 0x060000
[    0.893717] pci 0000:00:05.0: [8086:2024] type 00 class 0x088000
[    0.893950] pci 0000:00:05.2: [8086:2025] type 00 class 0x088000
[    0.894096] pci 0000:00:05.4: [8086:2026] type 00 class 0x080020
[    0.894210] pci 0000:00:05.4: reg 0x10: [mem 0x93020000-0x93020fff]
[    0.894426] pci 0000:00:08.0: [8086:2014] type 00 class 0x088000
[    0.894619] pci 0000:00:08.1: [8086:2015] type 00 class 0x110100
[    0.894794] pci 0000:00:08.2: [8086:2016] type 00 class 0x088000
[    0.895004] pci 0000:00:11.0: [8086:a1ec] type 00 class 0xff0000
[    0.895104] pci 0000:00:11.0: device has non-compliant BARs; disabling IO/MEM decoding
[    0.895320] pci 0000:00:11.5: [8086:a1d2] type 00 class 0x010601
[    0.895439] pci 0000:00:11.5: reg 0x10: [mem 0x93016000-0x93017fff]
[    0.895550] pci 0000:00:11.5: reg 0x14: [mem 0x9301f000-0x9301f0ff]
[    0.895661] pci 0000:00:11.5: reg 0x18: [io  0x2068-0x206f]
[    0.895771] pci 0000:00:11.5: reg 0x1c: [io  0x2074-0x2077]
[    0.895881] pci 0000:00:11.5: reg 0x20: [io  0x2040-0x205f]
[    0.895991] pci 0000:00:11.5: reg 0x24: [mem 0x92f80000-0x92ffffff]
[    0.897041] pci 0000:00:11.5: PME# supported from D3hot
[    0.897371] pci 0000:00:14.0: [8086:a1af] type 00 class 0x0c0330
[    0.897499] pci 0000:00:14.0: reg 0x10: [mem 0x93000000-0x9300ffff 64bit]
[    0.897690] pci 0000:00:14.0: PME# supported from D3hot D3cold
[    0.898060] pci 0000:00:14.2: [8086:a1b1] type 00 class 0x118000
[    0.898187] pci 0000:00:14.2: reg 0x10: [mem 0x9301c000-0x9301cfff 64bit]
[    0.898448] pci 0000:00:16.0: [8086:a1ba] type 00 class 0x078000
[    0.898579] pci 0000:00:16.0: reg 0x10: [mem 0x9301b000-0x9301bfff 64bit]
[    0.898789] pci 0000:00:16.0: PME# supported from D3hot
[    0.898958] pci 0000:00:16.1: [8086:a1bb] type 00 class 0x078000
[    0.899035] pci 0000:00:16.1: reg 0x10: [mem 0x9301a000-0x9301afff 64bit]
[    0.899245] pci 0000:00:16.1: PME# supported from D3hot
[    0.899419] pci 0000:00:16.4: [8086:a1be] type 00 class 0x078000
[    0.899551] pci 0000:00:16.4: reg 0x10: [mem 0x93019000-0x93019fff 64bit]
[    0.899760] pci 0000:00:16.4: PME# supported from D3hot
[    0.899935] pci 0000:00:17.0: [8086:a182] type 00 class 0x010601
[    0.900023] pci 0000:00:17.0: reg 0x10: [mem 0x93014000-0x93015fff]
[    0.900136] pci 0000:00:17.0: reg 0x14: [mem 0x9301e000-0x9301e0ff]
[    0.900248] pci 0000:00:17.0: reg 0x18: [io  0x2060-0x2067]
[    0.900358] pci 0000:00:17.0: reg 0x1c: [io  0x2070-0x2073]
[    0.900469] pci 0000:00:17.0: reg 0x20: [io  0x2020-0x203f]
[    0.900580] pci 0000:00:17.0: reg 0x24: [mem 0x92f00000-0x92f7ffff]
[    0.900720] pci 0000:00:17.0: PME# supported from D3hot
[    0.901046] pci 0000:00:1c.0: [8086:a190] type 01 class 0x060400
[    0.901235] pci 0000:00:1c.0: PME# supported from D0 D3hot D3cold
[    0.901856] pci 0000:00:1c.4: [8086:a194] type 01 class 0x060400
[    0.902044] pci 0000:00:1c.4: PME# supported from D0 D3hot D3cold
[    0.902647] pci 0000:00:1c.5: [8086:a195] type 01 class 0x060400
[    0.902836] pci 0000:00:1c.5: PME# supported from D0 D3hot D3cold
[    0.903445] pci 0000:00:1f.0: [8086:a1c1] type 00 class 0x060100
[    0.903922] pci 0000:00:1f.2: [8086:a1a1] type 00 class 0x058000
[    0.904024] pci 0000:00:1f.2: reg 0x10: [mem 0x93010000-0x93013fff]
[    0.904412] pci 0000:00:1f.4: [8086:a1a3] type 00 class 0x0c0500
[    0.904541] pci 0000:00:1f.4: reg 0x10: [mem 0x93018000-0x930180ff 64bit]
[    0.904681] pci 0000:00:1f.4: reg 0x20: [io  0x2000-0x201f]
[    0.904868] pci 0000:00:1f.5: [8086:a1a4] type 00 class 0x0c8000
[    0.904990] pci 0000:00:1f.5: reg 0x10: [mem 0xfe010000-0xfe010fff]
[    0.905176] pci 0000:00:1c.0: PCI bridge to [bus 01]
[    0.905275] pci 0000:00:1c.0:   bridge window [mem 0x92a00000-0x92dfffff]
[    0.905431] pci 0000:02:00.0: [1556:be00] type 01 class 0x060400
[    0.908013] pci 0000:00:1c.4: PCI bridge to [bus 02-03]
[    0.908113] pci 0000:00:1c.4:   bridge window [mem 0x92000000-0x928fffff]
[    0.908215] pci 0000:00:1c.4:   bridge window [mem 0x91000000-0x91ffffff 64bit pref]
[    0.908360] pci_bus 0000:03: extended config space not accessible
[    0.908477] pci 0000:03:00.0: [102b:0536] type 00 class 0x030000
[    0.908603] pci 0000:03:00.0: reg 0x10: [mem 0x91000000-0x91ffffff pref]
[    0.908718] pci 0000:03:00.0: reg 0x14: [mem 0x92808000-0x9280bfff]
[    0.908833] pci 0000:03:00.0: reg 0x18: [mem 0x92000000-0x927fffff]
[    0.909101] pci 0000:02:00.0: PCI bridge to [bus 03]
[    0.909204] pci 0000:02:00.0:   bridge window [mem 0x92000000-0x928fffff]
[    0.909308] pci 0000:02:00.0:   bridge window [mem 0x91000000-0x91ffffff 64bit pref]
[    0.909503] pci 0000:04:00.0: [14e4:165f] type 00 class 0x020000
[    0.909637] pci 0000:04:00.0: reg 0x10: [mem 0x92e30000-0x92e3ffff 64bit pref]
[    0.909773] pci 0000:04:00.0: reg 0x18: [mem 0x92e40000-0x92e4ffff 64bit pref]
[    0.915026] pci 0000:04:00.0: reg 0x20: [mem 0x92e50000-0x92e5ffff 64bit pref]
[    0.915155] pci 0000:04:00.0: reg 0x30: [mem 0xfffc0000-0xffffffff pref]
[    0.915344] pci 0000:04:00.0: PME# supported from D0 D3hot D3cold
[    0.915495] pci 0000:04:00.0: 4.000 Gb/s available PCIe bandwidth, limited by 5.0 GT/s PCIe x1 link at 0000:00:1c.5 (capable of 8.000 Gb/s with 5.0 GT/s PCIe x2 link)
[    0.916193] pci 0000:04:00.1: [14e4:165f] type 00 class 0x020000
[    0.916328] pci 0000:04:00.1: reg 0x10: [mem 0x92e00000-0x92e0ffff 64bit pref]
[    0.916465] pci 0000:04:00.1: reg 0x18: [mem 0x92e10000-0x92e1ffff 64bit pref]
[    0.916601] pci 0000:04:00.1: reg 0x20: [mem 0x92e20000-0x92e2ffff 64bit pref]
[    0.916729] pci 0000:04:00.1: reg 0x30: [mem 0xfffc0000-0xffffffff pref]
[    0.916916] pci 0000:04:00.1: PME# supported from D0 D3hot D3cold
[    0.917575] pci 0000:00:1c.5: PCI bridge to [bus 04]
[    0.917677] pci 0000:00:1c.5:   bridge window [mem 0x92e00000-0x92efffff 64bit pref]
[    0.917815] pci_bus 0000:00: on NUMA node 0
[    0.918130] ACPI: PCI: Interrupt link LNKA configured for IRQ 11
[    0.918306] ACPI: PCI: Interrupt link LNKB configured for IRQ 6
[    0.918479] ACPI: PCI: Interrupt link LNKC configured for IRQ 5
[    0.918651] ACPI: PCI: Interrupt link LNKD configured for IRQ 11
[    0.918824] ACPI: PCI: Interrupt link LNKE configured for IRQ 11
[    0.918996] ACPI: PCI: Interrupt link LNKF configured for IRQ 6
[    0.919075] ACPI: PCI: Interrupt link LNKG configured for IRQ 5
[    0.919248] ACPI: PCI: Interrupt link LNKH configured for IRQ 11
[    0.919710] ACPI: PCI Root Bridge [PC01] (domain 0000 [bus 17-39])
[    0.919811] acpi PNP0A08:01: _OSC: OS supports [ExtendedConfig ASPM ClockPM Segments MSI EDR HPX-Type3]
[    0.919998] acpi PNP0A08:01: _OSC: platform does not support [SHPCHotplug AER LTR DPC]
[    0.920124] acpi PNP0A08:01: _OSC: OS now controls [PCIeHotplug PME PCIeCapability]
[    0.920237] acpi PNP0A08:01: FADT indicates ASPM is unsupported, using BIOS configuration
[    0.920605] PCI host bridge to bus 0000:17
[    0.920700] pci_bus 0000:17: root bus resource [io  0x4000-0x5fff window]
[    0.920799] pci_bus 0000:17: root bus resource [mem 0x9d800000-0xaaffffff window]
[    0.920912] pci_bus 0000:17: root bus resource [mem 0x381000000000-0x381fffffffff window]
[    0.921001] pci_bus 0000:17: root bus resource [bus 17-39]
[    0.921118] pci 0000:17:02.0: [8086:2032] type 01 class 0x060400
[    0.921262] pci 0000:17:02.0: enabling Extended Tags
[    0.921392] pci 0000:17:02.0: PME# supported from D0 D3hot D3cold
[    0.921583] pci 0000:17:03.0: [8086:2033] type 01 class 0x060400
[    0.921727] pci 0000:17:03.0: enabling Extended Tags
[    0.921854] pci 0000:17:03.0: PME# supported from D0 D3hot D3cold
[    0.922027] pci 0000:17:05.0: [8086:2034] type 00 class 0x088000
[    0.922220] pci 0000:17:05.2: [8086:2035] type 00 class 0x088000
[    0.922410] pci 0000:17:05.4: [8086:2036] type 00 class 0x080020
[    0.922524] pci 0000:17:05.4: reg 0x10: [mem 0x9e000000-0x9e000fff]
[    0.922728] pci 0000:17:08.0: [8086:208d] type 00 class 0x088000
[    0.922910] pci 0000:17:08.1: [8086:208d] type 00 class 0x088000
[    0.923069] pci 0000:17:08.2: [8086:208d] type 00 class 0x088000
[    0.923233] pci 0000:17:08.3: [8086:208d] type 00 class 0x088000
[    0.923395] pci 0000:17:08.4: [8086:208d] type 00 class 0x088000
[    0.923556] pci 0000:17:08.5: [8086:208d] type 00 class 0x088000
[    0.923718] pci 0000:17:08.6: [8086:208d] type 00 class 0x088000
[    0.923882] pci 0000:17:08.7: [8086:208d] type 00 class 0x088000
[    0.924047] pci 0000:17:09.0: [8086:208d] type 00 class 0x088000
[    0.924226] pci 0000:17:09.1: [8086:208d] type 00 class 0x088000
[    0.924388] pci 0000:17:09.2: [8086:208d] type 00 class 0x088000
[    0.924550] pci 0000:17:09.3: [8086:208d] type 00 class 0x088000
[    0.924715] pci 0000:17:09.4: [8086:208d] type 00 class 0x088000
[    0.924877] pci 0000:17:09.5: [8086:208d] type 00 class 0x088000
[    0.925042] pci 0000:17:09.6: [8086:208d] type 00 class 0x088000
[    0.925205] pci 0000:17:09.7: [8086:208d] type 00 class 0x088000
[    0.925368] pci 0000:17:0a.0: [8086:208d] type 00 class 0x088000
[    0.925547] pci 0000:17:0a.1: [8086:208d] type 00 class 0x088000
[    0.925710] pci 0000:17:0a.2: [8086:208d] type 00 class 0x088000
[    0.925873] pci 0000:17:0a.3: [8086:208d] type 00 class 0x088000
[    0.926035] pci 0000:17:0a.4: [8086:208d] type 00 class 0x088000
[    0.926196] pci 0000:17:0a.5: [8086:208d] type 00 class 0x088000
[    0.926358] pci 0000:17:0a.6: [8086:208d] type 00 class 0x088000
[    0.926520] pci 0000:17:0a.7: [8086:208d] type 00 class 0x088000
[    0.926683] pci 0000:17:0b.0: [8086:208d] type 00 class 0x088000
[    0.926863] pci 0000:17:0b.1: [8086:208d] type 00 class 0x088000
[    0.927024] pci 0000:17:0b.2: [8086:208d] type 00 class 0x088000
[    0.927186] pci 0000:17:0b.3: [8086:208d] type 00 class 0x088000
[    0.927353] pci 0000:17:0e.0: [8086:208e] type 00 class 0x088000
[    0.927533] pci 0000:17:0e.1: [8086:208e] type 00 class 0x088000
[    0.927694] pci 0000:17:0e.2: [8086:208e] type 00 class 0x088000
[    0.927857] pci 0000:17:0e.3: [8086:208e] type 00 class 0x088000
[    0.928018] pci 0000:17:0e.4: [8086:208e] type 00 class 0x088000
[    0.928180] pci 0000:17:0e.5: [8086:208e] type 00 class 0x088000
[    0.928341] pci 0000:17:0e.6: [8086:208e] type 00 class 0x088000
[    0.928503] pci 0000:17:0e.7: [8086:208e] type 00 class 0x088000
[    0.928666] pci 0000:17:0f.0: [8086:208e] type 00 class 0x088000
[    0.928846] pci 0000:17:0f.1: [8086:208e] type 00 class 0x088000
[    0.929008] pci 0000:17:0f.2: [8086:208e] type 00 class 0x088000
[    0.929171] pci 0000:17:0f.3: [8086:208e] type 00 class 0x088000
[    0.929333] pci 0000:17:0f.4: [8086:208e] type 00 class 0x088000
[    0.929496] pci 0000:17:0f.5: [8086:208e] type 00 class 0x088000
[    0.929659] pci 0000:17:0f.6: [8086:208e] type 00 class 0x088000
[    0.929829] pci 0000:17:0f.7: [8086:208e] type 00 class 0x088000
[    0.929993] pci 0000:17:10.0: [8086:208e] type 00 class 0x088000
[    0.931081] pci 0000:17:10.1: [8086:208e] type 00 class 0x088000
[    0.931244] pci 0000:17:10.2: [8086:208e] type 00 class 0x088000
[    0.931407] pci 0000:17:10.3: [8086:208e] type 00 class 0x088000
[    0.931570] pci 0000:17:10.4: [8086:208e] type 00 class 0x088000
[    0.931732] pci 0000:17:10.5: [8086:208e] type 00 class 0x088000
[    0.931893] pci 0000:17:10.6: [8086:208e] type 00 class 0x088000
[    0.932056] pci 0000:17:10.7: [8086:208e] type 00 class 0x088000
[    0.932221] pci 0000:17:11.0: [8086:208e] type 00 class 0x088000
[    0.932402] pci 0000:17:11.1: [8086:208e] type 00 class 0x088000
[    0.932565] pci 0000:17:11.2: [8086:208e] type 00 class 0x088000
[    0.932730] pci 0000:17:11.3: [8086:208e] type 00 class 0x088000
[    0.932906] pci 0000:17:1d.0: [8086:2054] type 00 class 0x088000
[    0.933083] pci 0000:17:1d.1: [8086:2055] type 00 class 0x088000
[    0.933248] pci 0000:17:1d.2: [8086:2056] type 00 class 0x088000
[    0.933412] pci 0000:17:1d.3: [8086:2057] type 00 class 0x088000
[    0.933580] pci 0000:17:1e.0: [8086:2080] type 00 class 0x088000
[    0.933759] pci 0000:17:1e.1: [8086:2081] type 00 class 0x088000
[    0.933923] pci 0000:17:1e.2: [8086:2082] type 00 class 0x088000
[    0.934117] pci 0000:17:1e.3: [8086:2083] type 00 class 0x088000
[    0.934283] pci 0000:17:1e.4: [8086:2084] type 00 class 0x088000
[    0.934447] pci 0000:17:1e.5: [8086:2085] type 00 class 0x088000
[    0.934614] pci 0000:17:1e.6: [8086:2086] type 00 class 0x088000
[    0.934818] pci 0000:17:02.0: PCI bridge to [bus 18]
[    0.934916] pci 0000:17:02.0:   bridge window [mem 0x9dc00000-0x9dffffff]
[    0.935037] pci 0000:17:03.0: PCI bridge to [bus 19]
[    0.935136] pci 0000:17:03.0:   bridge window [mem 0x9d800000-0x9dbfffff]
[    0.935256] pci_bus 0000:17: on NUMA node 0
[    0.935399] ACPI: PCI Root Bridge [PC02] (domain 0000 [bus 3a-5c])
[    0.935500] acpi PNP0A08:02: _OSC: OS supports [ExtendedConfig ASPM ClockPM Segments MSI EDR HPX-Type3]
[    0.935676] acpi PNP0A08:02: _OSC: platform does not support [SHPCHotplug AER LTR DPC]
[    0.935889] acpi PNP0A08:02: _OSC: OS now controls [PCIeHotplug PME PCIeCapability]
[    0.936001] acpi PNP0A08:02: FADT indicates ASPM is unsupported, using BIOS configuration
[    0.936376] PCI host bridge to bus 0000:3a
[    0.936472] pci_bus 0000:3a: root bus resource [io  0x6000-0x7fff window]
[    0.936571] pci_bus 0000:3a: root bus resource [mem 0xab000000-0xb87fffff window]
[    0.936684] pci_bus 0000:3a: root bus resource [mem 0x382000000000-0x382fffffffff window]
[    0.936797] pci_bus 0000:3a: root bus resource [bus 3a-5c]
[    0.936910] pci 0000:3a:00.0: [8086:2030] type 01 class 0x060400
[    0.937076] pci 0000:3a:00.0: PME# supported from D0 D3hot D3cold
[    0.937650] pci 0000:3a:02.0: [8086:2032] type 01 class 0x060400
[    0.937822] pci 0000:3a:02.0: PME# supported from D0 D3hot D3cold
[    0.938323] pci 0000:3a:05.0: [8086:2034] type 00 class 0x088000
[    0.938513] pci 0000:3a:05.2: [8086:2035] type 00 class 0x088000
[    0.938703] pci 0000:3a:05.4: [8086:2036] type 00 class 0x080020
[    0.938817] pci 0000:3a:05.4: reg 0x10: [mem 0xadd00000-0xadd00fff]
[    0.939025] pci 0000:3a:08.0: [8086:2066] type 00 class 0x088000
[    0.939223] pci 0000:3a:09.0: [8086:2066] type 00 class 0x088000
[    0.939421] pci 0000:3a:0a.0: [8086:2040] type 00 class 0x088000
[    0.939617] pci 0000:3a:0a.1: [8086:2041] type 00 class 0x088000
[    0.939795] pci 0000:3a:0a.2: [8086:2042] type 00 class 0x088000
[    0.939974] pci 0000:3a:0a.3: [8086:2043] type 00 class 0x088000
[    0.940079] pci 0000:3a:0a.4: [8086:2044] type 00 class 0x088000
[    0.940259] pci 0000:3a:0a.5: [8086:2045] type 00 class 0x088000
[    0.940436] pci 0000:3a:0a.6: [8086:2046] type 00 class 0x088000
[    0.940614] pci 0000:3a:0a.7: [8086:2047] type 00 class 0x088000
[    0.940792] pci 0000:3a:0b.0: [8086:2048] type 00 class 0x088000
[    0.940986] pci 0000:3a:0b.1: [8086:2049] type 00 class 0x088000
[    0.941079] pci 0000:3a:0b.2: [8086:204a] type 00 class 0x088000
[    0.941255] pci 0000:3a:0b.3: [8086:204b] type 00 class 0x088000
[    0.941434] pci 0000:3a:0c.0: [8086:2040] type 00 class 0x088000
[    0.941631] pci 0000:3a:0c.1: [8086:2041] type 00 class 0x088000
[    0.941811] pci 0000:3a:0c.2: [8086:2042] type 00 class 0x088000
[    0.941989] pci 0000:3a:0c.3: [8086:2043] type 00 class 0x088000
[    0.942084] pci 0000:3a:0c.4: [8086:2044] type 00 class 0x088000
[    0.942264] pci 0000:3a:0c.5: [8086:2045] type 00 class 0x088000
[    0.942442] pci 0000:3a:0c.6: [8086:2046] type 00 class 0x088000
[    0.942620] pci 0000:3a:0c.7: [8086:2047] type 00 class 0x088000
[    0.942800] pci 0000:3a:0d.0: [8086:2048] type 00 class 0x088000
[    0.942997] pci 0000:3a:0d.1: [8086:2049] type 00 class 0x088000
[    0.943081] pci 0000:3a:0d.2: [8086:204a] type 00 class 0x088000
[    0.943260] pci 0000:3a:0d.3: [8086:204b] type 00 class 0x088000
[    0.943482] pci 0000:3b:00.0: [8086:158b] type 00 class 0x020000
[    0.943607] pci 0000:3b:00.0: reg 0x10: [mem 0xac000000-0xacffffff 64bit pref]
[    0.943750] pci 0000:3b:00.0: reg 0x1c: [mem 0xad808000-0xad80ffff 64bit pref]
[    0.943885] pci 0000:3b:00.0: reg 0x30: [mem 0xfff80000-0xffffffff pref]
[    0.950050] pci 0000:3b:00.0: PME# supported from D0 D3hot D3cold
[    0.950175] pci 0000:3b:00.0: reg 0x184: [mem 0xad400000-0xad40ffff 64bit pref]
[    0.950288] pci 0000:3b:00.0: VF(n) BAR0 space: [mem 0xad400000-0xad7fffff 64bit pref] (contains BAR0 for 64 VFs)
[    0.950421] pci 0000:3b:00.0: reg 0x190: [mem 0xad910000-0xad913fff 64bit pref]
[    0.950534] pci 0000:3b:00.0: VF(n) BAR3 space: [mem 0xad910000-0xada0ffff 64bit pref] (contains BAR3 for 64 VFs)
[    0.950823] pci 0000:3b:00.1: [8086:158b] type 00 class 0x020000
[    0.950947] pci 0000:3b:00.1: reg 0x10: [mem 0xab000000-0xabffffff 64bit pref]
[    0.951030] pci 0000:3b:00.1: reg 0x1c: [mem 0xad800000-0xad807fff 64bit pref]
[    0.951165] pci 0000:3b:00.1: reg 0x30: [mem 0xfff80000-0xffffffff pref]
[    0.951310] pci 0000:3b:00.1: PME# supported from D0 D3hot D3cold
[    0.951430] pci 0000:3b:00.1: reg 0x184: [mem 0xad000000-0xad00ffff 64bit pref]
[    0.951542] pci 0000:3b:00.1: VF(n) BAR0 space: [mem 0xad000000-0xad3fffff 64bit pref] (contains BAR0 for 64 VFs)
[    0.951676] pci 0000:3b:00.1: reg 0x190: [mem 0xad810000-0xad813fff 64bit pref]
[    0.951788] pci 0000:3b:00.1: VF(n) BAR3 space: [mem 0xad810000-0xad90ffff 64bit pref] (contains BAR3 for 64 VFs)
[    0.952072] pci 0000:3a:00.0: PCI bridge to [bus 3b-3c]
[    0.952173] pci 0000:3a:00.0:   bridge window [mem 0xab000000-0xadafffff 64bit pref]
[    0.952321] pci 0000:3d:00.0: [1000:005d] type 00 class 0x010400
[    0.952436] pci 0000:3d:00.0: reg 0x10: [io  0x6000-0x60ff]
[    0.952550] pci 0000:3d:00.0: reg 0x14: [mem 0xadc00000-0xadc0ffff 64bit]
[    0.952665] pci 0000:3d:00.0: reg 0x1c: [mem 0xadb00000-0xadbfffff 64bit]
[    0.952785] pci 0000:3d:00.0: reg 0x30: [mem 0xfff00000-0xffffffff pref]
[    0.952892] pci 0000:3d:00.0: [Firmware Bug]: disabling VPD access (can't determine size of non-standard VPD format)
[    0.953028] pci 0000:3d:00.0: supports D1 D2
[    0.953169] pci 0000:3a:02.0: PCI bridge to [bus 3d]
[    0.953267] pci 0000:3a:02.0:   bridge window [io  0x6000-0x6fff]
[    0.953365] pci 0000:3a:02.0:   bridge window [mem 0xadb00000-0xadcfffff]
[    0.953485] pci_bus 0000:3a: on NUMA node 0
[    0.953587] ACPI: PCI Root Bridge [PC03] (domain 0000 [bus 5d-7f])
[    0.953687] acpi PNP0A08:03: _OSC: OS supports [ExtendedConfig ASPM ClockPM Segments MSI EDR HPX-Type3]
[    0.953862] acpi PNP0A08:03: _OSC: platform does not support [SHPCHotplug AER LTR DPC]
[    0.954077] acpi PNP0A08:03: _OSC: OS now controls [PCIeHotplug PME PCIeCapability]
[    0.954190] acpi PNP0A08:03: FADT indicates ASPM is unsupported, using BIOS configuration
[    0.954510] PCI host bridge to bus 0000:5d
[    0.954605] pci_bus 0000:5d: root bus resource [io  0x8000-0x9fff window]
[    0.954705] pci_bus 0000:5d: root bus resource [mem 0xb8800000-0xc5ffffff window]
[    0.954817] pci_bus 0000:5d: root bus resource [mem 0x383000000000-0x383fffffffff window]
[    0.954932] pci_bus 0000:5d: root bus resource [bus 5d-7f]
[    0.955018] pci 0000:5d:00.0: [8086:2030] type 01 class 0x060400
[    0.955196] pci 0000:5d:00.0: PME# supported from D0 D3hot D3cold
[    0.955788] pci 0000:5d:05.0: [8086:2034] type 00 class 0x088000
[    0.955985] pci 0000:5d:05.2: [8086:2035] type 00 class 0x088000
[    0.956095] pci 0000:5d:05.4: [8086:2036] type 00 class 0x080020
[    0.956209] pci 0000:5d:05.4: reg 0x10: [mem 0xbbb00000-0xbbb00fff]
[    0.956422] pci 0000:5d:0e.0: [8086:2058] type 00 class 0x110100
[    0.956617] pci 0000:5d:0e.1: [8086:2059] type 00 class 0x088000
[    0.956795] pci 0000:5d:0f.0: [8086:2058] type 00 class 0x110100
[    0.956989] pci 0000:5d:0f.1: [8086:2059] type 00 class 0x088000
[    0.957081] pci 0000:5d:10.0: [8086:2058] type 00 class 0x110100
[    0.957274] pci 0000:5d:10.1: [8086:2059] type 00 class 0x088000
[    0.957455] pci 0000:5d:12.0: [8086:204c] type 00 class 0x110100
[    0.957644] pci 0000:5d:12.1: [8086:204d] type 00 class 0x110100
[    0.957808] pci 0000:5d:12.2: [8086:204e] type 00 class 0x088000
[    0.957973] pci 0000:5d:12.4: [8086:204c] type 00 class 0x110100
[    0.958077] pci 0000:5d:12.5: [8086:204d] type 00 class 0x110100
[    0.958242] pci 0000:5d:15.0: [8086:2018] type 00 class 0x088000
[    0.958422] pci 0000:5d:15.1: [8086:2088] type 00 class 0x110100
[    0.958586] pci 0000:5d:16.0: [8086:2018] type 00 class 0x088000
[    0.958766] pci 0000:5d:16.1: [8086:2088] type 00 class 0x110100
[    0.958928] pci 0000:5d:16.4: [8086:2018] type 00 class 0x088000
[    0.959074] pci 0000:5d:16.5: [8086:2088] type 00 class 0x110100
[    0.959237] pci 0000:5d:17.0: [8086:2018] type 00 class 0x088000
[    0.959416] pci 0000:5d:17.1: [8086:2088] type 00 class 0x110100
[    0.959620] pci 0000:5e:00.0: [8086:158b] type 00 class 0x020000
[    0.959744] pci 0000:5e:00.0: reg 0x10: [mem 0xba000000-0xbaffffff 64bit pref]
[    0.959886] pci 0000:5e:00.0: reg 0x1c: [mem 0xbb808000-0xbb80ffff 64bit pref]
[    0.960021] pci 0000:5e:00.0: reg 0x30: [mem 0xfff80000-0xffffffff pref]
[    0.960169] pci 0000:5e:00.0: PME# supported from D0 D3hot D3cold
[    0.960294] pci 0000:5e:00.0: reg 0x184: [mem 0xbb400000-0xbb40ffff 64bit pref]
[    0.960406] pci 0000:5e:00.0: VF(n) BAR0 space: [mem 0xbb400000-0xbb7fffff 64bit pref] (contains BAR0 for 64 VFs)
[    0.960540] pci 0000:5e:00.0: reg 0x190: [mem 0xbb910000-0xbb913fff 64bit pref]
[    0.960653] pci 0000:5e:00.0: VF(n) BAR3 space: [mem 0xbb910000-0xbba0ffff 64bit pref] (contains BAR3 for 64 VFs)
[    0.960940] pci 0000:5e:00.1: [8086:158b] type 00 class 0x020000
[    0.961026] pci 0000:5e:00.1: reg 0x10: [mem 0xb9000000-0xb9ffffff 64bit pref]
[    0.961167] pci 0000:5e:00.1: reg 0x1c: [mem 0xbb800000-0xbb807fff 64bit pref]
[    0.961303] pci 0000:5e:00.1: reg 0x30: [mem 0xfff80000-0xffffffff pref]
[    0.961448] pci 0000:5e:00.1: PME# supported from D0 D3hot D3cold
[    0.961568] pci 0000:5e:00.1: reg 0x184: [mem 0xbb000000-0xbb00ffff 64bit pref]
[    0.961681] pci 0000:5e:00.1: VF(n) BAR0 space: [mem 0xbb000000-0xbb3fffff 64bit pref] (contains BAR0 for 64 VFs)
[    0.961815] pci 0000:5e:00.1: reg 0x190: [mem 0xbb810000-0xbb813fff 64bit pref]
[    0.961927] pci 0000:5e:00.1: VF(n) BAR3 space: [mem 0xbb810000-0xbb90ffff 64bit pref] (contains BAR3 for 64 VFs)
[    0.962163] pci 0000:5d:00.0: PCI bridge to [bus 5e-5f]
[    0.962264] pci 0000:5d:00.0:   bridge window [mem 0xb9000000-0xbbafffff 64bit pref]
[    0.962389] pci_bus 0000:5d: on NUMA node 0
[    0.962548] ACPI: PCI Root Bridge [PC06] (domain 0000 [bus 80-84])
[    0.962649] acpi PNP0A08:06: _OSC: OS supports [ExtendedConfig ASPM ClockPM Segments MSI EDR HPX-Type3]
[    0.962824] acpi PNP0A08:06: _OSC: platform does not support [SHPCHotplug AER LTR DPC]
[    0.963041] acpi PNP0A08:06: _OSC: OS now controls [PCIeHotplug PME PCIeCapability]
[    0.963154] acpi PNP0A08:06: FADT indicates ASPM is unsupported, using BIOS configuration
[    0.963305] acpi PNP0A08:06: host bridge window [io  0x0000 window] (ignored, not CPU addressable)
[    0.963519] PCI host bridge to bus 0000:80
[    0.963614] pci_bus 0000:80: root bus resource [mem 0xc6000000-0xd37fffff window]
[    0.963727] pci_bus 0000:80: root bus resource [mem 0x384000000000-0x384fffffffff window]
[    0.963841] pci_bus 0000:80: root bus resource [bus 80-84]
[    0.963960] pci 0000:80:05.0: [8086:2024] type 00 class 0x088000
[    0.964120] pci 0000:80:05.2: [8086:2025] type 00 class 0x088000
[    0.964315] pci 0000:80:05.4: [8086:2026] type 00 class 0x080020
[    0.964430] pci 0000:80:05.4: reg 0x10: [mem 0xc6000000-0xc6000fff]
[    0.964642] pci 0000:80:08.0: [8086:2014] type 00 class 0x088000
[    0.964840] pci 0000:80:08.1: [8086:2015] type 00 class 0x110100
[    0.965008] pci 0000:80:08.2: [8086:2016] type 00 class 0x088000
[    0.965192] pci_bus 0000:80: on NUMA node 1
[    0.965280] ACPI: PCI Root Bridge [PC07] (domain 0000 [bus 85-ad])
[    0.965381] acpi PNP0A08:07: _OSC: OS supports [ExtendedConfig ASPM ClockPM Segments MSI EDR HPX-Type3]
[    0.965559] acpi PNP0A08:07: _OSC: platform does not support [SHPCHotplug AER LTR DPC]
[    0.965772] acpi PNP0A08:07: _OSC: OS now controls [PCIeHotplug PME PCIeCapability]
[    0.965885] acpi PNP0A08:07: FADT indicates ASPM is unsupported, using BIOS configuration
[    0.966237] PCI host bridge to bus 0000:85
[    0.966332] pci_bus 0000:85: root bus resource [io  0xa000-0xbfff window]
[    0.966432] pci_bus 0000:85: root bus resource [mem 0xd3800000-0xe0ffffff window]
[    0.966545] pci_bus 0000:85: root bus resource [mem 0x385000000000-0x385fffffffff window]
[    0.966659] pci_bus 0000:85: root bus resource [bus 85-ad]
[    0.966775] pci 0000:85:02.0: [8086:2032] type 01 class 0x060400
[    0.966920] pci 0000:85:02.0: enabling Extended Tags
[    0.967037] pci 0000:85:02.0: PME# supported from D0 D3hot D3cold
[    0.967435] pci 0000:85:03.0: [8086:2033] type 01 class 0x060400
[    0.967581] pci 0000:85:03.0: enabling Extended Tags
[    0.967712] pci 0000:85:03.0: PME# supported from D0 D3hot D3cold
[    0.967886] pci 0000:85:05.0: [8086:2034] type 00 class 0x088000
[    0.968080] pci 0000:85:05.2: [8086:2035] type 00 class 0x088000
[    0.968273] pci 0000:85:05.4: [8086:2036] type 00 class 0x080020
[    0.968387] pci 0000:85:05.4: reg 0x10: [mem 0xd4000000-0xd4000fff]
[    0.968601] pci 0000:85:08.0: [8086:208d] type 00 class 0x088000
[    0.968785] pci 0000:85:08.1: [8086:208d] type 00 class 0x088000
[    0.968950] pci 0000:85:08.2: [8086:208d] type 00 class 0x088000
[    0.969069] pci 0000:85:08.3: [8086:208d] type 00 class 0x088000
[    0.969234] pci 0000:85:08.4: [8086:208d] type 00 class 0x088000
[    0.969398] pci 0000:85:08.5: [8086:208d] type 00 class 0x088000
[    0.969566] pci 0000:85:08.6: [8086:208d] type 00 class 0x088000
[    0.969732] pci 0000:85:08.7: [8086:208d] type 00 class 0x088000
[    0.969899] pci 0000:85:09.0: [8086:208d] type 00 class 0x088000
[    0.970084] pci 0000:85:09.1: [8086:208d] type 00 class 0x088000
[    0.970248] pci 0000:85:09.2: [8086:208d] type 00 class 0x088000
[    0.970413] pci 0000:85:09.3: [8086:208d] type 00 class 0x088000
[    0.970578] pci 0000:85:09.4: [8086:208d] type 00 class 0x088000
[    0.970744] pci 0000:85:09.5: [8086:208d] type 00 class 0x088000
[    0.970909] pci 0000:85:09.6: [8086:208d] type 00 class 0x088000
[    0.971068] pci 0000:85:09.7: [8086:208d] type 00 class 0x088000
[    0.971234] pci 0000:85:0a.0: [8086:208d] type 00 class 0x088000
[    0.971417] pci 0000:85:0a.1: [8086:208d] type 00 class 0x088000
[    0.977070] pci 0000:85:0a.2: [8086:208d] type 00 class 0x088000
[    0.977235] pci 0000:85:0a.3: [8086:208d] type 00 class 0x088000
[    0.977401] pci 0000:85:0a.4: [8086:208d] type 00 class 0x088000
[    0.977566] pci 0000:85:0a.5: [8086:208d] type 00 class 0x088000
[    0.977732] pci 0000:85:0a.6: [8086:208d] type 00 class 0x088000
[    0.977896] pci 0000:85:0a.7: [8086:208d] type 00 class 0x088000
[    0.978061] pci 0000:85:0b.0: [8086:208d] type 00 class 0x088000
[    0.978244] pci 0000:85:0b.1: [8086:208d] type 00 class 0x088000
[    0.978409] pci 0000:85:0b.2: [8086:208d] type 00 class 0x088000
[    0.978574] pci 0000:85:0b.3: [8086:208d] type 00 class 0x088000
[    0.978744] pci 0000:85:0e.0: [8086:208e] type 00 class 0x088000
[    0.978928] pci 0000:85:0e.1: [8086:208e] type 00 class 0x088000
[    0.979070] pci 0000:85:0e.2: [8086:208e] type 00 class 0x088000
[    0.979235] pci 0000:85:0e.3: [8086:208e] type 00 class 0x088000
[    0.979401] pci 0000:85:0e.4: [8086:208e] type 00 class 0x088000
[    0.979568] pci 0000:85:0e.5: [8086:208e] type 00 class 0x088000
[    0.979733] pci 0000:85:0e.6: [8086:208e] type 00 class 0x088000
[    0.979898] pci 0000:85:0e.7: [8086:208e] type 00 class 0x088000
[    0.980067] pci 0000:85:0f.0: [8086:208e] type 00 class 0x088000
[    0.980251] pci 0000:85:0f.1: [8086:208e] type 00 class 0x088000
[    0.980420] pci 0000:85:0f.2: [8086:208e] type 00 class 0x088000
[    0.980585] pci 0000:85:0f.3: [8086:208e] type 00 class 0x088000
[    0.980750] pci 0000:85:0f.4: [8086:208e] type 00 class 0x088000
[    0.980915] pci 0000:85:0f.5: [8086:208e] type 00 class 0x088000
[    0.981069] pci 0000:85:0f.6: [8086:208e] type 00 class 0x088000
[    0.981235] pci 0000:85:0f.7: [8086:208e] type 00 class 0x088000
[    0.981402] pci 0000:85:10.0: [8086:208e] type 00 class 0x088000
[    0.981585] pci 0000:85:10.1: [8086:208e] type 00 class 0x088000
[    0.981751] pci 0000:85:10.2: [8086:208e] type 00 class 0x088000
[    0.981916] pci 0000:85:10.3: [8086:208e] type 00 class 0x088000
[    0.982067] pci 0000:85:10.4: [8086:208e] type 00 class 0x088000
[    0.982232] pci 0000:85:10.5: [8086:208e] type 00 class 0x088000
[    0.982397] pci 0000:85:10.6: [8086:208e] type 00 class 0x088000
[    0.982561] pci 0000:85:10.7: [8086:208e] type 00 class 0x088000
[    0.982726] pci 0000:85:11.0: [8086:208e] type 00 class 0x088000
[    0.982908] pci 0000:85:11.1: [8086:208e] type 00 class 0x088000
[    0.983069] pci 0000:85:11.2: [8086:208e] type 00 class 0x088000
[    0.983234] pci 0000:85:11.3: [8086:208e] type 00 class 0x088000
[    0.983413] pci 0000:85:1d.0: [8086:2054] type 00 class 0x088000
[    0.983598] pci 0000:85:1d.1: [8086:2055] type 00 class 0x088000
[    0.983763] pci 0000:85:1d.2: [8086:2056] type 00 class 0x088000
[    0.983930] pci 0000:85:1d.3: [8086:2057] type 00 class 0x088000
[    0.984073] pci 0000:85:1e.0: [8086:2080] type 00 class 0x088000
[    0.984257] pci 0000:85:1e.1: [8086:2081] type 00 class 0x088000
[    0.984423] pci 0000:85:1e.2: [8086:2082] type 00 class 0x088000
[    0.984588] pci 0000:85:1e.3: [8086:2083] type 00 class 0x088000
[    0.984754] pci 0000:85:1e.4: [8086:2084] type 00 class 0x088000
[    0.984919] pci 0000:85:1e.5: [8086:2085] type 00 class 0x088000
[    0.985070] pci 0000:85:1e.6: [8086:2086] type 00 class 0x088000
[    0.985273] pci 0000:85:02.0: PCI bridge to [bus 86]
[    0.985372] pci 0000:85:02.0:   bridge window [mem 0xd3c00000-0xd3ffffff]
[    0.985506] pci 0000:85:03.0: PCI bridge to [bus 87]
[    0.985604] pci 0000:85:03.0:   bridge window [mem 0xd3800000-0xd3bfffff]
[    0.985726] pci_bus 0000:85: on NUMA node 1
[    0.985853] ACPI: PCI Root Bridge [PC08] (domain 0000 [bus ae-d6])
[    0.985953] acpi PNP0A08:08: _OSC: OS supports [ExtendedConfig ASPM ClockPM Segments MSI EDR HPX-Type3]
[    0.986060] acpi PNP0A08:08: _OSC: platform does not support [SHPCHotplug AER LTR DPC]
[    0.986275] acpi PNP0A08:08: _OSC: OS now controls [PCIeHotplug PME PCIeCapability]
[    0.986388] acpi PNP0A08:08: FADT indicates ASPM is unsupported, using BIOS configuration
[    0.986782] PCI host bridge to bus 0000:ae
[    0.986877] pci_bus 0000:ae: root bus resource [io  0xc000-0xdfff window]
[    0.986976] pci_bus 0000:ae: root bus resource [mem 0xe1000000-0xee7fffff window]
[    0.987001] pci_bus 0000:ae: root bus resource [mem 0x386000000000-0x386fffffffff window]
[    0.987115] pci_bus 0000:ae: root bus resource [bus ae-d6]
[    0.987230] pci 0000:ae:00.0: [8086:2030] type 01 class 0x060400
[    0.987409] pci 0000:ae:00.0: PME# supported from D0 D3hot D3cold
[    0.988045] pci 0000:ae:05.0: [8086:2034] type 00 class 0x088000
[    0.988240] pci 0000:ae:05.2: [8086:2035] type 00 class 0x088000
[    0.988432] pci 0000:ae:05.4: [8086:2036] type 00 class 0x080020
[    0.988546] pci 0000:ae:05.4: reg 0x10: [mem 0xe1100000-0xe1100fff]
[    0.988758] pci 0000:ae:08.0: [8086:2066] type 00 class 0x088000
[    0.988959] pci 0000:ae:09.0: [8086:2066] type 00 class 0x088000
[    0.989110] pci 0000:ae:0a.0: [8086:2040] type 00 class 0x088000
[    0.989310] pci 0000:ae:0a.1: [8086:2041] type 00 class 0x088000
[    0.989491] pci 0000:ae:0a.2: [8086:2042] type 00 class 0x088000
[    0.989670] pci 0000:ae:0a.3: [8086:2043] type 00 class 0x088000
[    0.989852] pci 0000:ae:0a.4: [8086:2044] type 00 class 0x088000
[    0.990034] pci 0000:ae:0a.5: [8086:2045] type 00 class 0x088000
[    0.990214] pci 0000:ae:0a.6: [8086:2046] type 00 class 0x088000
[    0.990393] pci 0000:ae:0a.7: [8086:2047] type 00 class 0x088000
[    0.990573] pci 0000:ae:0b.0: [8086:2048] type 00 class 0x088000
[    0.990773] pci 0000:ae:0b.1: [8086:2049] type 00 class 0x088000
[    0.990952] pci 0000:ae:0b.2: [8086:204a] type 00 class 0x088000
[    0.992083] pci 0000:ae:0b.3: [8086:204b] type 00 class 0x088000
[    0.992266] pci 0000:ae:0c.0: [8086:2040] type 00 class 0x088000
[    0.992467] pci 0000:ae:0c.1: [8086:2041] type 00 class 0x088000
[    0.992648] pci 0000:ae:0c.2: [8086:2042] type 00 class 0x088000
[    0.992830] pci 0000:ae:0c.3: [8086:2043] type 00 class 0x088000
[    0.993012] pci 0000:ae:0c.4: [8086:2044] type 00 class 0x088000
[    0.993194] pci 0000:ae:0c.5: [8086:2045] type 00 class 0x088000
[    0.993376] pci 0000:ae:0c.6: [8086:2046] type 00 class 0x088000
[    0.993558] pci 0000:ae:0c.7: [8086:2047] type 00 class 0x088000
[    0.993740] pci 0000:ae:0d.0: [8086:2048] type 00 class 0x088000
[    0.993940] pci 0000:ae:0d.1: [8086:2049] type 00 class 0x088000
[    0.994086] pci 0000:ae:0d.2: [8086:204a] type 00 class 0x088000
[    0.994270] pci 0000:ae:0d.3: [8086:204b] type 00 class 0x088000
[    0.994514] pci 0000:af:00.0: [1f56:0030] type 00 class 0x120000
[    0.994633] pci 0000:af:00.0: reg 0x10: [mem 0xe1040000-0xe104ffff]
[    0.994762] pci 0000:af:00.0: reg 0x18: [mem 0x386ff8000000-0x386ff9ffffff 64bit pref]
[    0.994894] pci 0000:af:00.0: reg 0x20: [mem 0x386fe0000000-0x386fe7ffffff 64bit pref]
[    0.995013] pci 0000:af:00.0: reg 0x30: [mem 0xffff0000-0xffffffff pref]
[    0.995192] pci 0000:af:00.0: supports D1 D2
[    0.995287] pci 0000:af:00.0: PME# supported from D0 D1 D3hot D3cold
[    0.995419] pci 0000:af:00.0: reg 0x270: [mem 0xe1000000-0xe100ffff 64bit]
[    0.995518] pci 0000:af:00.0: VF(n) BAR0 space: [mem 0xe1000000-0xe103ffff 64bit] (contains BAR0 for 4 VFs)
[    0.995645] pci 0000:af:00.0: reg 0x278: [mem 0x386ff0000000-0x386ff1ffffff 64bit pref]
[    0.995759] pci 0000:af:00.0: VF(n) BAR2 space: [mem 0x386ff0000000-0x386ff7ffffff 64bit pref] (contains BAR2 for 4 VFs)
[    0.995887] pci 0000:af:00.0: reg 0x280: [mem 0x386fe8000000-0x386fe9ffffff 64bit pref]
[    0.996000] pci 0000:af:00.0: VF(n) BAR4 space: [mem 0x386fe8000000-0x386fefffffff 64bit pref] (contains BAR4 for 4 VFs)
[    0.996175] pci 0000:af:00.0: 126.016 Gb/s available PCIe bandwidth, limited by 8.0 GT/s PCIe x16 link at 0000:ae:00.0 (capable of 504.112 Gb/s with 32.0 GT/s PCIe x16 link)
[    0.996360] pci 0000:ae:00.0: PCI bridge to [bus af-b0]
[    0.996460] pci 0000:ae:00.0:   bridge window [mem 0xe1000000-0xe10fffff]
[    0.996560] pci 0000:ae:00.0:   bridge window [mem 0x386fe0000000-0x386ff9ffffff 64bit pref]
[    0.996686] pci_bus 0000:ae: on NUMA node 1
[    0.996786] ACPI: PCI Root Bridge [PC09] (domain 0000 [bus d7-ff])
[    0.996886] acpi PNP0A08:09: _OSC: OS supports [ExtendedConfig ASPM ClockPM Segments MSI EDR HPX-Type3]
[    0.997060] acpi PNP0A08:09: _OSC: platform does not support [SHPCHotplug AER LTR DPC]
[    0.997274] acpi PNP0A08:09: _OSC: OS now controls [PCIeHotplug PME PCIeCapability]
[    0.997387] acpi PNP0A08:09: FADT indicates ASPM is unsupported, using BIOS configuration
[    0.997621] PCI host bridge to bus 0000:d7
[    0.997716] pci_bus 0000:d7: root bus resource [io  0xe000-0xffff window]
[    0.997816] pci_bus 0000:d7: root bus resource [mem 0xee800000-0xfbffffff window]
[    0.997929] pci_bus 0000:d7: root bus resource [mem 0x387000000000-0x387fffffffff window]
[    0.998001] pci_bus 0000:d7: root bus resource [bus d7-ff]
[    0.998110] pci 0000:d7:05.0: [8086:2034] type 00 class 0x088000
[    0.998309] pci 0000:d7:05.2: [8086:2035] type 00 class 0x088000
[    0.998506] pci 0000:d7:05.4: [8086:2036] type 00 class 0x080020
[    0.998620] pci 0000:d7:05.4: reg 0x10: [mem 0xee800000-0xee800fff]
[    0.998837] pci 0000:d7:0e.0: [8086:2058] type 00 class 0x110100
[    0.999040] pci 0000:d7:0e.1: [8086:2059] type 00 class 0x088000
[    0.999222] pci 0000:d7:0f.0: [8086:2058] type 00 class 0x110100
[    0.999420] pci 0000:d7:0f.1: [8086:2059] type 00 class 0x088000
[    0.999603] pci 0000:d7:10.0: [8086:2058] type 00 class 0x110100
[    0.999800] pci 0000:d7:10.1: [8086:2059] type 00 class 0x088000
[    0.999986] pci 0000:d7:12.0: [8086:204c] type 00 class 0x110100
[    1.000097] pci 0000:d7:12.1: [8086:204d] type 00 class 0x110100
[    1.000263] pci 0000:d7:12.2: [8086:204e] type 00 class 0x088000
[    1.000432] pci 0000:d7:12.4: [8086:204c] type 00 class 0x110100
[    1.000611] pci 0000:d7:12.5: [8086:204d] type 00 class 0x110100
[    1.000778] pci 0000:d7:15.0: [8086:2018] type 00 class 0x088000
[    1.000962] pci 0000:d7:15.1: [8086:2088] type 00 class 0x110100
[    1.001072] pci 0000:d7:16.0: [8086:2018] type 00 class 0x088000
[    1.001254] pci 0000:d7:16.1: [8086:2088] type 00 class 0x110100
[    1.001419] pci 0000:d7:16.4: [8086:2018] type 00 class 0x088000
[    1.001585] pci 0000:d7:16.5: [8086:2088] type 00 class 0x110100
[    1.001752] pci 0000:d7:17.0: [8086:2018] type 00 class 0x088000
[    1.001933] pci 0000:d7:17.1: [8086:2088] type 00 class 0x110100
[    1.002073] pci_bus 0000:d7: on NUMA node 1
[    1.003026] iommu: Default domain type: Passthrough (set via kernel command line)
[    1.003199] SCSI subsystem initialized
[    1.003231] ACPI: bus type USB registered
[    1.003341] usbcore: registered new interface driver usbfs
[    1.003443] usbcore: registered new interface driver hub
[    1.003582] usbcore: registered new device driver usb
[    1.003700] pps_core: LinuxPPS API ver. 1 registered
[    1.003797] pps_core: Software ver. 5.3.6 - Copyright 2005-2007 Rodolfo Giometti <giometti@linux.it>
[    1.003912] PTP clock support registered
[    1.004084] EDAC MC: Ver: 3.0.0
[    1.004492] PCI: Using ACPI for IRQ routing
[    1.013313] PCI: pci_cache_line_size set to 64 bytes
[    1.013603] Expanded resource Reserved due to conflict with PNP0003:00
[    1.013703] e820: reserve RAM buffer [mem 0x0009c000-0x0009ffff]
[    1.013705] e820: reserve RAM buffer [mem 0x4ff57000-0x4fffffff]
[    1.013706] e820: reserve RAM buffer [mem 0x5051d000-0x53ffffff]
[    1.013707] e820: reserve RAM buffer [mem 0x68bff000-0x6bffffff]
[    1.014133] NetLabel: Initializing
[    1.014228] NetLabel:  domain hash size = 128
[    1.014322] NetLabel:  protocols = UNLABELED CIPSOv4 CALIPSO
[    1.014434] NetLabel:  unlabeled traffic allowed by default
[    1.015029] pci 0000:03:00.0: vgaarb: setting as boot VGA device
[    1.015112] pci 0000:03:00.0: vgaarb: VGA device added: decodes=io+mem,owns=io+mem,locks=none
[    1.015272] pci 0000:03:00.0: vgaarb: bridge control possible
[    1.015370] vgaarb: loaded
[    1.015462] hpet0: at MMIO 0xfed00000, IRQs 2, 8, 0, 0, 0, 0, 0, 0
[    1.015462] hpet0: 8 comparators, 64-bit 24.000000 MHz counter
[    1.018177] clocksource: Switched to clocksource tsc-early
[    1.034120] VFS: Disk quotas dquot_6.6.0
[    1.034263] VFS: Dquot-cache hash table entries: 512 (order 0, 4096 bytes)
[    1.034645] pnp: PnP ACPI init
[    1.035375] pnp 00:00: Plug and Play ACPI device, IDs PNP0b00 (active)
[    1.035574] system 00:01: [io  0x0500-0x05fe] has been reserved
[    1.035674] system 00:01: [io  0x0400-0x047f] has been reserved
[    1.035772] system 00:01: [io  0x0600-0x061f] has been reserved
[    1.035870] system 00:01: [io  0x0ca0-0x0ca5] has been reserved
[    1.035968] system 00:01: [io  0x0880-0x0883] has been reserved
[    1.036075] system 00:01: [io  0x0800-0x081f] has been reserved
[    1.036174] system 00:01: [mem 0xfed1c000-0xfed3ffff] has been reserved
[    1.036276] system 00:01: [mem 0xfed45000-0xfed8bfff] has been reserved
[    1.036375] system 00:01: [mem 0xff000000-0xffffffff] has been reserved
[    1.036474] system 00:01: [mem 0xfee00000-0xfeefffff] has been reserved
[    1.036573] system 00:01: [mem 0xfed12000-0xfed1200f] has been reserved
[    1.036671] system 00:01: [mem 0xfed12010-0xfed1201f] has been reserved
[    1.036770] system 00:01: [mem 0xfed1b000-0xfed1bfff] has been reserved
[    1.036873] system 00:01: Plug and Play ACPI device, IDs PNP0c02 (active)
[    1.037081] pnp 00:02: Plug and Play ACPI device, IDs PNP0501 (active)
[    1.037246] pnp 00:03: Plug and Play ACPI device, IDs PNP0501 (active)
[    1.037429] system 00:04: [mem 0xfd000000-0xfdabffff] has been reserved
[    1.037530] system 00:04: [mem 0xfdad0000-0xfdadffff] has been reserved
[    1.037629] system 00:04: [mem 0xfdb00000-0xfdffffff] has been reserved
[    1.037728] system 00:04: [mem 0xfe000000-0xfe00ffff] has been reserved
[    1.037827] system 00:04: [mem 0xfe011000-0xfe01ffff] has been reserved
[    1.037926] system 00:04: [mem 0xfe036000-0xfe03bfff] has been reserved
[    1.038028] system 00:04: [mem 0xfe03d000-0xfe3fffff] has been reserved
[    1.038129] system 00:04: [mem 0xfe410000-0xfe7fffff] has been reserved
[    1.038230] system 00:04: Plug and Play ACPI device, IDs PNP0c02 (active)
[    1.038573] system 00:05: [io  0x1000-0x10fe] has been reserved
[    1.038674] system 00:05: Plug and Play ACPI device, IDs PNP0c02 (active)
[    1.039325] pnp: PnP ACPI: found 6 devices
[    1.045301] clocksource: acpi_pm: mask: 0xffffff max_cycles: 0xffffff, max_idle_ns: 2085701024 ns
[    1.045444] pci 0000:04:00.0: can't claim BAR 6 [mem 0xfffc0000-0xffffffff pref]: no compatible bridge window
[    1.045561] pci 0000:04:00.1: can't claim BAR 6 [mem 0xfffc0000-0xffffffff pref]: no compatible bridge window
[    1.045679] pci 0000:3b:00.0: can't claim BAR 6 [mem 0xfff80000-0xffffffff pref]: no compatible bridge window
[    1.045795] pci 0000:3b:00.1: can't claim BAR 6 [mem 0xfff80000-0xffffffff pref]: no compatible bridge window
[    1.045911] pci 0000:3d:00.0: can't claim BAR 6 [mem 0xfff00000-0xffffffff pref]: no compatible bridge window
[    1.046031] pci 0000:5e:00.0: can't claim BAR 6 [mem 0xfff80000-0xffffffff pref]: no compatible bridge window
[    1.046148] pci 0000:5e:00.1: can't claim BAR 6 [mem 0xfff80000-0xffffffff pref]: no compatible bridge window
[    1.046267] pci 0000:af:00.0: can't claim BAR 6 [mem 0xffff0000-0xffffffff pref]: no compatible bridge window
[    1.046385] pci 0000:00:1c.0: bridge window [io  0x1000-0x0fff] to [bus 01] add_size 1000
[    1.046500] pci 0000:00:1c.0: bridge window [mem 0x00100000-0x000fffff 64bit pref] to [bus 01] add_size 200000 add_align 100000
[    1.046631] pci 0000:00:1c.0: BAR 15: assigned [mem 0x380000000000-0x3800001fffff 64bit pref]
[    1.046747] pci 0000:00:1c.5: BAR 14: assigned [mem 0x90000000-0x900fffff]
[    1.046848] pci 0000:00:1c.0: BAR 13: assigned [io  0x3000-0x3fff]
[    1.046948] pci 0000:00:1c.0: PCI bridge to [bus 01]
[    1.047047] pci 0000:00:1c.0:   bridge window [io  0x3000-0x3fff]
[    1.047153] pci 0000:00:1c.0:   bridge window [mem 0x92a00000-0x92dfffff]
[    1.047256] pci 0000:00:1c.0:   bridge window [mem 0x380000000000-0x3800001fffff 64bit pref]
[    1.047381] pci 0000:02:00.0: PCI bridge to [bus 03]
[    1.047485] pci 0000:02:00.0:   bridge window [mem 0x92000000-0x928fffff]
[    1.047590] pci 0000:02:00.0:   bridge window [mem 0x91000000-0x91ffffff 64bit pref]
[    1.047714] pci 0000:00:1c.4: PCI bridge to [bus 02-03]
[    1.047818] pci 0000:00:1c.4:   bridge window [mem 0x92000000-0x928fffff]
[    1.047922] pci 0000:00:1c.4:   bridge window [mem 0x91000000-0x91ffffff 64bit pref]
[    1.048048] pci 0000:04:00.0: BAR 6: assigned [mem 0x90000000-0x9003ffff pref]
[    1.048161] pci 0000:04:00.1: BAR 6: assigned [mem 0x90040000-0x9007ffff pref]
[    1.048274] pci 0000:00:1c.5: PCI bridge to [bus 04]
[    1.048377] pci 0000:00:1c.5:   bridge window [mem 0x90000000-0x900fffff]
[    1.048481] pci 0000:00:1c.5:   bridge window [mem 0x92e00000-0x92efffff 64bit pref]
[    1.048603] pci_bus 0000:00: resource 4 [io  0x0000-0x0cf7 window]
[    1.048702] pci_bus 0000:00: resource 5 [io  0x1000-0x3fff window]
[    1.048800] pci_bus 0000:00: resource 6 [mem 0x000a0000-0x000bffff window]
[    1.048899] pci_bus 0000:00: resource 7 [mem 0x000c4000-0x000c7fff window]
[    1.048998] pci_bus 0000:00: resource 8 [mem 0xfe010000-0xfe010fff window]
[    1.049099] pci_bus 0000:00: resource 9 [mem 0x90000000-0x9d7fffff window]
[    1.049200] pci_bus 0000:00: resource 10 [mem 0x380000000000-0x380fffffffff window]
[    1.049313] pci_bus 0000:01: resource 0 [io  0x3000-0x3fff]
[    1.049410] pci_bus 0000:01: resource 1 [mem 0x92a00000-0x92dfffff]
[    1.049508] pci_bus 0000:01: resource 2 [mem 0x380000000000-0x3800001fffff 64bit pref]
[    1.049622] pci_bus 0000:02: resource 1 [mem 0x92000000-0x928fffff]
[    1.049720] pci_bus 0000:02: resource 2 [mem 0x91000000-0x91ffffff 64bit pref]
[    1.049832] pci_bus 0000:03: resource 1 [mem 0x92000000-0x928fffff]
[    1.049930] pci_bus 0000:03: resource 2 [mem 0x91000000-0x91ffffff 64bit pref]
[    1.050044] pci_bus 0000:04: resource 1 [mem 0x90000000-0x900fffff]
[    1.050144] pci_bus 0000:04: resource 2 [mem 0x92e00000-0x92efffff 64bit pref]
[    1.050343] pci 0000:17:02.0: bridge window [io  0x1000-0x0fff] to [bus 18] add_size 1000
[    1.050458] pci 0000:17:02.0: bridge window [mem 0x00100000-0x000fffff 64bit pref] to [bus 18] add_size 200000 add_align 100000
[    1.050577] pci 0000:17:03.0: bridge window [io  0x1000-0x0fff] to [bus 19] add_size 1000
[    1.050691] pci 0000:17:03.0: bridge window [mem 0x00100000-0x000fffff 64bit pref] to [bus 19] add_size 200000 add_align 100000
[    1.050818] pci 0000:17:02.0: BAR 15: assigned [mem 0x381000000000-0x3810001fffff 64bit pref]
[    1.050933] pci 0000:17:03.0: BAR 15: assigned [mem 0x381000200000-0x3810003fffff 64bit pref]
[    1.051049] pci 0000:17:02.0: BAR 13: assigned [io  0x4000-0x4fff]
[    1.051149] pci 0000:17:03.0: BAR 13: assigned [io  0x5000-0x5fff]
[    1.051247] pci 0000:17:02.0: PCI bridge to [bus 18]
[    1.051344] pci 0000:17:02.0:   bridge window [io  0x4000-0x4fff]
[    1.051448] pci 0000:17:02.0:   bridge window [mem 0x9dc00000-0x9dffffff]
[    1.051552] pci 0000:17:02.0:   bridge window [mem 0x381000000000-0x3810001fffff 64bit pref]
[    1.051675] pci 0000:17:03.0: PCI bridge to [bus 19]
[    1.051771] pci 0000:17:03.0:   bridge window [io  0x5000-0x5fff]
[    1.051875] pci 0000:17:03.0:   bridge window [mem 0x9d800000-0x9dbfffff]
[    1.051978] pci 0000:17:03.0:   bridge window [mem 0x381000200000-0x3810003fffff 64bit pref]
[    1.052106] pci_bus 0000:17: resource 4 [io  0x4000-0x5fff window]
[    1.052204] pci_bus 0000:17: resource 5 [mem 0x9d800000-0xaaffffff window]
[    1.052304] pci_bus 0000:17: resource 6 [mem 0x381000000000-0x381fffffffff window]
[    1.052416] pci_bus 0000:18: resource 0 [io  0x4000-0x4fff]
[    1.052514] pci_bus 0000:18: resource 1 [mem 0x9dc00000-0x9dffffff]
[    1.052612] pci_bus 0000:18: resource 2 [mem 0x381000000000-0x3810001fffff 64bit pref]
[    1.052725] pci_bus 0000:19: resource 0 [io  0x5000-0x5fff]
[    1.052822] pci_bus 0000:19: resource 1 [mem 0x9d800000-0x9dbfffff]
[    1.052921] pci_bus 0000:19: resource 2 [mem 0x381000200000-0x3810003fffff 64bit pref]
[    1.053057] pci 0000:3a:00.0: BAR 14: assigned [mem 0xade00000-0xadefffff]
[    1.053157] pci 0000:3b:00.0: BAR 6: assigned [mem 0xade00000-0xade7ffff pref]
[    1.053270] pci 0000:3b:00.1: BAR 6: assigned [mem 0xade80000-0xadefffff pref]
[    1.053382] pci 0000:3a:00.0: PCI bridge to [bus 3b-3c]
[    1.053485] pci 0000:3a:00.0:   bridge window [mem 0xade00000-0xadefffff]
[    1.053589] pci 0000:3a:00.0:   bridge window [mem 0xab000000-0xadafffff 64bit pref]
[    1.053710] pci 0000:3d:00.0: BAR 6: no space for [mem size 0x00100000 pref]
[    1.053810] pci 0000:3d:00.0: BAR 6: failed to assign [mem size 0x00100000 pref]
[    1.053922] pci 0000:3a:02.0: PCI bridge to [bus 3d]
[    1.054020] pci 0000:3a:02.0:   bridge window [io  0x6000-0x6fff]
[    1.054126] pci 0000:3a:02.0:   bridge window [mem 0xadb00000-0xadcfffff]
[    1.054238] pci_bus 0000:3a: resource 4 [io  0x6000-0x7fff window]
[    1.054336] pci_bus 0000:3a: resource 5 [mem 0xab000000-0xb87fffff window]
[    1.054435] pci_bus 0000:3a: resource 6 [mem 0x382000000000-0x382fffffffff window]
[    1.054548] pci_bus 0000:3b: resource 1 [mem 0xade00000-0xadefffff]
[    1.054646] pci_bus 0000:3b: resource 2 [mem 0xab000000-0xadafffff 64bit pref]
[    1.054758] pci_bus 0000:3d: resource 0 [io  0x6000-0x6fff]
[    1.054855] pci_bus 0000:3d: resource 1 [mem 0xadb00000-0xadcfffff]
[    1.054963] pci 0000:5d:00.0: BAR 14: assigned [mem 0xb8800000-0xb88fffff]
[    1.055065] pci 0000:5e:00.0: BAR 6: assigned [mem 0xb8800000-0xb887ffff pref]
[    1.055178] pci 0000:5e:00.1: BAR 6: assigned [mem 0xb8880000-0xb88fffff pref]
[    1.055290] pci 0000:5d:00.0: PCI bridge to [bus 5e-5f]
[    1.055392] pci 0000:5d:00.0:   bridge window [mem 0xb8800000-0xb88fffff]
[    1.055496] pci 0000:5d:00.0:   bridge window [mem 0xb9000000-0xbbafffff 64bit pref]
[    1.055618] pci_bus 0000:5d: resource 4 [io  0x8000-0x9fff window]
[    1.055716] pci_bus 0000:5d: resource 5 [mem 0xb8800000-0xc5ffffff window]
[    1.055815] pci_bus 0000:5d: resource 6 [mem 0x383000000000-0x383fffffffff window]
[    1.061593] pci_bus 0000:5e: resource 1 [mem 0xb8800000-0xb88fffff]
[    1.061692] pci_bus 0000:5e: resource 2 [mem 0xb9000000-0xbbafffff 64bit pref]
[    1.061811] pci_bus 0000:80: resource 4 [mem 0xc6000000-0xd37fffff window]
[    1.061910] pci_bus 0000:80: resource 5 [mem 0x384000000000-0x384fffffffff window]
[    1.062032] pci 0000:85:02.0: bridge window [io  0x1000-0x0fff] to [bus 86] add_size 1000
[    1.062146] pci 0000:85:02.0: bridge window [mem 0x00100000-0x000fffff 64bit pref] to [bus 86] add_size 200000 add_align 100000
[    1.062265] pci 0000:85:03.0: bridge window [io  0x1000-0x0fff] to [bus 87] add_size 1000
[    1.062378] pci 0000:85:03.0: bridge window [mem 0x00100000-0x000fffff 64bit pref] to [bus 87] add_size 200000 add_align 100000
[    1.062504] pci 0000:85:02.0: BAR 15: assigned [mem 0x385000000000-0x3850001fffff 64bit pref]
[    1.062619] pci 0000:85:03.0: BAR 15: assigned [mem 0x385000200000-0x3850003fffff 64bit pref]
[    1.062733] pci 0000:85:02.0: BAR 13: assigned [io  0xa000-0xafff]
[    1.062831] pci 0000:85:03.0: BAR 13: assigned [io  0xb000-0xbfff]
[    1.062930] pci 0000:85:02.0: PCI bridge to [bus 86]
[    1.063028] pci 0000:85:02.0:   bridge window [io  0xa000-0xafff]
[    1.063134] pci 0000:85:02.0:   bridge window [mem 0xd3c00000-0xd3ffffff]
[    1.063237] pci 0000:85:02.0:   bridge window [mem 0x385000000000-0x3850001fffff 64bit pref]
[    1.063360] pci 0000:85:03.0: PCI bridge to [bus 87]
[    1.063457] pci 0000:85:03.0:   bridge window [io  0xb000-0xbfff]
[    1.063561] pci 0000:85:03.0:   bridge window [mem 0xd3800000-0xd3bfffff]
[    1.063664] pci 0000:85:03.0:   bridge window [mem 0x385000200000-0x3850003fffff 64bit pref]
[    1.063789] pci_bus 0000:85: resource 4 [io  0xa000-0xbfff window]
[    1.063887] pci_bus 0000:85: resource 5 [mem 0xd3800000-0xe0ffffff window]
[    1.063986] pci_bus 0000:85: resource 6 [mem 0x385000000000-0x385fffffffff window]
[    1.064100] pci_bus 0000:86: resource 0 [io  0xa000-0xafff]
[    1.064198] pci_bus 0000:86: resource 1 [mem 0xd3c00000-0xd3ffffff]
[    1.064296] pci_bus 0000:86: resource 2 [mem 0x385000000000-0x3850001fffff 64bit pref]
[    1.064410] pci_bus 0000:87: resource 0 [io  0xb000-0xbfff]
[    1.064507] pci_bus 0000:87: resource 1 [mem 0xd3800000-0xd3bfffff]
[    1.064605] pci_bus 0000:87: resource 2 [mem 0x385000200000-0x3850003fffff 64bit pref]
[    1.064732] pci 0000:af:00.0: BAR 6: assigned [mem 0xe1050000-0xe105ffff pref]
[    1.064845] pci 0000:ae:00.0: PCI bridge to [bus af-b0]
[    1.064948] pci 0000:ae:00.0:   bridge window [mem 0xe1000000-0xe10fffff]
[    1.065054] pci 0000:ae:00.0:   bridge window [mem 0x386fe0000000-0x386ff9ffffff 64bit pref]
[    1.065178] pci_bus 0000:ae: resource 4 [io  0xc000-0xdfff window]
[    1.065277] pci_bus 0000:ae: resource 5 [mem 0xe1000000-0xee7fffff window]
[    1.065376] pci_bus 0000:ae: resource 6 [mem 0x386000000000-0x386fffffffff window]
[    1.065488] pci_bus 0000:af: resource 1 [mem 0xe1000000-0xe10fffff]
[    1.065586] pci_bus 0000:af: resource 2 [mem 0x386fe0000000-0x386ff9ffffff 64bit pref]
[    1.065708] pci_bus 0000:d7: resource 4 [io  0xe000-0xffff window]
[    1.065806] pci_bus 0000:d7: resource 5 [mem 0xee800000-0xfbffffff window]
[    1.065905] pci_bus 0000:d7: resource 6 [mem 0x387000000000-0x387fffffffff window]
[    1.066119] NET: Registered protocol family 2
[    1.066882] IP idents hash table entries: 262144 (order: 9, 2097152 bytes, vmalloc)
[    1.069221] tcp_listen_portaddr_hash hash table entries: 65536 (order: 8, 1048576 bytes, vmalloc)
