[    0.000000] microcode: updated early: 0x5002f01 -> 0x5003604, date = 2023-03-17
[    0.000000] Linux version 4.18.0-513.18.1.el8_9.x86_64 (mockbuild@iad1-prod-build001.bld.equ.rockylinux.org) (gcc version 8.5.0 20210514 (Red Hat 8.5.0-20) (GCC)) #1 SMP Wed Feb 21 21:34:36 UTC 2024
[    0.000000] Command line: BOOT_IMAGE=(hd0,msdos1)/vmlinuz-4.18.0-513.18.1.el8_9.x86_64 root=/dev/mapper/rl-root ro crashkernel=auto resume=/dev/mapper/rl-swap rd.lvm.lv=rl/root rd.lvm.lv=rl/swap intel_iommu=on iommu=pt default_hugepagesz=1G
[    0.000000] x86/fpu: Supporting XSAVE feature 0x001: 'x87 floating point registers'
[    0.000000] x86/fpu: Supporting XSAVE feature 0x002: 'SSE registers'
[    0.000000] x86/fpu: Supporting XSAVE feature 0x004: 'AVX registers'
[    0.000000] x86/fpu: Supporting XSAVE feature 0x008: 'MPX bounds registers'
[    0.000000] x86/fpu: Supporting XSAVE feature 0x010: 'MPX CSR'
[    0.000000] x86/fpu: Supporting XSAVE feature 0x020: 'AVX-512 opmask'
[    0.000000] x86/fpu: Supporting XSAVE feature 0x040: 'AVX-512 Hi256'
[    0.000000] x86/fpu: Supporting XSAVE feature 0x080: 'AVX-512 ZMM_Hi256'
[    0.000000] x86/fpu: Supporting XSAVE feature 0x200: 'Protection Keys User registers'
[    0.000000] x86/fpu: xstate_offset[2]:  576, xstate_sizes[2]:  256
[    0.000000] x86/fpu: xstate_offset[3]:  832, xstate_sizes[3]:   64
[    0.000000] x86/fpu: xstate_offset[4]:  896, xstate_sizes[4]:   64
[    0.000000] x86/fpu: xstate_offset[5]:  960, xstate_sizes[5]:   64
[    0.000000] x86/fpu: xstate_offset[6]: 1024, xstate_sizes[6]:  512
[    0.000000] x86/fpu: xstate_offset[7]: 1536, xstate_sizes[7]: 1024
[    0.000000] x86/fpu: xstate_offset[9]: 2560, xstate_sizes[9]:    8
[    0.000000] x86/fpu: Enabled xstate features 0x2ff, context size is 2568 bytes, using 'compacted' format.
[    0.000000] signal: max sigframe size: 3632
[    0.000000] BIOS-provided physical RAM map:
[    0.000000] BIOS-e820: [mem 0x0000000000000000-0x000000000009bfff] usable
[    0.000000] BIOS-e820: [mem 0x000000000009c000-0x000000000009ffff] reserved
[    0.000000] BIOS-e820: [mem 0x00000000000e0000-0x00000000000fffff] reserved
[    0.000000] BIOS-e820: [mem 0x0000000000100000-0x000000004ff57fff] usable
[    0.000000] BIOS-e820: [mem 0x000000004ff58000-0x0000000050261fff] reserved
[    0.000000] BIOS-e820: [mem 0x0000000050262000-0x000000005051cfff] usable
[    0.000000] BIOS-e820: [mem 0x000000005051d000-0x000000005064efff] reserved
[    0.000000] BIOS-e820: [mem 0x000000005064f000-0x0000000068bfefff] usable
[    0.000000] BIOS-e820: [mem 0x0000000068bff000-0x000000006ebfefff] reserved
[    0.000000] BIOS-e820: [mem 0x000000006ebff000-0x000000006f9fefff] ACPI NVS
[    0.000000] BIOS-e820: [mem 0x000000006f9ff000-0x000000006fffefff] ACPI data
[    0.000000] BIOS-e820: [mem 0x000000006ffff000-0x000000006fffffff] usable
[    0.000000] BIOS-e820: [mem 0x0000000070000000-0x000000008fffffff] reserved
[    0.000000] BIOS-e820: [mem 0x00000000fd000000-0x00000000fe7fffff] reserved
[    0.000000] BIOS-e820: [mem 0x00000000fec00000-0x00000000fec00fff] reserved
[    0.000000] BIOS-e820: [mem 0x00000000fec80000-0x00000000fed00fff] reserved
[    0.000000] BIOS-e820: [mem 0x00000000fed40000-0x00000000fed44fff] reserved
[    0.000000] BIOS-e820: [mem 0x00000000ff000000-0x00000000ffffffff] reserved
[    0.000000] BIOS-e820: [mem 0x0000000100000000-0x000000603fffffff] usable
[    0.000000] NX (Execute Disable) protection: active
[    0.000000] SMBIOS 3.2 present.
[    0.000000] DMI: Dell Inc. PowerEdge XE2420/0XNP2C, BIOS 1.1.7 05/21/2020
[    0.000000] tsc: Detected 2600.000 MHz processor
[    0.000000] e820: update [mem 0x00000000-0x00000fff] usable ==> reserved
[    0.000000] e820: remove [mem 0x000a0000-0x000fffff] usable
[    0.000000] last_pfn = 0x6040000 max_arch_pfn = 0x400000000
[    0.000000] MTRR default type: uncachable
[    0.000000] MTRR fixed ranges enabled:
[    0.000000]   00000-9FFFF write-back
[    0.000000]   A0000-BFFFF uncachable
[    0.000000]   C0000-FFFFF write-protect
[    0.000000] MTRR variable ranges enabled:
[    0.000000]   0 base 000000000000 mask 3FC000000000 write-back
[    0.000000]   1 base 004000000000 mask 3FE000000000 write-back
[    0.000000]   2 base 006000000000 mask 3FFFC0000000 write-back
[    0.000000]   3 base 000080000000 mask 3FFF80000000 uncachable
[    0.000000]   4 base 000070000000 mask 3FFFFC000000 uncachable
[    0.000000]   5 disabled
[    0.000000]   6 disabled
[    0.000000]   7 disabled
[    0.000000]   8 disabled
[    0.000000]   9 disabled
[    0.000000] x86/PAT: Configuration [0-7]: WB  WC  UC- UC  WB  WP  UC- WT  
[    0.000000] total RAM covered: 392128M
[    0.000000]  gran_size: 64K 	chunk_size: 64K 	num_reg: 10  	lose cover RAM: 257G
[    0.000000]  gran_size: 64K 	chunk_size: 128K 	num_reg: 10  	lose cover RAM: 257G
[    0.000000]  gran_size: 64K 	chunk_size: 256K 	num_reg: 10  	lose cover RAM: 257G
[    0.000000]  gran_size: 64K 	chunk_size: 512K 	num_reg: 10  	lose cover RAM: 257G
[    0.000000]  gran_size: 64K 	chunk_size: 1M 	num_reg: 10  	lose cover RAM: 257G
[    0.000000]  gran_size: 64K 	chunk_size: 2M 	num_reg: 10  	lose cover RAM: 257G
[    0.000000]  gran_size: 64K 	chunk_size: 4M 	num_reg: 10  	lose cover RAM: 257G
[    0.000000]  gran_size: 64K 	chunk_size: 8M 	num_reg: 10  	lose cover RAM: 257G
[    0.000000]  gran_size: 64K 	chunk_size: 16M 	num_reg: 10  	lose cover RAM: 257G
[    0.000000]  gran_size: 64K 	chunk_size: 32M 	num_reg: 10  	lose cover RAM: 257G
[    0.000000]  gran_size: 64K 	chunk_size: 64M 	num_reg: 10  	lose cover RAM: 257G
[    0.000000]  gran_size: 64K 	chunk_size: 128M 	num_reg: 10  	lose cover RAM: 353G
[    0.000000]  gran_size: 64K 	chunk_size: 256M 	num_reg: 10  	lose cover RAM: 353G
[    0.000000]  gran_size: 64K 	chunk_size: 512M 	num_reg: 10  	lose cover RAM: 0G
[    0.000000]  gran_size: 64K 	chunk_size: 1G 	num_reg: 10  	lose cover RAM: 0G
[    0.000000] *BAD*gran_size: 64K 	chunk_size: 2G 	num_reg: 10  	lose cover RAM: -1G
[    0.000000]  gran_size: 128K 	chunk_size: 128K 	num_reg: 10  	lose cover RAM: 257G
[    0.000000]  gran_size: 128K 	chunk_size: 256K 	num_reg: 10  	lose cover RAM: 257G
[    0.000000]  gran_size: 128K 	chunk_size: 512K 	num_reg: 10  	lose cover RAM: 257G
[    0.000000]  gran_size: 128K 	chunk_size: 1M 	num_reg: 10  	lose cover RAM: 257G
[    0.000000]  gran_size: 128K 	chunk_size: 2M 	num_reg: 10  	lose cover RAM: 257G
[    0.000000]  gran_size: 128K 	chunk_size: 4M 	num_reg: 10  	lose cover RAM: 257G
[    0.000000]  gran_size: 128K 	chunk_size: 8M 	num_reg: 10  	lose cover RAM: 257G
[    0.000000]  gran_size: 128K 	chunk_size: 16M 	num_reg: 10  	lose cover RAM: 257G
[    0.000000]  gran_size: 128K 	chunk_size: 32M 	num_reg: 10  	lose cover RAM: 257G
[    0.000000]  gran_size: 128K 	chunk_size: 64M 	num_reg: 10  	lose cover RAM: 257G
[    0.000000]  gran_size: 128K 	chunk_size: 128M 	num_reg: 10  	lose cover RAM: 353G
[    0.000000]  gran_size: 128K 	chunk_size: 256M 	num_reg: 10  	lose cover RAM: 353G
[    0.000000]  gran_size: 128K 	chunk_size: 512M 	num_reg: 10  	lose cover RAM: 0G
[    0.000000]  gran_size: 128K 	chunk_size: 1G 	num_reg: 10  	lose cover RAM: 0G
[    0.000000] *BAD*gran_size: 128K 	chunk_size: 2G 	num_reg: 10  	lose cover RAM: -1G
[    0.000000]  gran_size: 256K 	chunk_size: 256K 	num_reg: 10  	lose cover RAM: 257G
[    0.000000]  gran_size: 256K 	chunk_size: 512K 	num_reg: 10  	lose cover RAM: 257G
[    0.000000]  gran_size: 256K 	chunk_size: 1M 	num_reg: 10  	lose cover RAM: 257G
[    0.000000]  gran_size: 256K 	chunk_size: 2M 	num_reg: 10  	lose cover RAM: 257G
[    0.000000]  gran_size: 256K 	chunk_size: 4M 	num_reg: 10  	lose cover RAM: 257G
[    0.000000]  gran_size: 256K 	chunk_size: 8M 	num_reg: 10  	lose cover RAM: 257G
[    0.000000]  gran_size: 256K 	chunk_size: 16M 	num_reg: 10  	lose cover RAM: 257G
[    0.000000]  gran_size: 256K 	chunk_size: 32M 	num_reg: 10  	lose cover RAM: 257G
[    0.000000]  gran_size: 256K 	chunk_size: 64M 	num_reg: 10  	lose cover RAM: 257G
[    0.000000]  gran_size: 256K 	chunk_size: 128M 	num_reg: 10  	lose cover RAM: 353G
[    0.000000]  gran_size: 256K 	chunk_size: 256M 	num_reg: 10  	lose cover RAM: 353G
[    0.000000]  gran_size: 256K 	chunk_size: 512M 	num_reg: 10  	lose cover RAM: 0G
[    0.000000]  gran_size: 256K 	chunk_size: 1G 	num_reg: 10  	lose cover RAM: 0G
[    0.000000] *BAD*gran_size: 256K 	chunk_size: 2G 	num_reg: 10  	lose cover RAM: -1G
[    0.000000]  gran_size: 512K 	chunk_size: 512K 	num_reg: 10  	lose cover RAM: 257G
[    0.000000]  gran_size: 512K 	chunk_size: 1M 	num_reg: 10  	lose cover RAM: 257G
[    0.000000]  gran_size: 512K 	chunk_size: 2M 	num_reg: 10  	lose cover RAM: 257G
[    0.000000]  gran_size: 512K 	chunk_size: 4M 	num_reg: 10  	lose cover RAM: 257G
[    0.000000]  gran_size: 512K 	chunk_size: 8M 	num_reg: 10  	lose cover RAM: 257G
[    0.000000]  gran_size: 512K 	chunk_size: 16M 	num_reg: 10  	lose cover RAM: 257G
[    0.000000]  gran_size: 512K 	chunk_size: 32M 	num_reg: 10  	lose cover RAM: 257G
[    0.000000]  gran_size: 512K 	chunk_size: 64M 	num_reg: 10  	lose cover RAM: 257G
[    0.000000]  gran_size: 512K 	chunk_size: 128M 	num_reg: 10  	lose cover RAM: 353G
[    0.000000]  gran_size: 512K 	chunk_size: 256M 	num_reg: 10  	lose cover RAM: 353G
[    0.000000]  gran_size: 512K 	chunk_size: 512M 	num_reg: 10  	lose cover RAM: 0G
[    0.000000]  gran_size: 512K 	chunk_size: 1G 	num_reg: 10  	lose cover RAM: 0G
[    0.000000] *BAD*gran_size: 512K 	chunk_size: 2G 	num_reg: 10  	lose cover RAM: -1G
[    0.000000]  gran_size: 1M 	chunk_size: 1M 	num_reg: 10  	lose cover RAM: 257G
[    0.000000]  gran_size: 1M 	chunk_size: 2M 	num_reg: 10  	lose cover RAM: 257G
[    0.000000]  gran_size: 1M 	chunk_size: 4M 	num_reg: 10  	lose cover RAM: 257G
[    0.000000]  gran_size: 1M 	chunk_size: 8M 	num_reg: 10  	lose cover RAM: 257G
[    0.000000]  gran_size: 1M 	chunk_size: 16M 	num_reg: 10  	lose cover RAM: 257G
[    0.000000]  gran_size: 1M 	chunk_size: 32M 	num_reg: 10  	lose cover RAM: 257G
[    0.000000]  gran_size: 1M 	chunk_size: 64M 	num_reg: 10  	lose cover RAM: 257G
[    0.000000]  gran_size: 1M 	chunk_size: 128M 	num_reg: 10  	lose cover RAM: 353G
[    0.000000]  gran_size: 1M 	chunk_size: 256M 	num_reg: 10  	lose cover RAM: 353G
[    0.000000]  gran_size: 1M 	chunk_size: 512M 	num_reg: 10  	lose cover RAM: 0G
[    0.000000]  gran_size: 1M 	chunk_size: 1G 	num_reg: 10  	lose cover RAM: 0G
[    0.000000] *BAD*gran_size: 1M 	chunk_size: 2G 	num_reg: 10  	lose cover RAM: -1G
[    0.000000]  gran_size: 2M 	chunk_size: 2M 	num_reg: 10  	lose cover RAM: 257G
[    0.000000]  gran_size: 2M 	chunk_size: 4M 	num_reg: 10  	lose cover RAM: 257G
[    0.000000]  gran_size: 2M 	chunk_size: 8M 	num_reg: 10  	lose cover RAM: 257G
[    0.000000]  gran_size: 2M 	chunk_size: 16M 	num_reg: 10  	lose cover RAM: 257G
[    0.000000]  gran_size: 2M 	chunk_size: 32M 	num_reg: 10  	lose cover RAM: 257G
[    0.000000]  gran_size: 2M 	chunk_size: 64M 	num_reg: 10  	lose cover RAM: 257G
[    0.000000]  gran_size: 2M 	chunk_size: 128M 	num_reg: 10  	lose cover RAM: 353G
[    0.000000]  gran_size: 2M 	chunk_size: 256M 	num_reg: 10  	lose cover RAM: 353G
[    0.000000]  gran_size: 2M 	chunk_size: 512M 	num_reg: 10  	lose cover RAM: 0G
[    0.000000]  gran_size: 2M 	chunk_size: 1G 	num_reg: 10  	lose cover RAM: 0G
[    0.000000] *BAD*gran_size: 2M 	chunk_size: 2G 	num_reg: 10  	lose cover RAM: -1G
[    0.000000]  gran_size: 4M 	chunk_size: 4M 	num_reg: 10  	lose cover RAM: 257G
[    0.000000]  gran_size: 4M 	chunk_size: 8M 	num_reg: 10  	lose cover RAM: 257G
[    0.000000]  gran_size: 4M 	chunk_size: 16M 	num_reg: 10  	lose cover RAM: 257G
[    0.000000]  gran_size: 4M 	chunk_size: 32M 	num_reg: 10  	lose cover RAM: 257G
[    0.000000]  gran_size: 4M 	chunk_size: 64M 	num_reg: 10  	lose cover RAM: 257G
[    0.000000]  gran_size: 4M 	chunk_size: 128M 	num_reg: 10  	lose cover RAM: 353G
[    0.000000]  gran_size: 4M 	chunk_size: 256M 	num_reg: 10  	lose cover RAM: 353G
[    0.000000]  gran_size: 4M 	chunk_size: 512M 	num_reg: 10  	lose cover RAM: 0G
[    0.000000]  gran_size: 4M 	chunk_size: 1G 	num_reg: 10  	lose cover RAM: 0G
[    0.000000] *BAD*gran_size: 4M 	chunk_size: 2G 	num_reg: 10  	lose cover RAM: -1G
[    0.000000]  gran_size: 8M 	chunk_size: 8M 	num_reg: 10  	lose cover RAM: 257G
[    0.000000]  gran_size: 8M 	chunk_size: 16M 	num_reg: 10  	lose cover RAM: 257G
[    0.000000]  gran_size: 8M 	chunk_size: 32M 	num_reg: 10  	lose cover RAM: 257G
[    0.000000]  gran_size: 8M 	chunk_size: 64M 	num_reg: 10  	lose cover RAM: 257G
[    0.000000]  gran_size: 8M 	chunk_size: 128M 	num_reg: 10  	lose cover RAM: 353G
[    0.000000]  gran_size: 8M 	chunk_size: 256M 	num_reg: 10  	lose cover RAM: 353G
[    0.000000]  gran_size: 8M 	chunk_size: 512M 	num_reg: 10  	lose cover RAM: 0G
[    0.000000]  gran_size: 8M 	chunk_size: 1G 	num_reg: 10  	lose cover RAM: 0G
[    0.000000] *BAD*gran_size: 8M 	chunk_size: 2G 	num_reg: 10  	lose cover RAM: -1G
[    0.000000]  gran_size: 16M 	chunk_size: 16M 	num_reg: 10  	lose cover RAM: 257G
[    0.000000]  gran_size: 16M 	chunk_size: 32M 	num_reg: 10  	lose cover RAM: 257G
[    0.000000]  gran_size: 16M 	chunk_size: 64M 	num_reg: 10  	lose cover RAM: 257G
[    0.000000]  gran_size: 16M 	chunk_size: 128M 	num_reg: 10  	lose cover RAM: 353G
[    0.000000]  gran_size: 16M 	chunk_size: 256M 	num_reg: 10  	lose cover RAM: 353G
[    0.000000]  gran_size: 16M 	chunk_size: 512M 	num_reg: 10  	lose cover RAM: 0G
[    0.000000]  gran_size: 16M 	chunk_size: 1G 	num_reg: 10  	lose cover RAM: 0G
[    0.000000] *BAD*gran_size: 16M 	chunk_size: 2G 	num_reg: 10  	lose cover RAM: -1G
[    0.000000]  gran_size: 32M 	chunk_size: 32M 	num_reg: 10  	lose cover RAM: 257G
[    0.000000]  gran_size: 32M 	chunk_size: 64M 	num_reg: 10  	lose cover RAM: 257G
[    0.000000]  gran_size: 32M 	chunk_size: 128M 	num_reg: 10  	lose cover RAM: 353G
[    0.000000]  gran_size: 32M 	chunk_size: 256M 	num_reg: 10  	lose cover RAM: 353G
[    0.000000]  gran_size: 32M 	chunk_size: 512M 	num_reg: 10  	lose cover RAM: 0G
[    0.000000]  gran_size: 32M 	chunk_size: 1G 	num_reg: 10  	lose cover RAM: 0G
[    0.000000] *BAD*gran_size: 32M 	chunk_size: 2G 	num_reg: 10  	lose cover RAM: -1G
[    0.000000]  gran_size: 64M 	chunk_size: 64M 	num_reg: 10  	lose cover RAM: 257G
[    0.000000]  gran_size: 64M 	chunk_size: 128M 	num_reg: 10  	lose cover RAM: 353G
[    0.000000]  gran_size: 64M 	chunk_size: 256M 	num_reg: 10  	lose cover RAM: 353G
[    0.000000]  gran_size: 64M 	chunk_size: 512M 	num_reg: 10  	lose cover RAM: 0G
[    0.000000]  gran_size: 64M 	chunk_size: 1G 	num_reg: 10  	lose cover RAM: 0G
[    0.000000] *BAD*gran_size: 64M 	chunk_size: 2G 	num_reg: 10  	lose cover RAM: -1G
[    0.000000]  gran_size: 128M 	chunk_size: 128M 	num_reg: 10  	lose cover RAM: 263232M
[    0.000000]  gran_size: 128M 	chunk_size: 256M 	num_reg: 10  	lose cover RAM: 263232M
[    0.000000]  gran_size: 128M 	chunk_size: 512M 	num_reg: 10  	lose cover RAM: 0G
[    0.000000]  gran_size: 128M 	chunk_size: 1G 	num_reg: 10  	lose cover RAM: 0G
[    0.000000] *BAD*gran_size: 128M 	chunk_size: 2G 	num_reg: 10  	lose cover RAM: -1G
[    0.000000]  gran_size: 256M 	chunk_size: 256M 	num_reg: 10  	lose cover RAM: 1216M
[    0.000000]  gran_size: 256M 	chunk_size: 512M 	num_reg: 10  	lose cover RAM: 0G
[    0.000000]  gran_size: 256M 	chunk_size: 1G 	num_reg: 10  	lose cover RAM: 0G
[    0.000000] *BAD*gran_size: 256M 	chunk_size: 2G 	num_reg: 10  	lose cover RAM: -1G
[    0.000000]  gran_size: 512M 	chunk_size: 512M 	num_reg: 10  	lose cover RAM: 448M
[    0.000000]  gran_size: 512M 	chunk_size: 1G 	num_reg: 10  	lose cover RAM: 1280M
[    0.000000]  gran_size: 512M 	chunk_size: 2G 	num_reg: 10  	lose cover RAM: 1280M
[    0.000000]  gran_size: 1G 	chunk_size: 1G 	num_reg: 9  	lose cover RAM: 960M
[    0.000000]  gran_size: 1G 	chunk_size: 2G 	num_reg: 10  	lose cover RAM: 132864M
[    0.000000]  gran_size: 2G 	chunk_size: 2G 	num_reg: 7  	lose cover RAM: 3008M
[    0.000000] mtrr_cleanup: can not find optimal value
[    0.000000] please specify mtrr_gran_size/mtrr_chunk_size
[    0.000000] e820: update [mem 0x70000000-0x73ffffff] usable ==> reserved
[    0.000000] e820: update [mem 0x80000000-0xffffffff] usable ==> reserved
[    0.000000] x2apic: enabled by BIOS, switching to x2apic ops
[    0.000000] last_pfn = 0x70000 max_arch_pfn = 0x400000000
[    0.000000] Using GB pages for direct mapping
[    0.000000] BRK [0x4902c01000, 0x4902c01fff] PGTABLE
[    0.000000] BRK [0x4902c02000, 0x4902c02fff] PGTABLE
[    0.000000] BRK [0x4902c03000, 0x4902c03fff] PGTABLE
[    0.000000] BRK [0x4902c04000, 0x4902c04fff] PGTABLE
[    0.000000] BRK [0x4902c05000, 0x4902c05fff] PGTABLE
[    0.000000] BRK [0x4902c06000, 0x4902c06fff] PGTABLE
[    0.000000] BRK [0x4902c07000, 0x4902c07fff] PGTABLE
[    0.000000] BRK [0x4902c08000, 0x4902c08fff] PGTABLE
[    0.000000] BRK [0x4902c09000, 0x4902c09fff] PGTABLE
[    0.000000] BRK [0x4902c0a000, 0x4902c0afff] PGTABLE
[    0.000000] BRK [0x4902c0b000, 0x4902c0bfff] PGTABLE
[    0.000000] BRK [0x4902c0c000, 0x4902c0cfff] PGTABLE
[    0.000000] RAMDISK: [mem 0x34729000-0x3638cfff]
[    0.000000] ACPI: Early table checksum verification disabled
[    0.000000] ACPI: RSDP 0x00000000000FE320 000024 (v02 DELL  )
[    0.000000] ACPI: XSDT 0x000000006FBFE188 0000F4 (v01 DELL   PE_SC3   00000000      01000013)
[    0.000000] ACPI: FACP 0x000000006FFF8000 000114 (v06 DELL   PE_SC3   00000000 DELL 00000001)
[    0.000000] ACPI: DSDT 0x000000006FCFF000 2E9E56 (v02 DELL   PE_SC3   00000003 DELL 00000001)
[    0.000000] ACPI: FACS 0x000000006F06E000 000040
[    0.000000] ACPI: SSDT 0x000000006FFFC000 00046C (v02 INTEL  ADDRXLAT 00000001 INTL 20180508)
[    0.000000] ACPI: MCEJ 0x000000006FFFB000 000130 (v01 DELL   PE_SC3   00000002 DELL 00000001)
[    0.000000] ACPI: WD__ 0x000000006FFFA000 000134 (v01 DELL   PE_SC3   00000001 DELL 00000001)
[    0.000000] ACPI: SLIC 0x000000006FFF9000 000024 (v01 DELL   PE_SC3   00000001 DELL 00000001)
[    0.000000] ACPI: HPET 0x000000006FFF7000 000038 (v01 DELL   PE_SC3   00000001 DELL 00000001)
[    0.000000] ACPI: APIC 0x000000006FFF5000 0016DE (v04 DELL   PE_SC3   00000000 DELL 00000001)
[    0.000000] ACPI: MCFG 0x000000006FFF4000 00003C (v01 DELL   PE_SC3   00000001 DELL 00000001)
[    0.000000] ACPI: MIGT 0x000000006FFF3000 000040 (v01 DELL   PE_SC3   00000000 DELL 00000001)
[    0.000000] ACPI: MSCT 0x000000006FFF2000 000090 (v01 DELL   PE_SC3   00000001 DELL 00000001)
[    0.000000] ACPI: PCAT 0x000000006FFF1000 000088 (v02 DELL   PE_SC3   00000002 DELL 00000001)
[    0.000000] ACPI: PCCT 0x000000006FFF0000 00006E (v01 DELL   PE_SC3   00000002 DELL 00000001)
[    0.000000] ACPI: RASF 0x000000006FFEF000 000030 (v01 DELL   PE_SC3   00000001 DELL 00000001)
[    0.000000] ACPI: SLIT 0x000000006FFEE000 00042C (v01 DELL   PE_SC3   00000001 DELL 00000001)
[    0.000000] ACPI: SRAT 0x000000006FFEB000 002D30 (v03 DELL   PE_SC3   00000002 DELL 00000001)
[    0.000000] ACPI: SVOS 0x000000006FFEA000 000032 (v01 DELL   PE_SC3   00000000 DELL 00000001)
[    0.000000] ACPI: WSMT 0x000000006FFE9000 000028 (v01 DELL   PE_SC3   00000000 DELL 00000001)
[    0.000000] ACPI: OEM4 0x000000006FC51000 0AD1C1 (v02 INTEL  CPU  CST 00003000 INTL 20180508)
[    0.000000] ACPI: SSDT 0x000000006FC19000 037465 (v02 INTEL  SSDT  PM 00004000 INTL 20180508)
[    0.000000] ACPI: SSDT 0x000000006FBFF000 000F4D (v02 DELL   PE_SC3   00000000 DELL 00000001)
[    0.000000] ACPI: SSDT 0x000000006FC15000 00357F (v02 INTEL  SpsNm    00000002 INTL 20180508)
[    0.000000] ACPI: DMAR 0x000000006FFFD000 000210 (v01 DELL   PE_SC3   00000001 DELL 00000001)
[    0.000000] ACPI: HEST 0x000000006FC14000 00017C (v01 DELL   PE_SC3   00000002 DELL 00000001)
[    0.000000] ACPI: BERT 0x000000006FC13000 000030 (v01 DELL   PE_SC3   00000002 DELL 00000001)
[    0.000000] ACPI: ERST 0x000000006FC12000 000230 (v01 DELL   PE_SC3   00000002 DELL 00000001)
[    0.000000] ACPI: EINJ 0x000000006FC11000 000150 (v01 DELL   PE_SC3   00000002 DELL 00000001)
[    0.000000] ACPI: Reserving FACP table memory at [mem 0x6fff8000-0x6fff8113]
[    0.000000] ACPI: Reserving DSDT table memory at [mem 0x6fcff000-0x6ffe8e55]
[    0.000000] ACPI: Reserving FACS table memory at [mem 0x6f06e000-0x6f06e03f]
[    0.000000] ACPI: Reserving SSDT table memory at [mem 0x6fffc000-0x6fffc46b]
[    0.000000] ACPI: Reserving MCEJ table memory at [mem 0x6fffb000-0x6fffb12f]
[    0.000000] ACPI: Reserving WD__ table memory at [mem 0x6fffa000-0x6fffa133]
[    0.000000] ACPI: Reserving SLIC table memory at [mem 0x6fff9000-0x6fff9023]
[    0.000000] ACPI: Reserving HPET table memory at [mem 0x6fff7000-0x6fff7037]
[    0.000000] ACPI: Reserving APIC table memory at [mem 0x6fff5000-0x6fff66dd]
[    0.000000] ACPI: Reserving MCFG table memory at [mem 0x6fff4000-0x6fff403b]
[    0.000000] ACPI: Reserving MIGT table memory at [mem 0x6fff3000-0x6fff303f]
[    0.000000] ACPI: Reserving MSCT table memory at [mem 0x6fff2000-0x6fff208f]
[    0.000000] ACPI: Reserving PCAT table memory at [mem 0x6fff1000-0x6fff1087]
[    0.000000] ACPI: Reserving PCCT table memory at [mem 0x6fff0000-0x6fff006d]
[    0.000000] ACPI: Reserving RASF table memory at [mem 0x6ffef000-0x6ffef02f]
[    0.000000] ACPI: Reserving SLIT table memory at [mem 0x6ffee000-0x6ffee42b]
[    0.000000] ACPI: Reserving SRAT table memory at [mem 0x6ffeb000-0x6ffedd2f]
[    0.000000] ACPI: Reserving SVOS table memory at [mem 0x6ffea000-0x6ffea031]
[    0.000000] ACPI: Reserving WSMT table memory at [mem 0x6ffe9000-0x6ffe9027]
[    0.000000] ACPI: Reserving OEM4 table memory at [mem 0x6fc51000-0x6fcfe1c0]
[    0.000000] ACPI: Reserving SSDT table memory at [mem 0x6fc19000-0x6fc50464]
[    0.000000] ACPI: Reserving SSDT table memory at [mem 0x6fbff000-0x6fbfff4c]
[    0.000000] ACPI: Reserving SSDT table memory at [mem 0x6fc15000-0x6fc1857e]
[    0.000000] ACPI: Reserving DMAR table memory at [mem 0x6fffd000-0x6fffd20f]
[    0.000000] ACPI: Reserving HEST table memory at [mem 0x6fc14000-0x6fc1417b]
[    0.000000] ACPI: Reserving BERT table memory at [mem 0x6fc13000-0x6fc1302f]
[    0.000000] ACPI: Reserving ERST table memory at [mem 0x6fc12000-0x6fc1222f]
[    0.000000] ACPI: Reserving EINJ table memory at [mem 0x6fc11000-0x6fc1114f]
[    0.000000] ACPI: Local APIC address 0xfee00000
[    0.000000] Setting APIC routing to cluster x2apic.
[    0.000000] SRAT: PXM 0 -> APIC 0x0000 -> Node 0
[    0.000000] SRAT: PXM 1 -> APIC 0x0040 -> Node 1
[    0.000000] SRAT: PXM 0 -> APIC 0x0008 -> Node 0
[    0.000000] SRAT: PXM 1 -> APIC 0x0048 -> Node 1
[    0.000000] SRAT: PXM 0 -> APIC 0x0002 -> Node 0
[    0.000000] SRAT: PXM 1 -> APIC 0x0042 -> Node 1
[    0.000000] SRAT: PXM 0 -> APIC 0x0006 -> Node 0
[    0.000000] SRAT: PXM 1 -> APIC 0x0046 -> Node 1
[    0.000000] SRAT: PXM 0 -> APIC 0x0004 -> Node 0
[    0.000000] SRAT: PXM 1 -> APIC 0x0044 -> Node 1
[    0.000000] SRAT: PXM 0 -> APIC 0x0016 -> Node 0
[    0.000000] SRAT: PXM 1 -> APIC 0x0056 -> Node 1
[    0.000000] SRAT: PXM 0 -> APIC 0x0010 -> Node 0
[    0.000000] SRAT: PXM 1 -> APIC 0x0050 -> Node 1
[    0.000000] SRAT: PXM 0 -> APIC 0x0014 -> Node 0
[    0.000000] SRAT: PXM 1 -> APIC 0x0054 -> Node 1
[    0.000000] SRAT: PXM 0 -> APIC 0x0012 -> Node 0
[    0.000000] SRAT: PXM 1 -> APIC 0x0052 -> Node 1
[    0.000000] SRAT: PXM 0 -> APIC 0x0028 -> Node 0
[    0.000000] SRAT: PXM 1 -> APIC 0x0068 -> Node 1
[    0.000000] SRAT: PXM 0 -> APIC 0x0020 -> Node 0
[    0.000000] SRAT: PXM 1 -> APIC 0x0060 -> Node 1
[    0.000000] SRAT: PXM 0 -> APIC 0x0026 -> Node 0
[    0.000000] SRAT: PXM 1 -> APIC 0x0066 -> Node 1
[    0.000000] SRAT: PXM 0 -> APIC 0x0022 -> Node 0
[    0.000000] SRAT: PXM 1 -> APIC 0x0062 -> Node 1
[    0.000000] SRAT: PXM 0 -> APIC 0x0024 -> Node 0
[    0.000000] SRAT: PXM 1 -> APIC 0x0064 -> Node 1
[    0.000000] SRAT: PXM 0 -> APIC 0x0030 -> Node 0
[    0.000000] SRAT: PXM 1 -> APIC 0x0070 -> Node 1
[    0.000000] SRAT: PXM 0 -> APIC 0x0036 -> Node 0
[    0.000000] SRAT: PXM 1 -> APIC 0x0076 -> Node 1
[    0.000000] SRAT: PXM 0 -> APIC 0x0032 -> Node 0
[    0.000000] SRAT: PXM 1 -> APIC 0x0072 -> Node 1
[    0.000000] SRAT: PXM 0 -> APIC 0x0034 -> Node 0
[    0.000000] SRAT: PXM 1 -> APIC 0x0074 -> Node 1
[    0.000000] SRAT: PXM 0 -> APIC 0x0001 -> Node 0
[    0.000000] SRAT: PXM 1 -> APIC 0x0041 -> Node 1
[    0.000000] SRAT: PXM 0 -> APIC 0x0009 -> Node 0
[    0.000000] SRAT: PXM 1 -> APIC 0x0049 -> Node 1
[    0.000000] SRAT: PXM 0 -> APIC 0x0003 -> Node 0
[    0.000000] SRAT: PXM 1 -> APIC 0x0043 -> Node 1
[    0.000000] SRAT: PXM 0 -> APIC 0x0007 -> Node 0
[    0.000000] SRAT: PXM 1 -> APIC 0x0047 -> Node 1
[    0.000000] SRAT: PXM 0 -> APIC 0x0005 -> Node 0
[    0.000000] SRAT: PXM 1 -> APIC 0x0045 -> Node 1
[    0.000000] SRAT: PXM 0 -> APIC 0x0017 -> Node 0
[    0.000000] SRAT: PXM 1 -> APIC 0x0057 -> Node 1
[    0.000000] SRAT: PXM 0 -> APIC 0x0011 -> Node 0
[    0.000000] SRAT: PXM 1 -> APIC 0x0051 -> Node 1
[    0.000000] SRAT: PXM 0 -> APIC 0x0015 -> Node 0
[    0.000000] SRAT: PXM 1 -> APIC 0x0055 -> Node 1
[    0.000000] SRAT: PXM 0 -> APIC 0x0013 -> Node 0
[    0.000000] SRAT: PXM 1 -> APIC 0x0053 -> Node 1
[    0.000000] SRAT: PXM 0 -> APIC 0x0029 -> Node 0
[    0.000000] SRAT: PXM 1 -> APIC 0x0069 -> Node 1
[    0.000000] SRAT: PXM 0 -> APIC 0x0021 -> Node 0
[    0.000000] SRAT: PXM 1 -> APIC 0x0061 -> Node 1
[    0.000000] SRAT: PXM 0 -> APIC 0x0027 -> Node 0
[    0.000000] SRAT: PXM 1 -> APIC 0x0067 -> Node 1
[    0.000000] SRAT: PXM 0 -> APIC 0x0023 -> Node 0
[    0.000000] SRAT: PXM 1 -> APIC 0x0063 -> Node 1
[    0.000000] SRAT: PXM 0 -> APIC 0x0025 -> Node 0
[    0.000000] SRAT: PXM 1 -> APIC 0x0065 -> Node 1
[    0.000000] SRAT: PXM 0 -> APIC 0x0031 -> Node 0
[    0.000000] SRAT: PXM 1 -> APIC 0x0071 -> Node 1
[    0.000000] SRAT: PXM 0 -> APIC 0x0037 -> Node 0
[    0.000000] SRAT: PXM 1 -> APIC 0x0077 -> Node 1
[    0.000000] SRAT: PXM 0 -> APIC 0x0033 -> Node 0
[    0.000000] SRAT: PXM 1 -> APIC 0x0073 -> Node 1
[    0.000000] SRAT: PXM 0 -> APIC 0x0035 -> Node 0
[    0.000000] SRAT: PXM 1 -> APIC 0x0075 -> Node 1
[    0.000000] ACPI: SRAT: Node 0 PXM 0 [mem 0x00000000-0x7fffffff]
[    0.000000] ACPI: SRAT: Node 0 PXM 0 [mem 0x100000000-0x303fffffff]
[    0.000000] ACPI: SRAT: Node 1 PXM 1 [mem 0x3040000000-0x603fffffff]
[    0.000000] NUMA: Initialized distance table, cnt=2
[    0.000000] NUMA: Node 0 [mem 0x00000000-0x7fffffff] + [mem 0x100000000-0x303fffffff] -> [mem 0x00000000-0x303fffffff]
[    0.000000] NODE_DATA(0) allocated [mem 0x303ffd5000-0x303fffffff]
[    0.000000] NODE_DATA(1) allocated [mem 0x603ffd4000-0x603fffefff]
[    0.000000] Using crashkernel=auto, the size chosen is a best effort estimation.
[    0.000000] Reserving 512MB of memory at 320MB for crashkernel (System RAM: 391815MB)
[    0.000000] Zone ranges:
[    0.000000]   DMA      [mem 0x0000000000001000-0x0000000000ffffff]
[    0.000000]   DMA32    [mem 0x0000000001000000-0x00000000ffffffff]
[    0.000000]   Normal   [mem 0x0000000100000000-0x000000603fffffff]
[    0.000000]   Device   empty
[    0.000000] Movable zone start for each node
[    0.000000] Early memory node ranges
[    0.000000]   node   0: [mem 0x0000000000001000-0x000000000009bfff]
[    0.000000]   node   0: [mem 0x0000000000100000-0x000000004ff57fff]
[    0.000000]   node   0: [mem 0x0000000050262000-0x000000005051cfff]
[    0.000000]   node   0: [mem 0x000000005064f000-0x0000000068bfefff]
[    0.000000]   node   0: [mem 0x000000006ffff000-0x000000006fffffff]
[    0.000000]   node   0: [mem 0x0000000100000000-0x000000303fffffff]
[    0.000000]   node   1: [mem 0x0000003040000000-0x000000603fffffff]
[    0.000000] Zeroed struct page in unavailable ranges: 30881 pages
[    0.000000] Initmem setup node 0 [mem 0x0000000000001000-0x000000303fffffff]
[    0.000000] On node 0 totalpages: 49973087
[    0.000000]   DMA zone: 64 pages used for memmap
[    0.000000]   DMA zone: 155 pages reserved
[    0.000000]   DMA zone: 3995 pages, LIFO batch:0
[    0.000000]   DMA32 zone: 6624 pages used for memmap
[    0.000000]   DMA32 zone: 423876 pages, LIFO batch:63
[    0.000000]   Normal zone: 774144 pages used for memmap
[    0.000000]   Normal zone: 49545216 pages, LIFO batch:63
[    0.000000] Initmem setup node 1 [mem 0x0000003040000000-0x000000603fffffff]
[    0.000000] On node 1 totalpages: 50331648
[    0.000000]   Normal zone: 786432 pages used for memmap
[    0.000000]   Normal zone: 50331648 pages, LIFO batch:63
[    0.000000] ACPI: PM-Timer IO Port: 0x508
[    0.000000] ACPI: Local APIC address 0xfee00000
[    0.000000] ACPI: X2APIC_NMI (uid[0xffffffff] high level lint[0x1])
[    0.000000] ACPI: LAPIC_NMI (acpi_id[0xff] high level lint[0x1])
[    0.000000] IOAPIC[0]: apic_id 8, version 32, address 0xfec00000, GSI 0-23
[    0.000000] IOAPIC[1]: apic_id 9, version 32, address 0xfec01000, GSI 24-31
[    0.000000] IOAPIC[2]: apic_id 10, version 32, address 0xfec08000, GSI 32-39
[    0.000000] IOAPIC[3]: apic_id 11, version 32, address 0xfec10000, GSI 40-47
[    0.000000] IOAPIC[4]: apic_id 12, version 32, address 0xfec18000, GSI 48-55
[    0.000000] IOAPIC[5]: apic_id 15, version 32, address 0xfec20000, GSI 72-79
[    0.000000] IOAPIC[6]: apic_id 16, version 32, address 0xfec28000, GSI 80-87
[    0.000000] IOAPIC[7]: apic_id 17, version 32, address 0xfec30000, GSI 88-95
[    0.000000] IOAPIC[8]: apic_id 18, version 32, address 0xfec38000, GSI 96-103
[    0.000000] ACPI: INT_SRC_OVR (bus 0 bus_irq 0 global_irq 2 dfl dfl)
[    0.000000] ACPI: INT_SRC_OVR (bus 0 bus_irq 9 global_irq 9 high level)
[    0.000000] ACPI: IRQ0 used by override.
[    0.000000] ACPI: IRQ9 used by override.
[    0.000000] Using ACPI (MADT) for SMP configuration information
[    0.000000] ACPI: HPET id: 0x8086a701 base: 0xfed00000
[    0.000000] TSC deadline timer available
[    0.000000] smpboot: Allowing 72 CPUs, 0 hotplug CPUs
[    0.000000] PM: Registered nosave memory: [mem 0x00000000-0x00000fff]
[    0.000000] PM: Registered nosave memory: [mem 0x0009c000-0x0009ffff]
[    0.000000] PM: Registered nosave memory: [mem 0x000a0000-0x000dffff]
[    0.000000] PM: Registered nosave memory: [mem 0x000e0000-0x000fffff]
[    0.000000] PM: Registered nosave memory: [mem 0x4ff58000-0x50261fff]
[    0.000000] PM: Registered nosave memory: [mem 0x5051d000-0x5064efff]
[    0.000000] PM: Registered nosave memory: [mem 0x68bff000-0x6ebfefff]
[    0.000000] PM: Registered nosave memory: [mem 0x6ebff000-0x6f9fefff]
[    0.000000] PM: Registered nosave memory: [mem 0x6f9ff000-0x6fffefff]
[    0.000000] PM: Registered nosave memory: [mem 0x70000000-0x8fffffff]
[    0.000000] PM: Registered nosave memory: [mem 0x90000000-0xfcffffff]
[    0.000000] PM: Registered nosave memory: [mem 0xfd000000-0xfe7fffff]
[    0.000000] PM: Registered nosave memory: [mem 0xfe800000-0xfebfffff]
[    0.000000] PM: Registered nosave memory: [mem 0xfec00000-0xfec00fff]
[    0.000000] PM: Registered nosave memory: [mem 0xfec01000-0xfec7ffff]
[    0.000000] PM: Registered nosave memory: [mem 0xfec80000-0xfed00fff]
[    0.000000] PM: Registered nosave memory: [mem 0xfed01000-0xfed3ffff]
[    0.000000] PM: Registered nosave memory: [mem 0xfed40000-0xfed44fff]
[    0.000000] PM: Registered nosave memory: [mem 0xfed45000-0xfeffffff]
[    0.000000] PM: Registered nosave memory: [mem 0xff000000-0xffffffff]
[    0.000000] [mem 0x90000000-0xfcffffff] available for PCI devices
[    0.000000] Booting paravirtualized kernel on bare hardware
[    0.000000] clocksource: refined-jiffies: mask: 0xffffffff max_cycles: 0xffffffff, max_idle_ns: 1910969940391419 ns
[    0.000000] setup_percpu: NR_CPUS:8192 nr_cpumask_bits:72 nr_cpu_ids:72 nr_node_ids:2
[    0.000000] percpu: Embedded 63 pages/cpu s221184 r8192 d28672 u262144
[    0.000000] pcpu-alloc: s221184 r8192 d28672 u262144 alloc=1*2097152
[    0.000000] pcpu-alloc: [0] 00 02 04 06 08 10 12 14 [0] 16 18 20 22 24 26 28 30 
[    0.000000] pcpu-alloc: [0] 32 34 36 38 40 42 44 46 [0] 48 50 52 54 56 58 60 62 
[    0.000000] pcpu-alloc: [0] 64 66 68 70 -- -- -- -- [1] 01 03 05 07 09 11 13 15 
[    0.000000] pcpu-alloc: [1] 17 19 21 23 25 27 29 31 [1] 33 35 37 39 41 43 45 47 
[    0.000000] pcpu-alloc: [1] 49 51 53 55 57 59 61 63 [1] 65 67 69 71 -- -- -- -- 
[    0.000000] Built 2 zonelists, mobility grouping on.  Total pages: 98737316
[    0.000000] Policy zone: Normal
[    0.000000] Kernel command line: BOOT_IMAGE=(hd0,msdos1)/vmlinuz-4.18.0-513.18.1.el8_9.x86_64 root=/dev/mapper/rl-root ro crashkernel=auto resume=/dev/mapper/rl-swap rd.lvm.lv=rl/root rd.lvm.lv=rl/swap intel_iommu=on iommu=pt default_hugepagesz=1G
[    0.000000] Specific versions of hardware are certified with Enterprise Linux 8. Please see the list of hardware certified with Enterprise Linux 8 at the Red Hat catalog: https://catalog.redhat.com.
[    0.000000] DMAR: IOMMU enabled
[    0.000000] software IO TLB: area num 128.
[    0.000000] Memory: 1354112K/401218940K available (14339K kernel code, 5952K rwdata, 8520K rodata, 2808K init, 26136K bss, 6976232K reserved, 0K cma-reserved)
[    0.000000] SLUB: HWalign=64, Order=0-3, MinObjects=0, CPUs=72, Nodes=2
[    0.000000] ftrace: allocating 40931 entries in 160 pages
[    0.000000] ftrace: allocated 160 pages with 2 groups
[    0.000000] rcu: Hierarchical RCU implementation.
[    0.000000] rcu: 	RCU restricting CPUs from NR_CPUS=8192 to nr_cpu_ids=72.
[    0.000000] 	Rude variant of Tasks RCU enabled.
[    0.000000] 	Tracing variant of Tasks RCU enabled.
[    0.000000] rcu: RCU calculated value of scheduler-enlistment delay is 100 jiffies.
[    0.000000] rcu: Adjusting geometry for rcu_fanout_leaf=16, nr_cpu_ids=72
[    0.000000] NR_IRQS: 524544, nr_irqs: 2360, preallocated irqs: 16
[    0.000000] random: crng done (trusting CPU's manufacturer)
[    0.001000] Console: colour VGA+ 80x25
[    0.001000] printk: console [tty0] enabled
[    0.001000] mempolicy: Enabling automatic NUMA balancing. Configure with numa_balancing= or the kernel.numa_balancing sysctl
[    0.001000] ACPI: Core revision 20220331
[    0.001000] clocksource: hpet: mask: 0xffffffff max_cycles: 0xffffffff, max_idle_ns: 79635855245 ns
[    0.001000] hpet clockevent registered
[    0.001007] APIC: Switch to symmetric I/O mode setup
[    0.001105] DMAR: Host address width 46
[    0.001200] DMAR: DRHD base: 0x000000d37fc000 flags: 0x0
[    0.001304] DMAR: dmar0: reg_base_addr d37fc000 ver 1:0 cap 8d2078c106f0466 ecap f020df
[    0.001419] DMAR: DRHD base: 0x000000e0ffc000 flags: 0x0
[    0.001520] DMAR: dmar1: reg_base_addr e0ffc000 ver 1:0 cap 8d2078c106f0466 ecap f020df
[    0.001634] DMAR: DRHD base: 0x000000ee7fc000 flags: 0x0
[    0.001735] DMAR: dmar2: reg_base_addr ee7fc000 ver 1:0 cap 8d2078c106f0466 ecap f020df
[    0.001849] DMAR: DRHD base: 0x000000fbffc000 flags: 0x0
[    0.001949] DMAR: dmar3: reg_base_addr fbffc000 ver 1:0 cap 8d2078c106f0466 ecap f020df
[    0.002003] DMAR: DRHD base: 0x000000aaffc000 flags: 0x0
[    0.002103] DMAR: dmar4: reg_base_addr aaffc000 ver 1:0 cap 8d2078c106f0466 ecap f020df
[    0.002217] DMAR: DRHD base: 0x000000b87fc000 flags: 0x0
[    0.002319] DMAR: dmar5: reg_base_addr b87fc000 ver 1:0 cap 8d2078c106f0466 ecap f020df
[    0.002433] DMAR: DRHD base: 0x000000c5ffc000 flags: 0x0
[    0.002533] DMAR: dmar6: reg_base_addr c5ffc000 ver 1:0 cap 8d2078c106f0466 ecap f020df
[    0.002647] DMAR: DRHD base: 0x0000009d7fc000 flags: 0x1
[    0.002746] DMAR: dmar7: reg_base_addr 9d7fc000 ver 1:0 cap 8d2078c106f0466 ecap f020df
[    0.002860] DMAR: RMRR base: 0x0000006a6f9000 end: 0x0000006abf8fff
[    0.003003] DMAR: RMRR base: 0x0000006f060000 end: 0x0000006f062fff
[    0.003102] DMAR: ATSR flags: 0x0
[    0.003196] DMAR: ATSR flags: 0x0
[    0.003292] DMAR-IR: IOAPIC id 12 under DRHD base  0xc5ffc000 IOMMU 6
[    0.003392] DMAR-IR: IOAPIC id 11 under DRHD base  0xb87fc000 IOMMU 5
[    0.003491] DMAR-IR: IOAPIC id 10 under DRHD base  0xaaffc000 IOMMU 4
[    0.003590] DMAR-IR: IOAPIC id 18 under DRHD base  0xfbffc000 IOMMU 3
[    0.003688] DMAR-IR: IOAPIC id 17 under DRHD base  0xee7fc000 IOMMU 2
[    0.003787] DMAR-IR: IOAPIC id 16 under DRHD base  0xe0ffc000 IOMMU 1
[    0.003886] DMAR-IR: IOAPIC id 15 under DRHD base  0xd37fc000 IOMMU 0
[    0.004003] DMAR-IR: IOAPIC id 8 under DRHD base  0x9d7fc000 IOMMU 7
[    0.004102] DMAR-IR: IOAPIC id 9 under DRHD base  0x9d7fc000 IOMMU 7
[    0.004200] DMAR-IR: HPET id 0 under DRHD base 0x9d7fc000
[    0.004298] DMAR-IR: Queued invalidation will be enabled to support x2apic and Intr-remapping.
[    0.006411] DMAR-IR: Enabled IRQ remapping in x2apic mode
[    0.007662] ..TIMER: vector=0x30 apic1=0 pin1=2 apic2=-1 pin2=-1
[    0.012011] clocksource: tsc-early: mask: 0xffffffffffffffff max_cycles: 0x257a3c3232d, max_idle_ns: 440795236700 ns
[    0.012132] Calibrating delay loop (skipped), value calculated using timer frequency.. 5200.00 BogoMIPS (lpj=2600000)
[    0.012251] pid_max: default: 73728 minimum: 576
[    0.012696] LSM: Security Framework initializing
[    0.012847] Yama: becoming mindful.
[    0.012968] SELinux:  Initializing.
[    0.013192] LSM support for eBPF active
[    0.037889] Dentry cache hash table entries: 16777216 (order: 15, 134217728 bytes, vmalloc)
[    0.049649] Inode-cache hash table entries: 8388608 (order: 14, 67108864 bytes, vmalloc)
[    0.050222] Mount-cache hash table entries: 262144 (order: 9, 2097152 bytes, vmalloc)
[    0.050698] Mountpoint-cache hash table entries: 262144 (order: 9, 2097152 bytes, vmalloc)
[    0.051722] CPU0: Thermal monitoring enabled (TM1)
[    0.051867] process: using mwait in idle threads
[    0.051966] Last level iTLB entries: 4KB 64, 2MB 8, 4MB 8
[    0.052001] Last level dTLB entries: 4KB 64, 2MB 0, 4MB 0, 1GB 4
[    0.052104] Spectre V1 : Mitigation: usercopy/swapgs barriers and __user pointer sanitization
[    0.052219] Spectre V2 : Mitigation: Enhanced / Automatic IBRS
[    0.052317] Spectre V2 : Spectre v2 / SpectreRSB mitigation: Filling RSB on context switch
[    0.052432] Spectre V2 : Spectre v2 / PBRSB-eIBRS: Retire a single CALL on VMEXIT
[    0.052544] RETBleed: Mitigation: Enhanced IBRS
[    0.052642] Spectre V2 : mitigation: Enabling conditional Indirect Branch Prediction Barrier
[    0.052757] Speculative Store Bypass: Mitigation: Speculative Store Bypass disabled via prctl
[    0.052875] TAA: Mitigation: TSX disabled
[    0.053000] MMIO Stale Data: Mitigation: Clear CPU buffers
[    0.053106] GDS: Mitigation: Microcode
[    0.069423] Freeing SMP alternatives memory: 36K
[    0.071074] smpboot: Estimated ratio of average max frequency by base frequency (times 1024): 1024
[    0.071207] smpboot: CPU0: Intel(R) Xeon(R) Gold 6240Y CPU @ 2.60GHz (family: 0x6, model: 0x55, stepping: 0x7)
[    0.071600] Performance Events: PEBS fmt3+, Skylake events, 32-deep LBR, full-width counters, Intel PMU driver.
[    0.071756] ... version:                4
[    0.071851] ... bit width:              48
[    0.071946] ... generic registers:      4
[    0.072000] ... value mask:             0000ffffffffffff
[    0.072000] ... max period:             00007fffffffffff
[    0.072001] ... fixed-purpose events:   3
[    0.072096] ... event mask:             000000070000000f
[    0.072299] rcu: Hierarchical SRCU implementation.
[    0.079926] NMI watchdog: Enabled. Permanently consumes one hw-PMU counter.
[    0.080017] smp: Bringing up secondary CPUs ...
[    0.080260] x86: Booting SMP configuration:
[    0.080356] .... node  #1, CPUs:        #1
[    0.001000] smpboot: CPU 1 Converting physical 0 to logical die 1
[    0.150141] 
[    0.150424] .... node  #0, CPUs:    #2
[    0.157302] .... node  #1, CPUs:    #3
[    0.164589] .... node  #0, CPUs:    #4
[    0.171295] .... node  #1, CPUs:    #5
[    0.179097] .... node  #0, CPUs:    #6
[    0.185300] .... node  #1, CPUs:    #7
[    0.193001] .... node  #0, CPUs:    #8
[    0.199297] .... node  #1, CPUs:    #9
[    0.207195] .... node  #0, CPUs:   #10
[    0.213502] .... node  #1, CPUs:   #11
[    0.221225] .... node  #0, CPUs:   #12
[    0.228188] .... node  #1, CPUs:   #13
[    0.235574] .... node  #0, CPUs:   #14
[    0.242298] .... node  #1, CPUs:   #15
[    0.249536] .... node  #0, CPUs:   #16
[    0.256305] .... node  #1, CPUs:   #17
[    0.263342] .... node  #0, CPUs:   #18
[    0.270308] .... node  #1, CPUs:   #19
[    0.278001] .... node  #0, CPUs:   #20
[    0.284384] .... node  #1, CPUs:   #21
[    0.292226] .... node  #0, CPUs:   #22
[    0.299002] .... node  #1, CPUs:   #23
[    0.306226] .... node  #0, CPUs:   #24
[    0.312554] .... node  #1, CPUs:   #25
[    0.320225] .... node  #0, CPUs:   #26
[    0.326456] .... node  #1, CPUs:   #27
[    0.334235] .... node  #0, CPUs:   #28
[    0.340474] .... node  #1, CPUs:   #29
[    0.348224] .... node  #0, CPUs:   #30
[    0.355122] .... node  #1, CPUs:   #31
[    0.362400] .... node  #0, CPUs:   #32
[    0.369195] .... node  #1, CPUs:   #33
[    0.376302] .... node  #0, CPUs:   #34
[    0.383231] .... node  #1, CPUs:   #35
[    0.390362] .... node  #0, CPUs:   #36
[    0.391179] MMIO Stale Data CPU bug present and SMT on, data leak possible. See https://www.kernel.org/doc/html/latest/admin-guide/hw-vuln/processor_mmio_stale_data.html for more details.
[    0.391445] 
[    0.391536] .... node  #1, CPUs:   #37
[    0.394226] .... node  #0, CPUs:   #38
[    0.396382] .... node  #1, CPUs:   #39
[    0.399189] .... node  #0, CPUs:   #40
[    0.401306] .... node  #1, CPUs:   #41
[    0.404000] .... node  #0, CPUs:   #42
[    0.407146] .... node  #1, CPUs:   #43
[    0.409231] .... node  #0, CPUs:   #44
[    0.412001] .... node  #1, CPUs:   #45
[    0.414229] .... node  #0, CPUs:   #46
[    0.416501] .... node  #1, CPUs:   #47
[    0.420001] .... node  #0, CPUs:   #48
[    0.422307] .... node  #1, CPUs:   #49
[    0.424635] .... node  #0, CPUs:   #50
[    0.427302] .... node  #1, CPUs:   #51
[    0.429431] .... node  #0, CPUs:   #52
[    0.432184] .... node  #1, CPUs:   #53
[    0.434221] .... node  #0, CPUs:   #54
[    0.437001] .... node  #1, CPUs:   #55
[    0.439228] .... node  #0, CPUs:   #56
[    0.442001] .... node  #1, CPUs:   #57
[    0.444224] .... node  #0, CPUs:   #58
[    0.446510] .... node  #1, CPUs:   #59
[    0.449229] .... node  #0, CPUs:   #60
[    0.451308] .... node  #1, CPUs:   #61
[    0.454131] .... node  #0, CPUs:   #62
[    0.456312] .... node  #1, CPUs:   #63
[    0.458537] .... node  #0, CPUs:   #64
[    0.461315] .... node  #1, CPUs:   #65
[    0.463458] .... node  #0, CPUs:   #66
[    0.466312] .... node  #1, CPUs:   #67
[    0.468444] .... node  #0, CPUs:   #68
[    0.471220] .... node  #1, CPUs:   #69
[    0.473229] .... node  #0, CPUs:   #70
[    0.476001] .... node  #1, CPUs:   #71
[    0.478128] smp: Brought up 2 nodes, 72 CPUs
[    0.478193] smpboot: Max logical packages: 2
[    0.478289] smpboot: Total of 72 processors activated (374641.84 BogoMIPS)
[    0.569019] node 1 deferred pages initialised in 88ms
[    0.572046] node 0 deferred pages initialised in 91ms
[    0.588063] devtmpfs: initialized
[    0.588153] x86/mm: Memory block size: 2048MB
[    0.595143] ACPI: PM: Registering ACPI NVS region [mem 0x6ebff000-0x6f9fefff] (14680064 bytes)
[    0.595514] clocksource: jiffies: mask: 0xffffffff max_cycles: 0xffffffff, max_idle_ns: 1911260446275000 ns
[    0.595711] futex hash table entries: 32768 (order: 9, 2097152 bytes, vmalloc)
[    0.596531] pinctrl core: initialized pinctrl subsystem
[    0.597038] NET: Registered protocol family 16
[    0.597299] DMA: preallocated 4096 KiB GFP_KERNEL pool for atomic allocations
[    0.597410] DMA: preallocated 4096 KiB GFP_KERNEL|GFP_DMA pool for atomic allocations
[    0.597534] DMA: preallocated 4096 KiB GFP_KERNEL|GFP_DMA32 pool for atomic allocations
[    0.597676] audit: initializing netlink subsys (disabled)
[    0.597779] audit: type=2000 audit(1712049114.597:1): state=initialized audit_enabled=0 res=1
[    0.598017] cpuidle: using governor menu
[    0.598102] Detected 1 PCC Subspaces
[    0.598243] Registering PCC driver as Mailbox controller
[    0.598443] ACPI FADT declares the system doesn't support PCIe ASPM, so disable it
[    0.598443] acpiphp: ACPI Hot Plug PCI Controller Driver version: 0.5
[    0.598443] PCI: MMCONFIG for domain 0000 [bus 00-ff] at [mem 0x80000000-0x8fffffff] (base 0x80000000)
[    0.598443] PCI: MMCONFIG at [mem 0x80000000-0x8fffffff] reserved in E820
[    0.598488] pmd_set_huge: Cannot satisfy [mem 0x80000000-0x80200000] with a huge-page mapping due to MTRR override.
[    0.599017] PCI: Using configuration type 1 for base access
[    0.599164] PCI: Dell System detected, enabling pci=bfsort.
[    0.602005] ENERGY_PERF_BIAS: Set to 'normal', was 'performance'
[    0.605061] HugeTLB registered 1.00 GiB page size, pre-allocated 0 pages
[    0.605109] HugeTLB registered 2.00 MiB page size, pre-allocated 0 pages
[    0.605317] cryptd: max_cpu_qlen set to 1000
[    0.606146] ACPI: Added _OSI(Module Device)
[    0.606242] ACPI: Added _OSI(Processor Device)
[    0.606338] ACPI: Added _OSI(3.0 _SCP Extensions)
[    0.606434] ACPI: Added _OSI(Processor Aggregator Device)
[    0.606531] ACPI: Added _OSI(Linux-Dell-Video)
[    0.606626] ACPI: Added _OSI(Linux-Lenovo-NV-HDMI-Audio)
[    0.606723] ACPI: Added _OSI(Linux-HPI-Hybrid-Graphics)
[    0.684888] ACPI: 5 ACPI AML tables successfully acquired and loaded
[    0.692763] ACPI: [Firmware Bug]: BIOS _OSI(Linux) query ignored
[    0.699551] ACPI: Dynamic OEM Table Load:
[    0.846456] ACPI: Interpreter enabled
[    0.846574] ACPI: PM: (supports S0 S5)
[    0.846668] ACPI: Using IOAPIC for interrupt routing
[    0.846836] HEST: Table parsing has been initialized.
[    0.846934] PCI: Using host bridge windows from ACPI; if necessary, use "pci=nocrs" and report a bug
[    0.848014] ACPI: Enabled 5 GPEs in block 00 to 7F
[    0.901193] ACPI: PCI Root Bridge [PC00] (domain 0000 [bus 00-16])
[    0.901298] acpi PNP0A08:00: _OSC: OS supports [ExtendedConfig ASPM ClockPM Segments MSI EDR HPX-Type3]
[    0.901455] acpi PNP0A08:00: _OSC: platform does not support [SHPCHotplug AER LTR DPC]
[    0.901631] acpi PNP0A08:00: _OSC: OS now controls [PCIeHotplug PME PCIeCapability]
[    0.901744] acpi PNP0A08:00: FADT indicates ASPM is unsupported, using BIOS configuration
[    0.903861] PCI host bridge to bus 0000:00
[    0.903957] pci_bus 0000:00: root bus resource [io  0x0000-0x0cf7 window]
[    0.904001] pci_bus 0000:00: root bus resource [io  0x1000-0x3fff window]
[    0.904100] pci_bus 0000:00: root bus resource [mem 0x000a0000-0x000bffff window]
[    0.904213] pci_bus 0000:00: root bus resource [mem 0x000c4000-0x000c7fff window]
[    0.904325] pci_bus 0000:00: root bus resource [mem 0xfe010000-0xfe010fff window]
[    0.904438] pci_bus 0000:00: root bus resource [mem 0x90000000-0x9d7fffff window]
[    0.904551] pci_bus 0000:00: root bus resource [mem 0x380000000000-0x380fffffffff window]
[    0.904665] pci_bus 0000:00: root bus resource [bus 00-16]
[    0.904790] pci 0000:00:00.0: [8086:2020] type 00 class 0x060000
[    0.905044] pci 0000:00:05.0: [8086:2024] type 00 class 0x088000
[    0.905262] pci 0000:00:05.2: [8086:2025] type 00 class 0x088000
[    0.905454] pci 0000:00:05.4: [8086:2026] type 00 class 0x080020
[    0.905568] pci 0000:00:05.4: reg 0x10: [mem 0x93020000-0x93020fff]
[    0.905783] pci 0000:00:08.0: [8086:2014] type 00 class 0x088000
[    0.905976] pci 0000:00:08.1: [8086:2015] type 00 class 0x110100
[    0.906076] pci 0000:00:08.2: [8086:2016] type 00 class 0x088000
[    0.906286] pci 0000:00:11.0: [8086:a1ec] type 00 class 0xff0000
[    0.906385] pci 0000:00:11.0: device has non-compliant BARs; disabling IO/MEM decoding
[    0.906600] pci 0000:00:11.5: [8086:a1d2] type 00 class 0x010601
[    0.906719] pci 0000:00:11.5: reg 0x10: [mem 0x93016000-0x93017fff]
[    0.906831] pci 0000:00:11.5: reg 0x14: [mem 0x9301f000-0x9301f0ff]
[    0.906942] pci 0000:00:11.5: reg 0x18: [io  0x2068-0x206f]
[    0.907013] pci 0000:00:11.5: reg 0x1c: [io  0x2074-0x2077]
[    0.907124] pci 0000:00:11.5: reg 0x20: [io  0x2040-0x205f]
[    0.907233] pci 0000:00:11.5: reg 0x24: [mem 0x92f80000-0x92ffffff]
[    0.907372] pci 0000:00:11.5: PME# supported from D3hot
[    0.907700] pci 0000:00:14.0: [8086:a1af] type 00 class 0x0c0330
[    0.907828] pci 0000:00:14.0: reg 0x10: [mem 0x93000000-0x9300ffff 64bit]
[    0.908020] pci 0000:00:14.0: PME# supported from D3hot D3cold
[    0.908390] pci 0000:00:14.2: [8086:a1b1] type 00 class 0x118000
[    0.908518] pci 0000:00:14.2: reg 0x10: [mem 0x9301c000-0x9301cfff 64bit]
[    0.908780] pci 0000:00:16.0: [8086:a1ba] type 00 class 0x078000
[    0.908911] pci 0000:00:16.0: reg 0x10: [mem 0x9301b000-0x9301bfff 64bit]
[    0.909113] pci 0000:00:16.0: PME# supported from D3hot
[    0.909282] pci 0000:00:16.1: [8086:a1bb] type 00 class 0x078000
[    0.909415] pci 0000:00:16.1: reg 0x10: [mem 0x9301a000-0x9301afff 64bit]
[    0.909626] pci 0000:00:16.1: PME# supported from D3hot
[    0.909801] pci 0000:00:16.4: [8086:a1be] type 00 class 0x078000
[    0.909933] pci 0000:00:16.4: reg 0x10: [mem 0x93019000-0x93019fff 64bit]
[    0.910112] pci 0000:00:16.4: PME# supported from D3hot
[    0.910282] pci 0000:00:17.0: [8086:a182] type 00 class 0x010601
[    0.910404] pci 0000:00:17.0: reg 0x10: [mem 0x93014000-0x93015fff]
[    0.910516] pci 0000:00:17.0: reg 0x14: [mem 0x9301e000-0x9301e0ff]
[    0.910628] pci 0000:00:17.0: reg 0x18: [io  0x2060-0x2067]
[    0.910740] pci 0000:00:17.0: reg 0x1c: [io  0x2070-0x2073]
[    0.910851] pci 0000:00:17.0: reg 0x20: [io  0x2020-0x203f]
[    0.910962] pci 0000:00:17.0: reg 0x24: [mem 0x92f00000-0x92f7ffff]
[    0.911043] pci 0000:00:17.0: PME# supported from D3hot
[    0.911365] pci 0000:00:1c.0: [8086:a190] type 01 class 0x060400
[    0.911554] pci 0000:00:1c.0: PME# supported from D0 D3hot D3cold
[    0.912180] pci 0000:00:1c.4: [8086:a194] type 01 class 0x060400
[    0.912367] pci 0000:00:1c.4: PME# supported from D0 D3hot D3cold
[    0.912976] pci 0000:00:1c.5: [8086:a195] type 01 class 0x060400
[    0.913091] pci 0000:00:1c.5: PME# supported from D0 D3hot D3cold
[    0.913700] pci 0000:00:1f.0: [8086:a1c1] type 00 class 0x060100
[    0.914176] pci 0000:00:1f.2: [8086:a1a1] type 00 class 0x058000
[    0.914297] pci 0000:00:1f.2: reg 0x10: [mem 0x93010000-0x93013fff]
[    0.914686] pci 0000:00:1f.4: [8086:a1a3] type 00 class 0x0c0500
[    0.914815] pci 0000:00:1f.4: reg 0x10: [mem 0x93018000-0x930180ff 64bit]
[    0.914956] pci 0000:00:1f.4: reg 0x20: [io  0x2000-0x201f]
[    0.915088] pci 0000:00:1f.5: [8086:a1a4] type 00 class 0x0c8000
[    0.915209] pci 0000:00:1f.5: reg 0x10: [mem 0xfe010000-0xfe010fff]
[    0.915480] pci 0000:00:1c.0: PCI bridge to [bus 01]
[    0.915580] pci 0000:00:1c.0:   bridge window [mem 0x92a00000-0x92dfffff]
[    0.915738] pci 0000:02:00.0: [1556:be00] type 01 class 0x060400
[    0.919014] pci 0000:00:1c.4: PCI bridge to [bus 02-03]
[    0.919114] pci 0000:00:1c.4:   bridge window [mem 0x92000000-0x928fffff]
[    0.919216] pci 0000:00:1c.4:   bridge window [mem 0x91000000-0x91ffffff 64bit pref]
[    0.919361] pci_bus 0000:03: extended config space not accessible
[    0.919478] pci 0000:03:00.0: [102b:0536] type 00 class 0x030000
[    0.919605] pci 0000:03:00.0: reg 0x10: [mem 0x91000000-0x91ffffff pref]
[    0.919721] pci 0000:03:00.0: reg 0x14: [mem 0x92808000-0x9280bfff]
[    0.919835] pci 0000:03:00.0: reg 0x18: [mem 0x92000000-0x927fffff]
[    0.920103] pci 0000:02:00.0: PCI bridge to [bus 03]
[    0.920206] pci 0000:02:00.0:   bridge window [mem 0x92000000-0x928fffff]
[    0.920310] pci 0000:02:00.0:   bridge window [mem 0x91000000-0x91ffffff 64bit pref]
[    0.920507] pci 0000:04:00.0: [14e4:165f] type 00 class 0x020000
[    0.920641] pci 0000:04:00.0: reg 0x10: [mem 0x92e30000-0x92e3ffff 64bit pref]
[    0.920778] pci 0000:04:00.0: reg 0x18: [mem 0x92e40000-0x92e4ffff 64bit pref]
[    0.921025] pci 0000:04:00.0: reg 0x20: [mem 0x92e50000-0x92e5ffff 64bit pref]
[    0.921153] pci 0000:04:00.0: reg 0x30: [mem 0xfffc0000-0xffffffff pref]
[    0.921341] pci 0000:04:00.0: PME# supported from D0 D3hot D3cold
[    0.921492] pci 0000:04:00.0: 4.000 Gb/s available PCIe bandwidth, limited by 5.0 GT/s PCIe x1 link at 0000:00:1c.5 (capable of 8.000 Gb/s with 5.0 GT/s PCIe x2 link)
[    0.922187] pci 0000:04:00.1: [14e4:165f] type 00 class 0x020000
[    0.922320] pci 0000:04:00.1: reg 0x10: [mem 0x92e00000-0x92e0ffff 64bit pref]
[    0.922457] pci 0000:04:00.1: reg 0x18: [mem 0x92e10000-0x92e1ffff 64bit pref]
[    0.922593] pci 0000:04:00.1: reg 0x20: [mem 0x92e20000-0x92e2ffff 64bit pref]
[    0.922721] pci 0000:04:00.1: reg 0x30: [mem 0xfffc0000-0xffffffff pref]
[    0.922908] pci 0000:04:00.1: PME# supported from D0 D3hot D3cold
[    0.923567] pci 0000:00:1c.5: PCI bridge to [bus 04]
[    0.923669] pci 0000:00:1c.5:   bridge window [mem 0x92e00000-0x92efffff 64bit pref]
[    0.923806] pci_bus 0000:00: on NUMA node 0
[    0.924113] ACPI: PCI: Interrupt link LNKA configured for IRQ 11
[    0.924287] ACPI: PCI: Interrupt link LNKB configured for IRQ 6
[    0.924460] ACPI: PCI: Interrupt link LNKC configured for IRQ 5
[    0.924631] ACPI: PCI: Interrupt link LNKD configured for IRQ 11
[    0.924803] ACPI: PCI: Interrupt link LNKE configured for IRQ 11
[    0.924976] ACPI: PCI: Interrupt link LNKF configured for IRQ 6
[    0.925075] ACPI: PCI: Interrupt link LNKG configured for IRQ 5
[    0.925246] ACPI: PCI: Interrupt link LNKH configured for IRQ 11
[    0.925706] ACPI: PCI Root Bridge [PC01] (domain 0000 [bus 17-39])
[    0.925808] acpi PNP0A08:01: _OSC: OS supports [ExtendedConfig ASPM ClockPM Segments MSI EDR HPX-Type3]
[    0.925994] acpi PNP0A08:01: _OSC: platform does not support [SHPCHotplug AER LTR DPC]
[    0.926126] acpi PNP0A08:01: _OSC: OS now controls [PCIeHotplug PME PCIeCapability]
[    0.926239] acpi PNP0A08:01: FADT indicates ASPM is unsupported, using BIOS configuration
[    0.926607] PCI host bridge to bus 0000:17
[    0.926703] pci_bus 0000:17: root bus resource [io  0x4000-0x5fff window]
[    0.926803] pci_bus 0000:17: root bus resource [mem 0x9d800000-0xaaffffff window]
[    0.926916] pci_bus 0000:17: root bus resource [mem 0x381000000000-0x381fffffffff window]
[    0.927001] pci_bus 0000:17: root bus resource [bus 17-39]
[    0.927117] pci 0000:17:02.0: [8086:2032] type 01 class 0x060400
[    0.927262] pci 0000:17:02.0: enabling Extended Tags
[    0.927392] pci 0000:17:02.0: PME# supported from D0 D3hot D3cold
[    0.927583] pci 0000:17:03.0: [8086:2033] type 01 class 0x060400
[    0.927728] pci 0000:17:03.0: enabling Extended Tags
[    0.927856] pci 0000:17:03.0: PME# supported from D0 D3hot D3cold
[    0.928042] pci 0000:17:05.0: [8086:2034] type 00 class 0x088000
[    0.928234] pci 0000:17:05.2: [8086:2035] type 00 class 0x088000
[    0.928424] pci 0000:17:05.4: [8086:2036] type 00 class 0x080020
[    0.928538] pci 0000:17:05.4: reg 0x10: [mem 0x9e000000-0x9e000fff]
[    0.928747] pci 0000:17:08.0: [8086:208d] type 00 class 0x088000
[    0.928930] pci 0000:17:08.1: [8086:208d] type 00 class 0x088000
[    0.929067] pci 0000:17:08.2: [8086:208d] type 00 class 0x088000
[    0.929230] pci 0000:17:08.3: [8086:208d] type 00 class 0x088000
[    0.929392] pci 0000:17:08.4: [8086:208d] type 00 class 0x088000
[    0.929554] pci 0000:17:08.5: [8086:208d] type 00 class 0x088000
[    0.929717] pci 0000:17:08.6: [8086:208d] type 00 class 0x088000
[    0.929880] pci 0000:17:08.7: [8086:208d] type 00 class 0x088000
[    0.930045] pci 0000:17:09.0: [8086:208d] type 00 class 0x088000
[    0.930228] pci 0000:17:09.1: [8086:208d] type 00 class 0x088000
[    0.930391] pci 0000:17:09.2: [8086:208d] type 00 class 0x088000
[    0.930554] pci 0000:17:09.3: [8086:208d] type 00 class 0x088000
[    0.930718] pci 0000:17:09.4: [8086:208d] type 00 class 0x088000
[    0.930885] pci 0000:17:09.5: [8086:208d] type 00 class 0x088000
[    0.931050] pci 0000:17:09.6: [8086:208d] type 00 class 0x088000
[    0.931213] pci 0000:17:09.7: [8086:208d] type 00 class 0x088000
[    0.931379] pci 0000:17:0a.0: [8086:208d] type 00 class 0x088000
[    0.931562] pci 0000:17:0a.1: [8086:208d] type 00 class 0x088000
[    0.931726] pci 0000:17:0a.2: [8086:208d] type 00 class 0x088000
[    0.931890] pci 0000:17:0a.3: [8086:208d] type 00 class 0x088000
[    0.932053] pci 0000:17:0a.4: [8086:208d] type 00 class 0x088000
[    0.932217] pci 0000:17:0a.5: [8086:208d] type 00 class 0x088000
[    0.932380] pci 0000:17:0a.6: [8086:208d] type 00 class 0x088000
[    0.932543] pci 0000:17:0a.7: [8086:208d] type 00 class 0x088000
[    0.932708] pci 0000:17:0b.0: [8086:208d] type 00 class 0x088000
[    0.932891] pci 0000:17:0b.1: [8086:208d] type 00 class 0x088000
[    0.933053] pci 0000:17:0b.2: [8086:208d] type 00 class 0x088000
[    0.933216] pci 0000:17:0b.3: [8086:208d] type 00 class 0x088000
[    0.933384] pci 0000:17:0e.0: [8086:208e] type 00 class 0x088000
[    0.933564] pci 0000:17:0e.1: [8086:208e] type 00 class 0x088000
[    0.933727] pci 0000:17:0e.2: [8086:208e] type 00 class 0x088000
[    0.933889] pci 0000:17:0e.3: [8086:208e] type 00 class 0x088000
[    0.934053] pci 0000:17:0e.4: [8086:208e] type 00 class 0x088000
[    0.934215] pci 0000:17:0e.5: [8086:208e] type 00 class 0x088000
[    0.934379] pci 0000:17:0e.6: [8086:208e] type 00 class 0x088000
[    0.934541] pci 0000:17:0e.7: [8086:208e] type 00 class 0x088000
[    0.934708] pci 0000:17:0f.0: [8086:208e] type 00 class 0x088000
[    0.934888] pci 0000:17:0f.1: [8086:208e] type 00 class 0x088000
[    0.935050] pci 0000:17:0f.2: [8086:208e] type 00 class 0x088000
[    0.935213] pci 0000:17:0f.3: [8086:208e] type 00 class 0x088000
[    0.935376] pci 0000:17:0f.4: [8086:208e] type 00 class 0x088000
[    0.935538] pci 0000:17:0f.5: [8086:208e] type 00 class 0x088000
[    0.935701] pci 0000:17:0f.6: [8086:208e] type 00 class 0x088000
[    0.935864] pci 0000:17:0f.7: [8086:208e] type 00 class 0x088000
[    0.936028] pci 0000:17:10.0: [8086:208e] type 00 class 0x088000
[    0.936207] pci 0000:17:10.1: [8086:208e] type 00 class 0x088000
[    0.936370] pci 0000:17:10.2: [8086:208e] type 00 class 0x088000
[    0.936532] pci 0000:17:10.3: [8086:208e] type 00 class 0x088000
[    0.936697] pci 0000:17:10.4: [8086:208e] type 00 class 0x088000
[    0.936858] pci 0000:17:10.5: [8086:208e] type 00 class 0x088000
[    0.937020] pci 0000:17:10.6: [8086:208e] type 00 class 0x088000
[    0.937182] pci 0000:17:10.7: [8086:208e] type 00 class 0x088000
[    0.937345] pci 0000:17:11.0: [8086:208e] type 00 class 0x088000
[    0.937525] pci 0000:17:11.1: [8086:208e] type 00 class 0x088000
[    0.937688] pci 0000:17:11.2: [8086:208e] type 00 class 0x088000
[    0.937849] pci 0000:17:11.3: [8086:208e] type 00 class 0x088000
[    0.938026] pci 0000:17:1d.0: [8086:2054] type 00 class 0x088000
[    0.938205] pci 0000:17:1d.1: [8086:2055] type 00 class 0x088000
[    0.938369] pci 0000:17:1d.2: [8086:2056] type 00 class 0x088000
[    0.938532] pci 0000:17:1d.3: [8086:2057] type 00 class 0x088000
[    0.938700] pci 0000:17:1e.0: [8086:2080] type 00 class 0x088000
[    0.938879] pci 0000:17:1e.1: [8086:2081] type 00 class 0x088000
[    0.939042] pci 0000:17:1e.2: [8086:2082] type 00 class 0x088000
[    0.939255] pci 0000:17:1e.3: [8086:2083] type 00 class 0x088000
[    0.939421] pci 0000:17:1e.4: [8086:2084] type 00 class 0x088000
[    0.939585] pci 0000:17:1e.5: [8086:2085] type 00 class 0x088000
[    0.939749] pci 0000:17:1e.6: [8086:2086] type 00 class 0x088000
[    0.939948] pci 0000:17:02.0: PCI bridge to [bus 18]
[    0.940002] pci 0000:17:02.0:   bridge window [mem 0x9dc00000-0x9dffffff]
[    0.940137] pci 0000:17:03.0: PCI bridge to [bus 19]
[    0.940235] pci 0000:17:03.0:   bridge window [mem 0x9d800000-0x9dbfffff]
[    0.940356] pci_bus 0000:17: on NUMA node 0
[    0.940496] ACPI: PCI Root Bridge [PC02] (domain 0000 [bus 3a-5c])
[    0.940597] acpi PNP0A08:02: _OSC: OS supports [ExtendedConfig ASPM ClockPM Segments MSI EDR HPX-Type3]
[    0.940773] acpi PNP0A08:02: _OSC: platform does not support [SHPCHotplug AER LTR DPC]
[    0.940987] acpi PNP0A08:02: _OSC: OS now controls [PCIeHotplug PME PCIeCapability]
[    0.941001] acpi PNP0A08:02: FADT indicates ASPM is unsupported, using BIOS configuration
[    0.941375] PCI host bridge to bus 0000:3a
[    0.941470] pci_bus 0000:3a: root bus resource [io  0x6000-0x7fff window]
[    0.941570] pci_bus 0000:3a: root bus resource [mem 0xab000000-0xb87fffff window]
[    0.941683] pci_bus 0000:3a: root bus resource [mem 0x382000000000-0x382fffffffff window]
[    0.941798] pci_bus 0000:3a: root bus resource [bus 3a-5c]
[    0.941911] pci 0000:3a:00.0: [8086:2030] type 01 class 0x060400
[    0.942076] pci 0000:3a:00.0: PME# supported from D0 D3hot D3cold
[    0.942641] pci 0000:3a:02.0: [8086:2032] type 01 class 0x060400
[    0.942813] pci 0000:3a:02.0: PME# supported from D0 D3hot D3cold
[    0.943303] pci 0000:3a:05.0: [8086:2034] type 00 class 0x088000
[    0.943495] pci 0000:3a:05.2: [8086:2035] type 00 class 0x088000
[    0.943682] pci 0000:3a:05.4: [8086:2036] type 00 class 0x080020
[    0.943796] pci 0000:3a:05.4: reg 0x10: [mem 0xadd00000-0xadd00fff]
[    0.944002] pci 0000:3a:08.0: [8086:2066] type 00 class 0x088000
[    0.944199] pci 0000:3a:09.0: [8086:2066] type 00 class 0x088000
[    0.944396] pci 0000:3a:0a.0: [8086:2040] type 00 class 0x088000
[    0.944588] pci 0000:3a:0a.1: [8086:2041] type 00 class 0x088000
[    0.944764] pci 0000:3a:0a.2: [8086:2042] type 00 class 0x088000
[    0.944941] pci 0000:3a:0a.3: [8086:2043] type 00 class 0x088000
[    0.945078] pci 0000:3a:0a.4: [8086:2044] type 00 class 0x088000
[    0.945253] pci 0000:3a:0a.5: [8086:2045] type 00 class 0x088000
[    0.945431] pci 0000:3a:0a.6: [8086:2046] type 00 class 0x088000
[    0.945607] pci 0000:3a:0a.7: [8086:2047] type 00 class 0x088000
[    0.945783] pci 0000:3a:0b.0: [8086:2048] type 00 class 0x088000
[    0.945983] pci 0000:3a:0b.1: [8086:2049] type 00 class 0x088000
[    0.946078] pci 0000:3a:0b.2: [8086:204a] type 00 class 0x088000
[    0.946253] pci 0000:3a:0b.3: [8086:204b] type 00 class 0x088000
[    0.946431] pci 0000:3a:0c.0: [8086:2040] type 00 class 0x088000
[    0.946626] pci 0000:3a:0c.1: [8086:2041] type 00 class 0x088000
[    0.946804] pci 0000:3a:0c.2: [8086:2042] type 00 class 0x088000
[    0.946982] pci 0000:3a:0c.3: [8086:2043] type 00 class 0x088000
[    0.947081] pci 0000:3a:0c.4: [8086:2044] type 00 class 0x088000
[    0.947260] pci 0000:3a:0c.5: [8086:2045] type 00 class 0x088000
[    0.947437] pci 0000:3a:0c.6: [8086:2046] type 00 class 0x088000
[    0.947614] pci 0000:3a:0c.7: [8086:2047] type 00 class 0x088000
[    0.947792] pci 0000:3a:0d.0: [8086:2048] type 00 class 0x088000
[    0.947986] pci 0000:3a:0d.1: [8086:2049] type 00 class 0x088000
[    0.948080] pci 0000:3a:0d.2: [8086:204a] type 00 class 0x088000
[    0.948262] pci 0000:3a:0d.3: [8086:204b] type 00 class 0x088000
[    0.948483] pci 0000:3b:00.0: [8086:158b] type 00 class 0x020000
[    0.948606] pci 0000:3b:00.0: reg 0x10: [mem 0xac000000-0xacffffff 64bit pref]
[    0.948749] pci 0000:3b:00.0: reg 0x1c: [mem 0xad808000-0xad80ffff 64bit pref]
[    0.948885] pci 0000:3b:00.0: reg 0x30: [mem 0xfff80000-0xffffffff pref]
[    0.949050] pci 0000:3b:00.0: PME# supported from D0 D3hot D3cold
[    0.949175] pci 0000:3b:00.0: reg 0x184: [mem 0xad400000-0xad40ffff 64bit pref]
[    0.949288] pci 0000:3b:00.0: VF(n) BAR0 space: [mem 0xad400000-0xad7fffff 64bit pref] (contains BAR0 for 64 VFs)
[    0.949422] pci 0000:3b:00.0: reg 0x190: [mem 0xad910000-0xad913fff 64bit pref]
[    0.949534] pci 0000:3b:00.0: VF(n) BAR3 space: [mem 0xad910000-0xada0ffff 64bit pref] (contains BAR3 for 64 VFs)
[    0.949823] pci 0000:3b:00.1: [8086:158b] type 00 class 0x020000
[    0.949947] pci 0000:3b:00.1: reg 0x10: [mem 0xab000000-0xabffffff 64bit pref]
[    0.950030] pci 0000:3b:00.1: reg 0x1c: [mem 0xad800000-0xad807fff 64bit pref]
[    0.950167] pci 0000:3b:00.1: reg 0x30: [mem 0xfff80000-0xffffffff pref]
[    0.950313] pci 0000:3b:00.1: PME# supported from D0 D3hot D3cold
[    0.950433] pci 0000:3b:00.1: reg 0x184: [mem 0xad000000-0xad00ffff 64bit pref]
[    0.950546] pci 0000:3b:00.1: VF(n) BAR0 space: [mem 0xad000000-0xad3fffff 64bit pref] (contains BAR0 for 64 VFs)
[    0.950680] pci 0000:3b:00.1: reg 0x190: [mem 0xad810000-0xad813fff 64bit pref]
[    0.950792] pci 0000:3b:00.1: VF(n) BAR3 space: [mem 0xad810000-0xad90ffff 64bit pref] (contains BAR3 for 64 VFs)
[    0.951074] pci 0000:3a:00.0: PCI bridge to [bus 3b-3c]
[    0.951175] pci 0000:3a:00.0:   bridge window [mem 0xab000000-0xadafffff 64bit pref]
[    0.951325] pci 0000:3d:00.0: [1000:005d] type 00 class 0x010400
[    0.951440] pci 0000:3d:00.0: reg 0x10: [io  0x6000-0x60ff]
[    0.951554] pci 0000:3d:00.0: reg 0x14: [mem 0xadc00000-0xadc0ffff 64bit]
[    0.951669] pci 0000:3d:00.0: reg 0x1c: [mem 0xadb00000-0xadbfffff 64bit]
[    0.951790] pci 0000:3d:00.0: reg 0x30: [mem 0xfff00000-0xffffffff pref]
[    0.951897] pci 0000:3d:00.0: [Firmware Bug]: disabling VPD access (can't determine size of non-standard VPD format)
[    0.952028] pci 0000:3d:00.0: supports D1 D2
[    0.952168] pci 0000:3a:02.0: PCI bridge to [bus 3d]
[    0.952265] pci 0000:3a:02.0:   bridge window [io  0x6000-0x6fff]
[    0.952364] pci 0000:3a:02.0:   bridge window [mem 0xadb00000-0xadcfffff]
[    0.952485] pci_bus 0000:3a: on NUMA node 0
[    0.952587] ACPI: PCI Root Bridge [PC03] (domain 0000 [bus 5d-7f])
[    0.952688] acpi PNP0A08:03: _OSC: OS supports [ExtendedConfig ASPM ClockPM Segments MSI EDR HPX-Type3]
[    0.952866] acpi PNP0A08:03: _OSC: platform does not support [SHPCHotplug AER LTR DPC]
[    0.953081] acpi PNP0A08:03: _OSC: OS now controls [PCIeHotplug PME PCIeCapability]
[    0.953194] acpi PNP0A08:03: FADT indicates ASPM is unsupported, using BIOS configuration
[    0.953519] PCI host bridge to bus 0000:5d
[    0.953614] pci_bus 0000:5d: root bus resource [io  0x8000-0x9fff window]
[    0.953714] pci_bus 0000:5d: root bus resource [mem 0xb8800000-0xc5ffffff window]
[    0.953826] pci_bus 0000:5d: root bus resource [mem 0x383000000000-0x383fffffffff window]
[    0.953940] pci_bus 0000:5d: root bus resource [bus 5d-7f]
[    0.954018] pci 0000:5d:00.0: [8086:2030] type 01 class 0x060400
[    0.954196] pci 0000:5d:00.0: PME# supported from D0 D3hot D3cold
[    0.954787] pci 0000:5d:05.0: [8086:2034] type 00 class 0x088000
[    0.954980] pci 0000:5d:05.2: [8086:2035] type 00 class 0x088000
[    0.955094] pci 0000:5d:05.4: [8086:2036] type 00 class 0x080020
[    0.955208] pci 0000:5d:05.4: reg 0x10: [mem 0xbbb00000-0xbbb00fff]
[    0.955420] pci 0000:5d:0e.0: [8086:2058] type 00 class 0x110100
[    0.955615] pci 0000:5d:0e.1: [8086:2059] type 00 class 0x088000
[    0.955793] pci 0000:5d:0f.0: [8086:2058] type 00 class 0x110100
[    0.955985] pci 0000:5d:0f.1: [8086:2059] type 00 class 0x088000
[    0.956081] pci 0000:5d:10.0: [8086:2058] type 00 class 0x110100
[    0.956277] pci 0000:5d:10.1: [8086:2059] type 00 class 0x088000
[    0.956455] pci 0000:5d:12.0: [8086:204c] type 00 class 0x110100
[    0.956646] pci 0000:5d:12.1: [8086:204d] type 00 class 0x110100
[    0.956810] pci 0000:5d:12.2: [8086:204e] type 00 class 0x088000
[    0.956974] pci 0000:5d:12.4: [8086:204c] type 00 class 0x110100
[    0.957079] pci 0000:5d:12.5: [8086:204d] type 00 class 0x110100
[    0.957246] pci 0000:5d:15.0: [8086:2018] type 00 class 0x088000
[    0.957425] pci 0000:5d:15.1: [8086:2088] type 00 class 0x110100
[    0.957590] pci 0000:5d:16.0: [8086:2018] type 00 class 0x088000
[    0.957771] pci 0000:5d:16.1: [8086:2088] type 00 class 0x110100
[    0.957936] pci 0000:5d:16.4: [8086:2018] type 00 class 0x088000
[    0.958068] pci 0000:5d:16.5: [8086:2088] type 00 class 0x110100
[    0.958234] pci 0000:5d:17.0: [8086:2018] type 00 class 0x088000
[    0.958415] pci 0000:5d:17.1: [8086:2088] type 00 class 0x110100
[    0.958622] pci 0000:5e:00.0: [8086:158b] type 00 class 0x020000
[    0.958745] pci 0000:5e:00.0: reg 0x10: [mem 0xba000000-0xbaffffff 64bit pref]
[    0.958888] pci 0000:5e:00.0: reg 0x1c: [mem 0xbb808000-0xbb80ffff 64bit pref]
[    0.959024] pci 0000:5e:00.0: reg 0x30: [mem 0xfff80000-0xffffffff pref]
[    0.959173] pci 0000:5e:00.0: PME# supported from D0 D3hot D3cold
[    0.959298] pci 0000:5e:00.0: reg 0x184: [mem 0xbb400000-0xbb40ffff 64bit pref]
[    0.959411] pci 0000:5e:00.0: VF(n) BAR0 space: [mem 0xbb400000-0xbb7fffff 64bit pref] (contains BAR0 for 64 VFs)
[    0.959546] pci 0000:5e:00.0: reg 0x190: [mem 0xbb910000-0xbb913fff 64bit pref]
[    0.959658] pci 0000:5e:00.0: VF(n) BAR3 space: [mem 0xbb910000-0xbba0ffff 64bit pref] (contains BAR3 for 64 VFs)
[    0.959947] pci 0000:5e:00.1: [8086:158b] type 00 class 0x020000
[    0.960026] pci 0000:5e:00.1: reg 0x10: [mem 0xb9000000-0xb9ffffff 64bit pref]
[    0.960168] pci 0000:5e:00.1: reg 0x1c: [mem 0xbb800000-0xbb807fff 64bit pref]
[    0.960304] pci 0000:5e:00.1: reg 0x30: [mem 0xfff80000-0xffffffff pref]
[    0.960450] pci 0000:5e:00.1: PME# supported from D0 D3hot D3cold
[    0.960570] pci 0000:5e:00.1: reg 0x184: [mem 0xbb000000-0xbb00ffff 64bit pref]
[    0.960682] pci 0000:5e:00.1: VF(n) BAR0 space: [mem 0xbb000000-0xbb3fffff 64bit pref] (contains BAR0 for 64 VFs)
[    0.960816] pci 0000:5e:00.1: reg 0x190: [mem 0xbb810000-0xbb813fff 64bit pref]
[    0.960929] pci 0000:5e:00.1: VF(n) BAR3 space: [mem 0xbb810000-0xbb90ffff 64bit pref] (contains BAR3 for 64 VFs)
[    0.961166] pci 0000:5d:00.0: PCI bridge to [bus 5e-5f]
[    0.961267] pci 0000:5d:00.0:   bridge window [mem 0xb9000000-0xbbafffff 64bit pref]
[    0.961392] pci_bus 0000:5d: on NUMA node 0
[    0.961550] ACPI: PCI Root Bridge [PC06] (domain 0000 [bus 80-84])
[    0.961651] acpi PNP0A08:06: _OSC: OS supports [ExtendedConfig ASPM ClockPM Segments MSI EDR HPX-Type3]
[    0.961826] acpi PNP0A08:06: _OSC: platform does not support [SHPCHotplug AER LTR DPC]
[    0.962042] acpi PNP0A08:06: _OSC: OS now controls [PCIeHotplug PME PCIeCapability]
[    0.962155] acpi PNP0A08:06: FADT indicates ASPM is unsupported, using BIOS configuration
[    0.962306] acpi PNP0A08:06: host bridge window [io  0x0000 window] (ignored, not CPU addressable)
[    0.962521] PCI host bridge to bus 0000:80
[    0.962615] pci_bus 0000:80: root bus resource [mem 0xc6000000-0xd37fffff window]
[    0.962728] pci_bus 0000:80: root bus resource [mem 0x384000000000-0x384fffffffff window]
[    0.962842] pci_bus 0000:80: root bus resource [bus 80-84]
[    0.962960] pci 0000:80:05.0: [8086:2024] type 00 class 0x088000
[    0.963118] pci 0000:80:05.2: [8086:2025] type 00 class 0x088000
[    0.963316] pci 0000:80:05.4: [8086:2026] type 00 class 0x080020
[    0.963430] pci 0000:80:05.4: reg 0x10: [mem 0xc6000000-0xc6000fff]
[    0.963642] pci 0000:80:08.0: [8086:2014] type 00 class 0x088000
[    0.963839] pci 0000:80:08.1: [8086:2015] type 00 class 0x110100
[    0.964006] pci 0000:80:08.2: [8086:2016] type 00 class 0x088000
[    0.964189] pci_bus 0000:80: on NUMA node 1
[    0.964277] ACPI: PCI Root Bridge [PC07] (domain 0000 [bus 85-ad])
[    0.964377] acpi PNP0A08:07: _OSC: OS supports [ExtendedConfig ASPM ClockPM Segments MSI EDR HPX-Type3]
[    0.964551] acpi PNP0A08:07: _OSC: platform does not support [SHPCHotplug AER LTR DPC]
[    0.964764] acpi PNP0A08:07: _OSC: OS now controls [PCIeHotplug PME PCIeCapability]
[    0.964877] acpi PNP0A08:07: FADT indicates ASPM is unsupported, using BIOS configuration
[    0.965224] PCI host bridge to bus 0000:85
[    0.965320] pci_bus 0000:85: root bus resource [io  0xa000-0xbfff window]
[    0.965420] pci_bus 0000:85: root bus resource [mem 0xd3800000-0xe0ffffff window]
[    0.965533] pci_bus 0000:85: root bus resource [mem 0x385000000000-0x385fffffffff window]
[    0.965647] pci_bus 0000:85: root bus resource [bus 85-ad]
[    0.965763] pci 0000:85:02.0: [8086:2032] type 01 class 0x060400
[    0.965909] pci 0000:85:02.0: enabling Extended Tags
[    0.966038] pci 0000:85:02.0: PME# supported from D0 D3hot D3cold
[    0.966441] pci 0000:85:03.0: [8086:2033] type 01 class 0x060400
[    0.966588] pci 0000:85:03.0: enabling Extended Tags
[    0.966720] pci 0000:85:03.0: PME# supported from D0 D3hot D3cold
[    0.966897] pci 0000:85:05.0: [8086:2034] type 00 class 0x088000
[    0.967091] pci 0000:85:05.2: [8086:2035] type 00 class 0x088000
[    0.967284] pci 0000:85:05.4: [8086:2036] type 00 class 0x080020
[    0.967399] pci 0000:85:05.4: reg 0x10: [mem 0xd4000000-0xd4000fff]
[    0.967610] pci 0000:85:08.0: [8086:208d] type 00 class 0x088000
[    0.967793] pci 0000:85:08.1: [8086:208d] type 00 class 0x088000
[    0.967959] pci 0000:85:08.2: [8086:208d] type 00 class 0x088000
[    0.968067] pci 0000:85:08.3: [8086:208d] type 00 class 0x088000
[    0.968232] pci 0000:85:08.4: [8086:208d] type 00 class 0x088000
[    0.968398] pci 0000:85:08.5: [8086:208d] type 00 class 0x088000
[    0.968562] pci 0000:85:08.6: [8086:208d] type 00 class 0x088000
[    0.968727] pci 0000:85:08.7: [8086:208d] type 00 class 0x088000
[    0.968893] pci 0000:85:09.0: [8086:208d] type 00 class 0x088000
[    0.969076] pci 0000:85:09.1: [8086:208d] type 00 class 0x088000
[    0.969240] pci 0000:85:09.2: [8086:208d] type 00 class 0x088000
[    0.969405] pci 0000:85:09.3: [8086:208d] type 00 class 0x088000
[    0.969569] pci 0000:85:09.4: [8086:208d] type 00 class 0x088000
[    0.969734] pci 0000:85:09.5: [8086:208d] type 00 class 0x088000
[    0.969900] pci 0000:85:09.6: [8086:208d] type 00 class 0x088000
[    0.970065] pci 0000:85:09.7: [8086:208d] type 00 class 0x088000
[    0.970231] pci 0000:85:0a.0: [8086:208d] type 00 class 0x088000
[    0.970416] pci 0000:85:0a.1: [8086:208d] type 00 class 0x088000
[    0.971068] pci 0000:85:0a.2: [8086:208d] type 00 class 0x088000
[    0.971232] pci 0000:85:0a.3: [8086:208d] type 00 class 0x088000
[    0.971396] pci 0000:85:0a.4: [8086:208d] type 00 class 0x088000
[    0.971559] pci 0000:85:0a.5: [8086:208d] type 00 class 0x088000
[    0.971726] pci 0000:85:0a.6: [8086:208d] type 00 class 0x088000
[    0.971898] pci 0000:85:0a.7: [8086:208d] type 00 class 0x088000
[    0.972064] pci 0000:85:0b.0: [8086:208d] type 00 class 0x088000
[    0.972247] pci 0000:85:0b.1: [8086:208d] type 00 class 0x088000
[    0.972412] pci 0000:85:0b.2: [8086:208d] type 00 class 0x088000
[    0.972577] pci 0000:85:0b.3: [8086:208d] type 00 class 0x088000
[    0.972747] pci 0000:85:0e.0: [8086:208e] type 00 class 0x088000
[    0.972929] pci 0000:85:0e.1: [8086:208e] type 00 class 0x088000
[    0.973067] pci 0000:85:0e.2: [8086:208e] type 00 class 0x088000
[    0.973232] pci 0000:85:0e.3: [8086:208e] type 00 class 0x088000
[    0.973396] pci 0000:85:0e.4: [8086:208e] type 00 class 0x088000
[    0.973561] pci 0000:85:0e.5: [8086:208e] type 00 class 0x088000
[    0.973725] pci 0000:85:0e.6: [8086:208e] type 00 class 0x088000
[    0.973888] pci 0000:85:0e.7: [8086:208e] type 00 class 0x088000
[    0.974056] pci 0000:85:0f.0: [8086:208e] type 00 class 0x088000
[    0.974239] pci 0000:85:0f.1: [8086:208e] type 00 class 0x088000
[    0.974405] pci 0000:85:0f.2: [8086:208e] type 00 class 0x088000
[    0.974572] pci 0000:85:0f.3: [8086:208e] type 00 class 0x088000
[    0.974738] pci 0000:85:0f.4: [8086:208e] type 00 class 0x088000
[    0.974903] pci 0000:85:0f.5: [8086:208e] type 00 class 0x088000
[    0.975068] pci 0000:85:0f.6: [8086:208e] type 00 class 0x088000
[    0.975233] pci 0000:85:0f.7: [8086:208e] type 00 class 0x088000
[    0.975400] pci 0000:85:10.0: [8086:208e] type 00 class 0x088000
[    0.975582] pci 0000:85:10.1: [8086:208e] type 00 class 0x088000
[    0.975748] pci 0000:85:10.2: [8086:208e] type 00 class 0x088000
[    0.975913] pci 0000:85:10.3: [8086:208e] type 00 class 0x088000
[    0.976066] pci 0000:85:10.4: [8086:208e] type 00 class 0x088000
[    0.976230] pci 0000:85:10.5: [8086:208e] type 00 class 0x088000
[    0.976394] pci 0000:85:10.6: [8086:208e] type 00 class 0x088000
[    0.976558] pci 0000:85:10.7: [8086:208e] type 00 class 0x088000
[    0.976725] pci 0000:85:11.0: [8086:208e] type 00 class 0x088000
[    0.976908] pci 0000:85:11.1: [8086:208e] type 00 class 0x088000
[    0.977067] pci 0000:85:11.2: [8086:208e] type 00 class 0x088000
[    0.977233] pci 0000:85:11.3: [8086:208e] type 00 class 0x088000
[    0.977412] pci 0000:85:1d.0: [8086:2054] type 00 class 0x088000
[    0.977597] pci 0000:85:1d.1: [8086:2055] type 00 class 0x088000
[    0.977763] pci 0000:85:1d.2: [8086:2056] type 00 class 0x088000
[    0.977928] pci 0000:85:1d.3: [8086:2057] type 00 class 0x088000
[    0.978072] pci 0000:85:1e.0: [8086:2080] type 00 class 0x088000
[    0.978255] pci 0000:85:1e.1: [8086:2081] type 00 class 0x088000
[    0.978421] pci 0000:85:1e.2: [8086:2082] type 00 class 0x088000
[    0.978588] pci 0000:85:1e.3: [8086:2083] type 00 class 0x088000
[    0.978754] pci 0000:85:1e.4: [8086:2084] type 00 class 0x088000
[    0.978920] pci 0000:85:1e.5: [8086:2085] type 00 class 0x088000
[    0.979067] pci 0000:85:1e.6: [8086:2086] type 00 class 0x088000
[    0.979267] pci 0000:85:02.0: PCI bridge to [bus 86]
[    0.979366] pci 0000:85:02.0:   bridge window [mem 0xd3c00000-0xd3ffffff]
[    0.979501] pci 0000:85:03.0: PCI bridge to [bus 87]
[    0.979599] pci 0000:85:03.0:   bridge window [mem 0xd3800000-0xd3bfffff]
[    0.979722] pci_bus 0000:85: on NUMA node 1
[    0.979850] ACPI: PCI Root Bridge [PC08] (domain 0000 [bus ae-d6])
[    0.979950] acpi PNP0A08:08: _OSC: OS supports [ExtendedConfig ASPM ClockPM Segments MSI EDR HPX-Type3]
[    0.980063] acpi PNP0A08:08: _OSC: platform does not support [SHPCHotplug AER LTR DPC]
[    0.980277] acpi PNP0A08:08: _OSC: OS now controls [PCIeHotplug PME PCIeCapability]
[    0.980389] acpi PNP0A08:08: FADT indicates ASPM is unsupported, using BIOS configuration
[    0.980774] PCI host bridge to bus 0000:ae
[    0.980869] pci_bus 0000:ae: root bus resource [io  0xc000-0xdfff window]
[    0.980969] pci_bus 0000:ae: root bus resource [mem 0xe1000000-0xee7fffff window]
[    0.981001] pci_bus 0000:ae: root bus resource [mem 0x386000000000-0x386fffffffff window]
[    0.981115] pci_bus 0000:ae: root bus resource [bus ae-d6]
[    0.981230] pci 0000:ae:00.0: [8086:2030] type 01 class 0x060400
[    0.981409] pci 0000:ae:00.0: PME# supported from D0 D3hot D3cold
[    0.982024] pci 0000:ae:05.0: [8086:2034] type 00 class 0x088000
[    0.982219] pci 0000:ae:05.2: [8086:2035] type 00 class 0x088000
[    0.982412] pci 0000:ae:05.4: [8086:2036] type 00 class 0x080020
[    0.982527] pci 0000:ae:05.4: reg 0x10: [mem 0xe1100000-0xe1100fff]
[    0.982740] pci 0000:ae:08.0: [8086:2066] type 00 class 0x088000
[    0.982943] pci 0000:ae:09.0: [8086:2066] type 00 class 0x088000
[    0.983104] pci 0000:ae:0a.0: [8086:2040] type 00 class 0x088000
[    0.983303] pci 0000:ae:0a.1: [8086:2041] type 00 class 0x088000
[    0.983485] pci 0000:ae:0a.2: [8086:2042] type 00 class 0x088000
[    0.983665] pci 0000:ae:0a.3: [8086:2043] type 00 class 0x088000
[    0.983846] pci 0000:ae:0a.4: [8086:2044] type 00 class 0x088000
[    0.984026] pci 0000:ae:0a.5: [8086:2045] type 00 class 0x088000
[    0.984206] pci 0000:ae:0a.6: [8086:2046] type 00 class 0x088000
[    0.984386] pci 0000:ae:0a.7: [8086:2047] type 00 class 0x088000
[    0.984567] pci 0000:ae:0b.0: [8086:2048] type 00 class 0x088000
[    0.984765] pci 0000:ae:0b.1: [8086:2049] type 00 class 0x088000
[    0.984944] pci 0000:ae:0b.2: [8086:204a] type 00 class 0x088000
[    0.985084] pci 0000:ae:0b.3: [8086:204b] type 00 class 0x088000
[    0.985266] pci 0000:ae:0c.0: [8086:2040] type 00 class 0x088000
[    0.985467] pci 0000:ae:0c.1: [8086:2041] type 00 class 0x088000
[    0.985650] pci 0000:ae:0c.2: [8086:2042] type 00 class 0x088000
[    0.985832] pci 0000:ae:0c.3: [8086:2043] type 00 class 0x088000
[    0.986013] pci 0000:ae:0c.4: [8086:2044] type 00 class 0x088000
[    0.986196] pci 0000:ae:0c.5: [8086:2045] type 00 class 0x088000
[    0.986379] pci 0000:ae:0c.6: [8086:2046] type 00 class 0x088000
[    0.986563] pci 0000:ae:0c.7: [8086:2047] type 00 class 0x088000
[    0.986745] pci 0000:ae:0d.0: [8086:2048] type 00 class 0x088000
[    0.986945] pci 0000:ae:0d.1: [8086:2049] type 00 class 0x088000
[    0.987085] pci 0000:ae:0d.2: [8086:204a] type 00 class 0x088000
[    0.987267] pci 0000:ae:0d.3: [8086:204b] type 00 class 0x088000
[    0.987509] pci 0000:af:00.0: [1f56:0030] type 00 class 0x120000
[    0.987628] pci 0000:af:00.0: reg 0x10: [mem 0xe1040000-0xe104ffff]
[    0.987758] pci 0000:af:00.0: reg 0x18: [mem 0x386ff8000000-0x386ff9ffffff 64bit pref]
[    0.987890] pci 0000:af:00.0: reg 0x20: [mem 0x386fe0000000-0x386fe7ffffff 64bit pref]
[    0.988013] pci 0000:af:00.0: reg 0x30: [mem 0xffff0000-0xffffffff pref]
[    0.988192] pci 0000:af:00.0: supports D1 D2
[    0.988287] pci 0000:af:00.0: PME# supported from D0 D1 D3hot D3cold
[    0.988417] pci 0000:af:00.0: reg 0x270: [mem 0xe1000000-0xe100ffff 64bit]
[    0.988517] pci 0000:af:00.0: VF(n) BAR0 space: [mem 0xe1000000-0xe103ffff 64bit] (contains BAR0 for 4 VFs)
[    0.988644] pci 0000:af:00.0: reg 0x278: [mem 0x386ff0000000-0x386ff1ffffff 64bit pref]
[    0.988759] pci 0000:af:00.0: VF(n) BAR2 space: [mem 0x386ff0000000-0x386ff7ffffff 64bit pref] (contains BAR2 for 4 VFs)
[    0.988887] pci 0000:af:00.0: reg 0x280: [mem 0x386fe8000000-0x386fe9ffffff 64bit pref]
[    0.989000] pci 0000:af:00.0: VF(n) BAR4 space: [mem 0x386fe8000000-0x386fefffffff 64bit pref] (contains BAR4 for 4 VFs)
[    0.989176] pci 0000:af:00.0: 126.016 Gb/s available PCIe bandwidth, limited by 8.0 GT/s PCIe x16 link at 0000:ae:00.0 (capable of 504.112 Gb/s with 32.0 GT/s PCIe x16 link)
[    0.989363] pci 0000:ae:00.0: PCI bridge to [bus af-b0]
[    0.989463] pci 0000:ae:00.0:   bridge window [mem 0xe1000000-0xe10fffff]
[    0.989564] pci 0000:ae:00.0:   bridge window [mem 0x386fe0000000-0x386ff9ffffff 64bit pref]
[    0.989690] pci_bus 0000:ae: on NUMA node 1
[    0.989791] ACPI: PCI Root Bridge [PC09] (domain 0000 [bus d7-ff])
[    0.989891] acpi PNP0A08:09: _OSC: OS supports [ExtendedConfig ASPM ClockPM Segments MSI EDR HPX-Type3]
[    0.990063] acpi PNP0A08:09: _OSC: platform does not support [SHPCHotplug AER LTR DPC]
[    0.990278] acpi PNP0A08:09: _OSC: OS now controls [PCIeHotplug PME PCIeCapability]
[    0.990391] acpi PNP0A08:09: FADT indicates ASPM is unsupported, using BIOS configuration
[    0.990628] PCI host bridge to bus 0000:d7
[    0.990723] pci_bus 0000:d7: root bus resource [io  0xe000-0xffff window]
[    0.990823] pci_bus 0000:d7: root bus resource [mem 0xee800000-0xfbffffff window]
[    0.990936] pci_bus 0000:d7: root bus resource [mem 0x387000000000-0x387fffffffff window]
[    0.991001] pci_bus 0000:d7: root bus resource [bus d7-ff]
[    0.991111] pci 0000:d7:05.0: [8086:2034] type 00 class 0x088000
[    0.991315] pci 0000:d7:05.2: [8086:2035] type 00 class 0x088000
[    0.991514] pci 0000:d7:05.4: [8086:2036] type 00 class 0x080020
[    0.991630] pci 0000:d7:05.4: reg 0x10: [mem 0xee800000-0xee800fff]
[    0.991847] pci 0000:d7:0e.0: [8086:2058] type 00 class 0x110100
[    0.992050] pci 0000:d7:0e.1: [8086:2059] type 00 class 0x088000
[    0.992235] pci 0000:d7:0f.0: [8086:2058] type 00 class 0x110100
[    0.992434] pci 0000:d7:0f.1: [8086:2059] type 00 class 0x088000
[    0.992627] pci 0000:d7:10.0: [8086:2058] type 00 class 0x110100
[    0.992827] pci 0000:d7:10.1: [8086:2059] type 00 class 0x088000
[    0.993011] pci 0000:d7:12.0: [8086:204c] type 00 class 0x110100
[    0.993209] pci 0000:d7:12.1: [8086:204d] type 00 class 0x110100
[    0.993376] pci 0000:d7:12.2: [8086:204e] type 00 class 0x088000
[    0.993545] pci 0000:d7:12.4: [8086:204c] type 00 class 0x110100
[    0.993726] pci 0000:d7:12.5: [8086:204d] type 00 class 0x110100
[    0.993895] pci 0000:d7:15.0: [8086:2018] type 00 class 0x088000
[    0.994078] pci 0000:d7:15.1: [8086:2088] type 00 class 0x110100
[    0.994250] pci 0000:d7:16.0: [8086:2018] type 00 class 0x088000
[    0.994435] pci 0000:d7:16.1: [8086:2088] type 00 class 0x110100
[    0.994602] pci 0000:d7:16.4: [8086:2018] type 00 class 0x088000
[    0.994768] pci 0000:d7:16.5: [8086:2088] type 00 class 0x110100
[    0.994935] pci 0000:d7:17.0: [8086:2018] type 00 class 0x088000
[    0.995087] pci 0000:d7:17.1: [8086:2088] type 00 class 0x110100
[    0.995258] pci_bus 0000:d7: on NUMA node 1
[    0.995960] iommu: Default domain type: Passthrough (set via kernel command line)
[    0.996180] SCSI subsystem initialized
[    0.996296] ACPI: bus type USB registered
[    0.996406] usbcore: registered new interface driver usbfs
[    0.996509] usbcore: registered new interface driver hub
[    0.996652] usbcore: registered new device driver usb
[    0.996775] pps_core: LinuxPPS API ver. 1 registered
[    0.996871] pps_core: Software ver. 5.3.6 - Copyright 2005-2007 Rodolfo Giometti <giometti@linux.it>
[    0.996987] PTP clock support registered
[    0.997105] EDAC MC: Ver: 3.0.0
[    0.997513] PCI: Using ACPI for IRQ routing
[    1.001311] PCI: pci_cache_line_size set to 64 bytes
[    1.001605] Expanded resource Reserved due to conflict with PNP0003:00
[    1.001705] e820: reserve RAM buffer [mem 0x0009c000-0x0009ffff]
[    1.001709] e820: reserve RAM buffer [mem 0x4ff58000-0x4fffffff]
[    1.001710] e820: reserve RAM buffer [mem 0x5051d000-0x53ffffff]
[    1.001711] e820: reserve RAM buffer [mem 0x68bff000-0x6bffffff]
[    1.002165] NetLabel: Initializing
[    1.002260] NetLabel:  domain hash size = 128
[    1.002355] NetLabel:  protocols = UNLABELED CIPSOv4 CALIPSO
[    1.002467] NetLabel:  unlabeled traffic allowed by default
[    1.002575] pci 0000:03:00.0: vgaarb: setting as boot VGA device
[    1.002575] pci 0000:03:00.0: vgaarb: VGA device added: decodes=io+mem,owns=io+mem,locks=none
[    1.002575] pci 0000:03:00.0: vgaarb: bridge control possible
[    1.002575] vgaarb: loaded
[    1.003101] hpet0: at MMIO 0xfed00000, IRQs 2, 8, 0, 0, 0, 0, 0, 0
[    1.003205] hpet0: 8 comparators, 64-bit 24.000000 MHz counter
[    1.005170] clocksource: Switched to clocksource tsc-early
[    1.021896] VFS: Disk quotas dquot_6.6.0
[    1.022091] VFS: Dquot-cache hash table entries: 512 (order 0, 4096 bytes)
[    1.022521] pnp: PnP ACPI init
[    1.023249] pnp 00:00: Plug and Play ACPI device, IDs PNP0b00 (active)
[    1.023448] system 00:01: [io  0x0500-0x05fe] has been reserved
[    1.023548] system 00:01: [io  0x0400-0x047f] has been reserved
[    1.023647] system 00:01: [io  0x0600-0x061f] has been reserved
[    1.023745] system 00:01: [io  0x0ca0-0x0ca5] has been reserved
[    1.023844] system 00:01: [io  0x0880-0x0883] has been reserved
[    1.023942] system 00:01: [io  0x0800-0x081f] has been reserved
[    1.024047] system 00:01: [mem 0xfed1c000-0xfed3ffff] has been reserved
[    1.024147] system 00:01: [mem 0xfed45000-0xfed8bfff] has been reserved
[    1.024247] system 00:01: [mem 0xff000000-0xffffffff] has been reserved
[    1.024346] system 00:01: [mem 0xfee00000-0xfeefffff] has been reserved
[    1.024445] system 00:01: [mem 0xfed12000-0xfed1200f] has been reserved
[    1.024544] system 00:01: [mem 0xfed12010-0xfed1201f] has been reserved
[    1.024644] system 00:01: [mem 0xfed1b000-0xfed1bfff] has been reserved
[    1.024747] system 00:01: Plug and Play ACPI device, IDs PNP0c02 (active)
[    1.024954] pnp 00:02: Plug and Play ACPI device, IDs PNP0501 (active)
[    1.025126] pnp 00:03: Plug and Play ACPI device, IDs PNP0501 (active)
[    1.025312] system 00:04: [mem 0xfd000000-0xfdabffff] has been reserved
[    1.025412] system 00:04: [mem 0xfdad0000-0xfdadffff] has been reserved
[    1.025511] system 00:04: [mem 0xfdb00000-0xfdffffff] has been reserved
[    1.025610] system 00:04: [mem 0xfe000000-0xfe00ffff] has been reserved
[    1.025709] system 00:04: [mem 0xfe011000-0xfe01ffff] has been reserved
[    1.025808] system 00:04: [mem 0xfe036000-0xfe03bfff] has been reserved
[    1.025907] system 00:04: [mem 0xfe03d000-0xfe3fffff] has been reserved
[    1.026010] system 00:04: [mem 0xfe410000-0xfe7fffff] has been reserved
[    1.026111] system 00:04: Plug and Play ACPI device, IDs PNP0c02 (active)
[    1.026458] system 00:05: [io  0x1000-0x10fe] has been reserved
[    1.026558] system 00:05: Plug and Play ACPI device, IDs PNP0c02 (active)
[    1.027197] pnp: PnP ACPI: found 6 devices
[    1.032883] clocksource: acpi_pm: mask: 0xffffff max_cycles: 0xffffff, max_idle_ns: 2085701024 ns
[    1.033028] pci 0000:04:00.0: can't claim BAR 6 [mem 0xfffc0000-0xffffffff pref]: no compatible bridge window
[    1.033145] pci 0000:04:00.1: can't claim BAR 6 [mem 0xfffc0000-0xffffffff pref]: no compatible bridge window
[    1.033264] pci 0000:3b:00.0: can't claim BAR 6 [mem 0xfff80000-0xffffffff pref]: no compatible bridge window
[    1.033381] pci 0000:3b:00.1: can't claim BAR 6 [mem 0xfff80000-0xffffffff pref]: no compatible bridge window
[    1.033498] pci 0000:3d:00.0: can't claim BAR 6 [mem 0xfff00000-0xffffffff pref]: no compatible bridge window
[    1.033615] pci 0000:5e:00.0: can't claim BAR 6 [mem 0xfff80000-0xffffffff pref]: no compatible bridge window
[    1.033732] pci 0000:5e:00.1: can't claim BAR 6 [mem 0xfff80000-0xffffffff pref]: no compatible bridge window
[    1.033852] pci 0000:af:00.0: can't claim BAR 6 [mem 0xffff0000-0xffffffff pref]: no compatible bridge window
[    1.033971] pci 0000:00:1c.0: bridge window [io  0x1000-0x0fff] to [bus 01] add_size 1000
[    1.034088] pci 0000:00:1c.0: bridge window [mem 0x00100000-0x000fffff 64bit pref] to [bus 01] add_size 200000 add_align 100000
[    1.034217] pci 0000:00:1c.0: BAR 15: assigned [mem 0x380000000000-0x3800001fffff 64bit pref]
[    1.034333] pci 0000:00:1c.5: BAR 14: assigned [mem 0x90000000-0x900fffff]
[    1.034434] pci 0000:00:1c.0: BAR 13: assigned [io  0x3000-0x3fff]
[    1.034534] pci 0000:00:1c.0: PCI bridge to [bus 01]
[    1.034631] pci 0000:00:1c.0:   bridge window [io  0x3000-0x3fff]
[    1.034736] pci 0000:00:1c.0:   bridge window [mem 0x92a00000-0x92dfffff]
[    1.034840] pci 0000:00:1c.0:   bridge window [mem 0x380000000000-0x3800001fffff 64bit pref]
[    1.034965] pci 0000:02:00.0: PCI bridge to [bus 03]
[    1.035071] pci 0000:02:00.0:   bridge window [mem 0x92000000-0x928fffff]
[    1.035176] pci 0000:02:00.0:   bridge window [mem 0x91000000-0x91ffffff 64bit pref]
[    1.035300] pci 0000:00:1c.4: PCI bridge to [bus 02-03]
[    1.035405] pci 0000:00:1c.4:   bridge window [mem 0x92000000-0x928fffff]
[    1.035508] pci 0000:00:1c.4:   bridge window [mem 0x91000000-0x91ffffff 64bit pref]
[    1.035632] pci 0000:04:00.0: BAR 6: assigned [mem 0x90000000-0x9003ffff pref]
[    1.035745] pci 0000:04:00.1: BAR 6: assigned [mem 0x90040000-0x9007ffff pref]
[    1.035857] pci 0000:00:1c.5: PCI bridge to [bus 04]
[    1.035961] pci 0000:00:1c.5:   bridge window [mem 0x90000000-0x900fffff]
[    1.036066] pci 0000:00:1c.5:   bridge window [mem 0x92e00000-0x92efffff 64bit pref]
[    1.036189] pci_bus 0000:00: resource 4 [io  0x0000-0x0cf7 window]
[    1.036288] pci_bus 0000:00: resource 5 [io  0x1000-0x3fff window]
[    1.036386] pci_bus 0000:00: resource 6 [mem 0x000a0000-0x000bffff window]
[    1.036486] pci_bus 0000:00: resource 7 [mem 0x000c4000-0x000c7fff window]
[    1.036585] pci_bus 0000:00: resource 8 [mem 0xfe010000-0xfe010fff window]
[    1.036684] pci_bus 0000:00: resource 9 [mem 0x90000000-0x9d7fffff window]
[    1.036783] pci_bus 0000:00: resource 10 [mem 0x380000000000-0x380fffffffff window]
[    1.036897] pci_bus 0000:01: resource 0 [io  0x3000-0x3fff]
[    1.036994] pci_bus 0000:01: resource 1 [mem 0x92a00000-0x92dfffff]
[    1.037094] pci_bus 0000:01: resource 2 [mem 0x380000000000-0x3800001fffff 64bit pref]
[    1.037207] pci_bus 0000:02: resource 1 [mem 0x92000000-0x928fffff]
[    1.037306] pci_bus 0000:02: resource 2 [mem 0x91000000-0x91ffffff 64bit pref]
[    1.037418] pci_bus 0000:03: resource 1 [mem 0x92000000-0x928fffff]
[    1.037516] pci_bus 0000:03: resource 2 [mem 0x91000000-0x91ffffff 64bit pref]
[    1.037628] pci_bus 0000:04: resource 1 [mem 0x90000000-0x900fffff]
[    1.037726] pci_bus 0000:04: resource 2 [mem 0x92e00000-0x92efffff 64bit pref]
[    1.037925] pci 0000:17:02.0: bridge window [io  0x1000-0x0fff] to [bus 18] add_size 1000
[    1.038040] pci 0000:17:02.0: bridge window [mem 0x00100000-0x000fffff 64bit pref] to [bus 18] add_size 200000 add_align 100000
[    1.038160] pci 0000:17:03.0: bridge window [io  0x1000-0x0fff] to [bus 19] add_size 1000
[    1.038274] pci 0000:17:03.0: bridge window [mem 0x00100000-0x000fffff 64bit pref] to [bus 19] add_size 200000 add_align 100000
[    1.038404] pci 0000:17:02.0: BAR 15: assigned [mem 0x381000000000-0x3810001fffff 64bit pref]
[    1.038519] pci 0000:17:03.0: BAR 15: assigned [mem 0x381000200000-0x3810003fffff 64bit pref]
[    1.038633] pci 0000:17:02.0: BAR 13: assigned [io  0x4000-0x4fff]
[    1.038731] pci 0000:17:03.0: BAR 13: assigned [io  0x5000-0x5fff]
[    1.038830] pci 0000:17:02.0: PCI bridge to [bus 18]
[    1.038926] pci 0000:17:02.0:   bridge window [io  0x4000-0x4fff]
[    1.039032] pci 0000:17:02.0:   bridge window [mem 0x9dc00000-0x9dffffff]
[    1.039136] pci 0000:17:02.0:   bridge window [mem 0x381000000000-0x3810001fffff 64bit pref]
[    1.039258] pci 0000:17:03.0: PCI bridge to [bus 19]
[    1.039355] pci 0000:17:03.0:   bridge window [io  0x5000-0x5fff]
[    1.039459] pci 0000:17:03.0:   bridge window [mem 0x9d800000-0x9dbfffff]
[    1.039562] pci 0000:17:03.0:   bridge window [mem 0x381000200000-0x3810003fffff 64bit pref]
[    1.039687] pci_bus 0000:17: resource 4 [io  0x4000-0x5fff window]
[    1.039785] pci_bus 0000:17: resource 5 [mem 0x9d800000-0xaaffffff window]
[    1.039884] pci_bus 0000:17: resource 6 [mem 0x381000000000-0x381fffffffff window]
[    1.039996] pci_bus 0000:18: resource 0 [io  0x4000-0x4fff]
[    1.040096] pci_bus 0000:18: resource 1 [mem 0x9dc00000-0x9dffffff]
[    1.040195] pci_bus 0000:18: resource 2 [mem 0x381000000000-0x3810001fffff 64bit pref]
[    1.040308] pci_bus 0000:19: resource 0 [io  0x5000-0x5fff]
[    1.040406] pci_bus 0000:19: resource 1 [mem 0x9d800000-0x9dbfffff]
[    1.040504] pci_bus 0000:19: resource 2 [mem 0x381000200000-0x3810003fffff 64bit pref]
[    1.040638] pci 0000:3a:00.0: BAR 14: assigned [mem 0xade00000-0xadefffff]
[    1.040738] pci 0000:3b:00.0: BAR 6: assigned [mem 0xade00000-0xade7ffff pref]
[    1.040851] pci 0000:3b:00.1: BAR 6: assigned [mem 0xade80000-0xadefffff pref]
[    1.040964] pci 0000:3a:00.0: PCI bridge to [bus 3b-3c]
[    1.041069] pci 0000:3a:00.0:   bridge window [mem 0xade00000-0xadefffff]
[    1.041173] pci 0000:3a:00.0:   bridge window [mem 0xab000000-0xadafffff 64bit pref]
[    1.041295] pci 0000:3d:00.0: BAR 6: no space for [mem size 0x00100000 pref]
[    1.041396] pci 0000:3d:00.0: BAR 6: failed to assign [mem size 0x00100000 pref]
[    1.041508] pci 0000:3a:02.0: PCI bridge to [bus 3d]
[    1.041605] pci 0000:3a:02.0:   bridge window [io  0x6000-0x6fff]
[    1.041709] pci 0000:3a:02.0:   bridge window [mem 0xadb00000-0xadcfffff]
[    1.041823] pci_bus 0000:3a: resource 4 [io  0x6000-0x7fff window]
[    1.041921] pci_bus 0000:3a: resource 5 [mem 0xab000000-0xb87fffff window]
[    1.042023] pci_bus 0000:3a: resource 6 [mem 0x382000000000-0x382fffffffff window]
[    1.042136] pci_bus 0000:3b: resource 1 [mem 0xade00000-0xadefffff]
[    1.042234] pci_bus 0000:3b: resource 2 [mem 0xab000000-0xadafffff 64bit pref]
[    1.042347] pci_bus 0000:3d: resource 0 [io  0x6000-0x6fff]
[    1.042444] pci_bus 0000:3d: resource 1 [mem 0xadb00000-0xadcfffff]
[    1.042552] pci 0000:5d:00.0: BAR 14: assigned [mem 0xb8800000-0xb88fffff]
[    1.042652] pci 0000:5e:00.0: BAR 6: assigned [mem 0xb8800000-0xb887ffff pref]
[    1.042764] pci 0000:5e:00.1: BAR 6: assigned [mem 0xb8880000-0xb88fffff pref]
[    1.042877] pci 0000:5d:00.0: PCI bridge to [bus 5e-5f]
[    1.042980] pci 0000:5d:00.0:   bridge window [mem 0xb8800000-0xb88fffff]
[    1.043085] pci 0000:5d:00.0:   bridge window [mem 0xb9000000-0xbbafffff 64bit pref]
[    1.043208] pci_bus 0000:5d: resource 4 [io  0x8000-0x9fff window]
[    1.043306] pci_bus 0000:5d: resource 5 [mem 0xb8800000-0xc5ffffff window]
[    1.043405] pci_bus 0000:5d: resource 6 [mem 0x383000000000-0x383fffffffff window]
[    1.049217] pci_bus 0000:5e: resource 1 [mem 0xb8800000-0xb88fffff]
[    1.049315] pci_bus 0000:5e: resource 2 [mem 0xb9000000-0xbbafffff 64bit pref]
[    1.049434] pci_bus 0000:80: resource 4 [mem 0xc6000000-0xd37fffff window]
[    1.049533] pci_bus 0000:80: resource 5 [mem 0x384000000000-0x384fffffffff window]
[    1.049652] pci 0000:85:02.0: bridge window [io  0x1000-0x0fff] to [bus 86] add_size 1000
[    1.049766] pci 0000:85:02.0: bridge window [mem 0x00100000-0x000fffff 64bit pref] to [bus 86] add_size 200000 add_align 100000
[    1.049885] pci 0000:85:03.0: bridge window [io  0x1000-0x0fff] to [bus 87] add_size 1000
[    1.049999] pci 0000:85:03.0: bridge window [mem 0x00100000-0x000fffff 64bit pref] to [bus 87] add_size 200000 add_align 100000
[    1.050128] pci 0000:85:02.0: BAR 15: assigned [mem 0x385000000000-0x3850001fffff 64bit pref]
[    1.050243] pci 0000:85:03.0: BAR 15: assigned [mem 0x385000200000-0x3850003fffff 64bit pref]
[    1.050357] pci 0000:85:02.0: BAR 13: assigned [io  0xa000-0xafff]
[    1.050456] pci 0000:85:03.0: BAR 13: assigned [io  0xb000-0xbfff]
[    1.050554] pci 0000:85:02.0: PCI bridge to [bus 86]
[    1.050651] pci 0000:85:02.0:   bridge window [io  0xa000-0xafff]
[    1.050755] pci 0000:85:02.0:   bridge window [mem 0xd3c00000-0xd3ffffff]
[    1.050859] pci 0000:85:02.0:   bridge window [mem 0x385000000000-0x3850001fffff 64bit pref]
[    1.050982] pci 0000:85:03.0: PCI bridge to [bus 87]
[    1.051080] pci 0000:85:03.0:   bridge window [io  0xb000-0xbfff]
[    1.051184] pci 0000:85:03.0:   bridge window [mem 0xd3800000-0xd3bfffff]
[    1.051288] pci 0000:85:03.0:   bridge window [mem 0x385000200000-0x3850003fffff 64bit pref]
[    1.051412] pci_bus 0000:85: resource 4 [io  0xa000-0xbfff window]
[    1.051510] pci_bus 0000:85: resource 5 [mem 0xd3800000-0xe0ffffff window]
[    1.051609] pci_bus 0000:85: resource 6 [mem 0x385000000000-0x385fffffffff window]
[    1.051722] pci_bus 0000:86: resource 0 [io  0xa000-0xafff]
[    1.051819] pci_bus 0000:86: resource 1 [mem 0xd3c00000-0xd3ffffff]
[    1.051918] pci_bus 0000:86: resource 2 [mem 0x385000000000-0x3850001fffff 64bit pref]
[    1.052032] pci_bus 0000:87: resource 0 [io  0xb000-0xbfff]
[    1.052129] pci_bus 0000:87: resource 1 [mem 0xd3800000-0xd3bfffff]
[    1.052227] pci_bus 0000:87: resource 2 [mem 0x385000200000-0x3850003fffff 64bit pref]
[    1.052354] pci 0000:af:00.0: BAR 6: assigned [mem 0xe1050000-0xe105ffff pref]
[    1.052466] pci 0000:ae:00.0: PCI bridge to [bus af-b0]
[    1.052569] pci 0000:ae:00.0:   bridge window [mem 0xe1000000-0xe10fffff]
[    1.052673] pci 0000:ae:00.0:   bridge window [mem 0x386fe0000000-0x386ff9ffffff 64bit pref]
[    1.052796] pci_bus 0000:ae: resource 4 [io  0xc000-0xdfff window]
[    1.052895] pci_bus 0000:ae: resource 5 [mem 0xe1000000-0xee7fffff window]
[    1.052994] pci_bus 0000:ae: resource 6 [mem 0x386000000000-0x386fffffffff window]
[    1.053109] pci_bus 0000:af: resource 1 [mem 0xe1000000-0xe10fffff]
[    1.053207] pci_bus 0000:af: resource 2 [mem 0x386fe0000000-0x386ff9ffffff 64bit pref]
[    1.053329] pci_bus 0000:d7: resource 4 [io  0xe000-0xffff window]
[    1.053428] pci_bus 0000:d7: resource 5 [mem 0xee800000-0xfbffffff window]
[    1.053527] pci_bus 0000:d7: resource 6 [mem 0x387000000000-0x387fffffffff window]
[    1.053745] NET: Registered protocol family 2
[    1.054520] IP idents hash table entries: 262144 (order: 9, 2097152 bytes, vmalloc)
[    1.056881] tcp_listen_portaddr_hash hash table entries: 65536 (order: 8, 1048576 bytes, vmalloc)
